Archive member included to satisfy reference by file (symbol)

/optee/optee_os/out/arm/export-ta_arm32/lib/libutils.a(bget_malloc.o)
                              ./ta2.o (malloc)
/optee/optee_os/out/arm/export-ta_arm32/lib/libutils.a(memcmp.o)
                              ./spongent.o (memcmp)
/optee/optee_os/out/arm/export-ta_arm32/lib/libutils.a(memcpy.o)
                              ./ta2.o (memcpy)
/optee/optee_os/out/arm/export-ta_arm32/lib/libutils.a(memset.o)
                              ./spongent.o (memset)
/optee/optee_os/out/arm/export-ta_arm32/lib/libutils.a(trace.o)
                              ./ta2.o (trace_printf)
/optee/optee_os/out/arm/export-ta_arm32/lib/libutils.a(aeabi_unwind.o)
                              ./ta2.o (__aeabi_unwind_cpp_pr0)
/optee/optee_os/out/arm/export-ta_arm32/lib/libutils.a(snprintk.o)
                              /optee/optee_os/out/arm/export-ta_arm32/lib/libutils.a(trace.o) (snprintk)
/optee/optee_os/out/arm/export-ta_arm32/lib/libutils.a(memchr.o)
                              /optee/optee_os/out/arm/export-ta_arm32/lib/libutils.a(snprintk.o) (memchr)
/optee/optee_os/out/arm/export-ta_arm32/lib/libutils.a(strlen.o)
                              /optee/optee_os/out/arm/export-ta_arm32/lib/libutils.a(snprintk.o) (strlen)
/optee/optee_os/out/arm/export-ta_arm32/lib/libutils.a(arm32_aeabi_ldivmod_a32.o)
                              /optee/optee_os/out/arm/export-ta_arm32/lib/libutils.a(snprintk.o) (__aeabi_uldivmod)
/optee/optee_os/out/arm/export-ta_arm32/lib/libutils.a(arm32_aeabi_ldivmod.o)
                              /optee/optee_os/out/arm/export-ta_arm32/lib/libutils.a(arm32_aeabi_ldivmod_a32.o) (__ul_divmod)
/optee/optee_os/out/arm/export-ta_arm32/lib/libutee.a(assert.o)
                              /optee/optee_os/out/arm/export-ta_arm32/lib/libutils.a(bget_malloc.o) (_assert_log)
/optee/optee_os/out/arm/export-ta_arm32/lib/libutee.a(trace_ext.o)
                              /optee/optee_os/out/arm/export-ta_arm32/lib/libutils.a(trace.o) (trace_ext_puts)
/optee/optee_os/out/arm/export-ta_arm32/lib/libutee.a(tee_api.o)
                              ./ta2.o (TEE_OpenTASession)
/optee/optee_os/out/arm/export-ta_arm32/lib/libutee.a(tee_api_objects.o)
                              ./ta2.o (TEE_AllocateTransientObject)
/optee/optee_os/out/arm/export-ta_arm32/lib/libutee.a(tee_api_operations.o)
                              ./ta2.o (TEE_AllocateOperation)
/optee/optee_os/out/arm/export-ta_arm32/lib/libutee.a(tee_api_panic.o)
                              /optee/optee_os/out/arm/export-ta_arm32/lib/libutee.a(tee_api.o) (TEE_Panic)
/optee/optee_os/out/arm/export-ta_arm32/lib/libutee.a(tee_system_pta.o)
                              /optee/optee_os/out/arm/export-ta_arm32/lib/libutee.a(tee_api.o) (tee_map_zi)
/optee/optee_os/out/arm/export-ta_arm32/lib/libutee.a(utee_syscalls_a32.o)
                              /optee/optee_os/out/arm/export-ta_arm32/lib/libutee.a(assert.o) (_utee_panic)
/optee/optee_os/out/arm/export-ta_arm32/lib/libutee.a(user_ta_entry.o)
                              ./user_ta_header.o (__utee_entry)
/optee/optee_os/out/arm/export-ta_arm32/lib/libutee.a(abort.o)
                              /optee/optee_os/out/arm/export-ta_arm32/lib/libutee.a(user_ta_entry.o) (abort)
/optee/optee_os/out/arm/export-ta_arm32/lib/libutee.a(tee_api_arith_mpi.o)
                              /optee/optee_os/out/arm/export-ta_arm32/lib/libutee.a(user_ta_entry.o) (_TEE_MathAPI_Init)
/optee/optee_os/out/arm/export-ta_arm32/lib/libutee.a(tcb.o)
                              /optee/optee_os/out/arm/export-ta_arm32/lib/libutee.a(user_ta_entry.o) (__utee_tcb_init)
/optee/optee_os/out/arm/export-ta_arm32/lib/libmbedtls.a(bignum.o)
                              /optee/optee_os/out/arm/export-ta_arm32/lib/libutee.a(tee_api_arith_mpi.o) (mbedtls_mpi_mempool)
/optee/optee_os/out/arm/export-ta_arm32/lib/libmbedtls.a(platform_util.o)
                              /optee/optee_os/out/arm/export-ta_arm32/lib/libmbedtls.a(bignum.o) (mbedtls_platform_zeroize)
/optee/optee_os/out/arm/export-ta_arm32/lib/libutils.a(snprintf.o)
                              /optee/optee_os/out/arm/export-ta_arm32/lib/libutee.a(trace_ext.o) (vsnprintf)
/optee/optee_os/out/arm/export-ta_arm32/lib/libutils.a(memmove.o)
                              /optee/optee_os/out/arm/export-ta_arm32/lib/libutee.a(tee_api.o) (memmove)
/optee/optee_os/out/arm/export-ta_arm32/lib/libutils.a(mempool.o)
                              /optee/optee_os/out/arm/export-ta_arm32/lib/libutee.a(tee_api_arith_mpi.o) (mempool_alloc_pool)
/optee/optee_os/out/arm/export-ta_arm32/lib/libutils.a(consttime_memcmp.o)
                              /optee/optee_os/out/arm/export-ta_arm32/lib/libutee.a(tee_api.o) (consttime_memcmp)

Discarded input sections

 .group         0x0000000000000000        0xc ./ta2.o
 .group         0x0000000000000000        0xc ./ta2.o
 .group         0x0000000000000000        0xc ./ta2.o
[...]
Memory Configuration

Name             Origin             Length             Attributes
*default*        0x0000000000000000 0xffffffffffffffff

Linker script and memory map


.ta_head        0x0000000000000000       0x20
 *(SORT_BY_ALIGNMENT(.ta_head))
 .ta_head       0x0000000000000000       0x20 ./user_ta_header.o
                0x0000000000000000                ta_head

.text           0x0000000000000020    0x14b18
                0x0000000000000020                __text_start = .
 *(SORT_BY_ALIGNMENT(.text) SORT_BY_ALIGNMENT(.text.*))
 .text          0x0000000000000020     0x1284 ./ta2.o
                0x0000000000000020                malloc_aligned
                0x0000000000000048                connections_add
                0x00000000000000e4                connections_get
                0x000000000000016c                find_connections
                0x0000000000000cc0                input
                0x0000000000000cec                handle_input
                0x0000000000001070                TA_CreateEntryPoint
                0x00000000000010a4                TA_DestroyEntryPoint
                0x00000000000010d4                TA_OpenSessionEntryPoint
                0x0000000000001170                TA_CloseSessionEntryPoint
                0x00000000000011fc                TA_InvokeCommandEntryPoint
 .text          0x00000000000012a4      0xec8 ./spongent.o
                0x00000000000012a4                min
                0x00000000000012de                copy_n
                0x0000000000001324                PrintState
                0x0000000000001370                lCounter
                0x00000000000013de                retnuoCl
                0x000000000000149e                Pi
                0x00000000000014f8                pLayer
                0x00000000000015ee                Permute
                0x00000000000016f4                Init
                0x0000000000001742                Absorb
                0x000000000000179a                Squeeze
                0x00000000000017ca                Pad
                0x00000000000018b2                SpongentHash
                0x0000000000001a1c                Duplexing
                0x0000000000001ae0                SpongentWrap
                0x00000000000020b8                SpongentUnwrap
                0x0000000000002126                SpongentMac
 .text.__ta_entry
                0x000000000000216c        0x4 ./ta_entry_a32.o
                0x000000000000216c                __ta_entry
 .text          0x0000000000002170     0x15e8 /optee/optee_os/out/arm/export-ta_arm32/lib/libutils.a(bget_malloc.o)
                0x000000000000227c                bget
                0x0000000000002608                bgetz
                0x00000000000026b0                bgetr
                0x0000000000002778                brel
                0x0000000000002ab0                bpool
                0x0000000000002bac                bstats
                0x0000000000002d4c                malloc_reset_stats
                0x0000000000002daa                malloc_get_stats
                0x0000000000003230                malloc
                0x00000000000032cc                calloc
                0x000000000000334e                realloc
                0x000000000000339c                memalign
                0x0000000000003416                free
                0x0000000000003434                free_wipe
                0x00000000000036d6                malloc_add_pool
                0x0000000000003700                malloc_buffer_is_within_alloced
                0x000000000000372c                malloc_buffer_overlaps_heap
 .text          0x0000000000003758      0x4a0 /optee/optee_os/out/arm/export-ta_arm32/lib/libutils.a(trace.o)
                0x0000000000003758                trace_set_level
                0x00000000000037a0                trace_get_level
                0x0000000000003896                trace_printf
                0x00000000000038cc                trace_vprintf
                0x0000000000003bd8                dhex_dump
 .text          0x0000000000003bf8     0x1188 /optee/optee_os/out/arm/export-ta_arm32/lib/libutils.a(snprintk.o)
                0x0000000000003bf8                snprintk
                0x0000000000003c2e                vsnprintk
                0x0000000000003c5c                __vsnprintf
                0x0000000000003cce                __vsprintf
 .text.__aeabi_ldivmod
                0x0000000000004d80       0x18 /optee/optee_os/out/arm/export-ta_arm32/lib/libutils.a(arm32_aeabi_ldivmod_a32.o)
                0x0000000000004d80                __aeabi_ldivmod
 .text.__aeabi_uldivmod
                0x0000000000004d98       0x18 /optee/optee_os/out/arm/export-ta_arm32/lib/libutils.a(arm32_aeabi_ldivmod_a32.o)
                0x0000000000004d98                __aeabi_uldivmod
 .text          0x0000000000004db0       0x5c /optee/optee_os/out/arm/export-ta_arm32/lib/libutee.a(assert.o)
                0x0000000000004db0                _assert_log
                0x0000000000004df8                _assert_break
 .text          0x0000000000004e0c      0x11c /optee/optee_os/out/arm/export-ta_arm32/lib/libutee.a(trace_ext.o)
                0x0000000000004e0c                trace_ext_puts
                0x0000000000004e30                trace_ext_get_thread_id
                0x0000000000004e44                printf
                0x0000000000004eb8                puts
                0x0000000000004ef0                putchar
 .text          0x0000000000004f28      0xa48 /optee/optee_os/out/arm/export-ta_arm32/lib/libutee.a(tee_api.o)
                0x0000000000005336                TEE_OpenTASession
                0x0000000000005424                TEE_CloseTASession
                0x0000000000005454                TEE_InvokeTACommand
                0x000000000000557a                TEE_GetCancellationFlag
                0x00000000000055ae                TEE_UnmaskCancellation
                0x00000000000055e2                TEE_MaskCancellation
                0x0000000000005616                TEE_CheckMemoryAccessRights
                0x0000000000005658                TEE_SetInstanceData
                0x000000000000567c                TEE_GetInstanceData
                0x0000000000005698                TEE_MemMove
                0x00000000000056bc                TEE_MemCompare
                0x00000000000056e0                TEE_MemFill
                0x0000000000005706                TEE_GetSystemTime
                0x0000000000005732                TEE_Wait
                0x000000000000576a                TEE_GetTAPersistentTime
                0x00000000000057ee                TEE_SetTAPersistentTime
                0x0000000000005834                TEE_GetREETime
                0x0000000000005860                TEE_Malloc
                0x00000000000058c8                TEE_Realloc
                0x00000000000058e8                TEE_Free
                0x0000000000005902                TEE_CacheClean
                0x0000000000005926                TEE_CacheFlush
                0x000000000000594a                TEE_CacheInvalidate
 .text          0x0000000000005970     0x3acc /optee/optee_os/out/arm/export-ta_arm32/lib/libutee.a(tee_api_operations.o)
                0x0000000000005c88                TEE_AllocateOperation
                0x0000000000006a84                TEE_FreeOperation
                0x0000000000006ace                TEE_GetOperationInfo
                0x0000000000006b3c                TEE_GetOperationInfoMultiple
                0x0000000000006d08                TEE_ResetOperation
                0x0000000000006d88                TEE_SetOperationKey
                0x0000000000006ed2                TEE_SetOperationKey2
                0x0000000000007104                TEE_CopyOperation
                0x0000000000007290                TEE_DigestUpdate
                0x00000000000072ec                TEE_DigestDoFinal
                0x00000000000073aa                TEE_CipherInit
                0x0000000000007772                TEE_CipherUpdate
                0x0000000000007928                TEE_CipherDoFinal
                0x0000000000007be0                TEE_MACInit
                0x0000000000007c52                TEE_MACUpdate
                0x0000000000007cd4                TEE_MACComputeFinal
                0x0000000000007dc8                TEE_MACCompareFinal
                0x0000000000007ea2                TEE_AEInit
                0x0000000000007f90                TEE_AEUpdateAAD
                0x000000000000800a                TEE_AEUpdate
                0x00000000000081b0                TEE_AEEncryptFinal
                0x00000000000083d4                TEE_AEDecryptFinal
                0x00000000000085b4                TEE_AsymmetricEncrypt
                0x0000000000008776                TEE_AsymmetricDecrypt
                0x0000000000008938                TEE_AsymmetricSignDigest
                0x0000000000008aec                TEE_AsymmetricVerifyDigest
                0x0000000000008c76                TEE_DeriveKey
                0x0000000000008e3c                TEE_GenerateRandom
                0x0000000000008e68                rand
                0x0000000000008e8e                TEE_IsAlgorithmSupported
 .text          0x000000000000943c      0x21c /optee/optee_os/out/arm/export-ta_arm32/lib/libutee.a(tee_api_panic.o)
                0x000000000000943c                TEE_Panic
                0x00000000000094ba                __utee_check_outbuf_annotation
                0x0000000000009514                __utee_check_instring_annotation
                0x0000000000009554                __utee_check_outstring_annotation
                0x00000000000095ac                __utee_check_out_annotation
                0x00000000000095e0                __utee_check_attr_in_annotation
                0x0000000000009624                __utee_check_inout_annotation
 .text          0x0000000000009658      0x330 /optee/optee_os/out/arm/export-ta_arm32/lib/libutee.a(tee_system_pta.o)
                0x0000000000009774                tee_map_zi
                0x000000000000980c                tee_unmap
                0x00000000000098bc                tee_invoke_supp_plugin
 .text          0x0000000000009988        0x0 /optee/optee_os/out/arm/export-ta_arm32/lib/libutee.a(utee_syscalls_a32.o)
 .text._utee_panic
                0x0000000000009988       0x14 /optee/optee_os/out/arm/export-ta_arm32/lib/libutee.a(utee_syscalls_a32.o)
                0x0000000000009988                _utee_panic
 .text._utee_return
                0x000000000000999c       0x14 /optee/optee_os/out/arm/export-ta_arm32/lib/libutee.a(utee_syscalls_a32.o)
                0x000000000000999c                _utee_return
 .text._utee_log
                0x00000000000099b0       0x14 /optee/optee_os/out/arm/export-ta_arm32/lib/libutee.a(utee_syscalls_a32.o)
                0x00000000000099b0                _utee_log
 .text.__utee_panic
                0x00000000000099c4       0x14 /optee/optee_os/out/arm/export-ta_arm32/lib/libutee.a(utee_syscalls_a32.o)
                0x00000000000099c4                __utee_panic
 .text._utee_get_property
                0x00000000000099d8       0x18 /optee/optee_os/out/arm/export-ta_arm32/lib/libutee.a(utee_syscalls_a32.o)
                0x00000000000099d8                _utee_get_property
 .text._utee_get_property_name_to_index
                0x00000000000099f0       0x14 /optee/optee_os/out/arm/export-ta_arm32/lib/libutee.a(utee_syscalls_a32.o)
                0x00000000000099f0                _utee_get_property_name_to_index
 .text._utee_open_ta_session
                0x0000000000009a04       0x18 /optee/optee_os/out/arm/export-ta_arm32/lib/libutee.a(utee_syscalls_a32.o)
                0x0000000000009a04                _utee_open_ta_session
 .text._utee_close_ta_session
                0x0000000000009a1c       0x14 /optee/optee_os/out/arm/export-ta_arm32/lib/libutee.a(utee_syscalls_a32.o)
                0x0000000000009a1c                _utee_close_ta_session
 .text._utee_invoke_ta_command
                0x0000000000009a30       0x18 /optee/optee_os/out/arm/export-ta_arm32/lib/libutee.a(utee_syscalls_a32.o)
                0x0000000000009a30                _utee_invoke_ta_command
 .text._utee_get_cancellation_flag
                0x0000000000009a48       0x14 /optee/optee_os/out/arm/export-ta_arm32/lib/libutee.a(utee_syscalls_a32.o)
                0x0000000000009a48                _utee_get_cancellation_flag
 .text._utee_check_access_rights
                0x0000000000009a5c       0x14 /optee/optee_os/out/arm/export-ta_arm32/lib/libutee.a(utee_syscalls_a32.o)
                0x0000000000009a5c                _utee_check_access_rights
 .text._utee_unmask_cancellation
                0x0000000000009a70       0x14 /optee/optee_os/out/arm/export-ta_arm32/lib/libutee.a(utee_syscalls_a32.o)
                0x0000000000009a70                _utee_unmask_cancellation
 .text._utee_mask_cancellation
                0x0000000000009a84       0x14 /optee/optee_os/out/arm/export-ta_arm32/lib/libutee.a(utee_syscalls_a32.o)
                0x0000000000009a84                _utee_mask_cancellation
 .text._utee_wait
                0x0000000000009a98       0x14 /optee/optee_os/out/arm/export-ta_arm32/lib/libutee.a(utee_syscalls_a32.o)
                0x0000000000009a98                _utee_wait
 .text._utee_get_time
                0x0000000000009aac       0x14 /optee/optee_os/out/arm/export-ta_arm32/lib/libutee.a(utee_syscalls_a32.o)
                0x0000000000009aac                _utee_get_time
 .text._utee_set_ta_time
                0x0000000000009ac0       0x14 /optee/optee_os/out/arm/export-ta_arm32/lib/libutee.a(utee_syscalls_a32.o)
                0x0000000000009ac0                _utee_set_ta_time
 .text._utee_cryp_state_alloc
                0x0000000000009ad4       0x18 /optee/optee_os/out/arm/export-ta_arm32/lib/libutee.a(utee_syscalls_a32.o)
                0x0000000000009ad4                _utee_cryp_state_alloc
 .text._utee_cryp_state_copy
                0x0000000000009aec       0x14 /optee/optee_os/out/arm/export-ta_arm32/lib/libutee.a(utee_syscalls_a32.o)
                0x0000000000009aec                _utee_cryp_state_copy
 .text._utee_cryp_state_free
                0x0000000000009b00       0x14 /optee/optee_os/out/arm/export-ta_arm32/lib/libutee.a(utee_syscalls_a32.o)
                0x0000000000009b00                _utee_cryp_state_free
 .text._utee_hash_init
                0x0000000000009b14       0x14 /optee/optee_os/out/arm/export-ta_arm32/lib/libutee.a(utee_syscalls_a32.o)
                0x0000000000009b14                _utee_hash_init
 .text._utee_hash_update
                0x0000000000009b28       0x14 /optee/optee_os/out/arm/export-ta_arm32/lib/libutee.a(utee_syscalls_a32.o)
                0x0000000000009b28                _utee_hash_update
 .text._utee_hash_final
                0x0000000000009b3c       0x18 /optee/optee_os/out/arm/export-ta_arm32/lib/libutee.a(utee_syscalls_a32.o)
                0x0000000000009b3c                _utee_hash_final
 .text._utee_cipher_init
                0x0000000000009b54       0x14 /optee/optee_os/out/arm/export-ta_arm32/lib/libutee.a(utee_syscalls_a32.o)
                0x0000000000009b54                _utee_cipher_init
 .text._utee_cipher_update
                0x0000000000009b68       0x18 /optee/optee_os/out/arm/export-ta_arm32/lib/libutee.a(utee_syscalls_a32.o)
                0x0000000000009b68                _utee_cipher_update
 .text._utee_cipher_final
                0x0000000000009b80       0x18 /optee/optee_os/out/arm/export-ta_arm32/lib/libutee.a(utee_syscalls_a32.o)
                0x0000000000009b80                _utee_cipher_final
 .text._utee_cryp_obj_get_info
                0x0000000000009b98       0x14 /optee/optee_os/out/arm/export-ta_arm32/lib/libutee.a(utee_syscalls_a32.o)
                0x0000000000009b98                _utee_cryp_obj_get_info
 .text._utee_cryp_obj_restrict_usage
                0x0000000000009bac       0x14 /optee/optee_os/out/arm/export-ta_arm32/lib/libutee.a(utee_syscalls_a32.o)
                0x0000000000009bac                _utee_cryp_obj_restrict_usage
 .text._utee_cryp_obj_get_attr
                0x0000000000009bc0       0x14 /optee/optee_os/out/arm/export-ta_arm32/lib/libutee.a(utee_syscalls_a32.o)
                0x0000000000009bc0                _utee_cryp_obj_get_attr
 .text._utee_cryp_obj_alloc
                0x0000000000009bd4       0x14 /optee/optee_os/out/arm/export-ta_arm32/lib/libutee.a(utee_syscalls_a32.o)
                0x0000000000009bd4                _utee_cryp_obj_alloc
 .text._utee_cryp_obj_close
                0x0000000000009be8       0x14 /optee/optee_os/out/arm/export-ta_arm32/lib/libutee.a(utee_syscalls_a32.o)
                0x0000000000009be8                _utee_cryp_obj_close
 .text._utee_cryp_obj_reset
                0x0000000000009bfc       0x14 /optee/optee_os/out/arm/export-ta_arm32/lib/libutee.a(utee_syscalls_a32.o)
                0x0000000000009bfc                _utee_cryp_obj_reset
 .text._utee_cryp_obj_populate
                0x0000000000009c10       0x14 /optee/optee_os/out/arm/export-ta_arm32/lib/libutee.a(utee_syscalls_a32.o)
                0x0000000000009c10                _utee_cryp_obj_populate
 .text._utee_cryp_obj_copy
                0x0000000000009c24       0x14 /optee/optee_os/out/arm/export-ta_arm32/lib/libutee.a(utee_syscalls_a32.o)
                0x0000000000009c24                _utee_cryp_obj_copy
 .text._utee_cryp_derive_key
                0x0000000000009c38       0x14 /optee/optee_os/out/arm/export-ta_arm32/lib/libutee.a(utee_syscalls_a32.o)
                0x0000000000009c38                _utee_cryp_derive_key
 .text._utee_cryp_random_number_generate
                0x0000000000009c4c       0x14 /optee/optee_os/out/arm/export-ta_arm32/lib/libutee.a(utee_syscalls_a32.o)
                0x0000000000009c4c                _utee_cryp_random_number_generate
 .text._utee_authenc_init
                0x0000000000009c60       0x18 /optee/optee_os/out/arm/export-ta_arm32/lib/libutee.a(utee_syscalls_a32.o)
                0x0000000000009c60                _utee_authenc_init
 .text._utee_authenc_update_aad
                0x0000000000009c78       0x14 /optee/optee_os/out/arm/export-ta_arm32/lib/libutee.a(utee_syscalls_a32.o)
                0x0000000000009c78                _utee_authenc_update_aad
 .text._utee_authenc_update_payload
                0x0000000000009c8c       0x18 /optee/optee_os/out/arm/export-ta_arm32/lib/libutee.a(utee_syscalls_a32.o)
                0x0000000000009c8c                _utee_authenc_update_payload
 .text._utee_authenc_enc_final
                0x0000000000009ca4       0x18 /optee/optee_os/out/arm/export-ta_arm32/lib/libutee.a(utee_syscalls_a32.o)
                0x0000000000009ca4                _utee_authenc_enc_final
 .text._utee_authenc_dec_final
                0x0000000000009cbc       0x18 /optee/optee_os/out/arm/export-ta_arm32/lib/libutee.a(utee_syscalls_a32.o)
                0x0000000000009cbc                _utee_authenc_dec_final
 .text._utee_asymm_operate
                0x0000000000009cd4       0x18 /optee/optee_os/out/arm/export-ta_arm32/lib/libutee.a(utee_syscalls_a32.o)
                0x0000000000009cd4                _utee_asymm_operate
 .text._utee_asymm_verify
                0x0000000000009cec       0x18 /optee/optee_os/out/arm/export-ta_arm32/lib/libutee.a(utee_syscalls_a32.o)
                0x0000000000009cec                _utee_asymm_verify
 .text._utee_storage_obj_open
                0x0000000000009d04       0x18 /optee/optee_os/out/arm/export-ta_arm32/lib/libutee.a(utee_syscalls_a32.o)
                0x0000000000009d04                _utee_storage_obj_open
 .text._utee_storage_obj_create
                0x0000000000009d1c       0x18 /optee/optee_os/out/arm/export-ta_arm32/lib/libutee.a(utee_syscalls_a32.o)
                0x0000000000009d1c                _utee_storage_obj_create
 .text._utee_storage_obj_del
                0x0000000000009d34       0x14 /optee/optee_os/out/arm/export-ta_arm32/lib/libutee.a(utee_syscalls_a32.o)
                0x0000000000009d34                _utee_storage_obj_del
 .text._utee_storage_obj_rename
                0x0000000000009d48       0x14 /optee/optee_os/out/arm/export-ta_arm32/lib/libutee.a(utee_syscalls_a32.o)
                0x0000000000009d48                _utee_storage_obj_rename
 .text._utee_storage_alloc_enum
                0x0000000000009d5c       0x14 /optee/optee_os/out/arm/export-ta_arm32/lib/libutee.a(utee_syscalls_a32.o)
                0x0000000000009d5c                _utee_storage_alloc_enum
 .text._utee_storage_free_enum
                0x0000000000009d70       0x14 /optee/optee_os/out/arm/export-ta_arm32/lib/libutee.a(utee_syscalls_a32.o)
                0x0000000000009d70                _utee_storage_free_enum
 .text._utee_storage_reset_enum
                0x0000000000009d84       0x14 /optee/optee_os/out/arm/export-ta_arm32/lib/libutee.a(utee_syscalls_a32.o)
                0x0000000000009d84                _utee_storage_reset_enum
 .text._utee_storage_start_enum
                0x0000000000009d98       0x14 /optee/optee_os/out/arm/export-ta_arm32/lib/libutee.a(utee_syscalls_a32.o)
                0x0000000000009d98                _utee_storage_start_enum
 .text._utee_storage_next_enum
                0x0000000000009dac       0x14 /optee/optee_os/out/arm/export-ta_arm32/lib/libutee.a(utee_syscalls_a32.o)
                0x0000000000009dac                _utee_storage_next_enum
 .text._utee_storage_obj_read
                0x0000000000009dc0       0x14 /optee/optee_os/out/arm/export-ta_arm32/lib/libutee.a(utee_syscalls_a32.o)
                0x0000000000009dc0                _utee_storage_obj_read
 .text._utee_storage_obj_write
                0x0000000000009dd4       0x14 /optee/optee_os/out/arm/export-ta_arm32/lib/libutee.a(utee_syscalls_a32.o)
                0x0000000000009dd4                _utee_storage_obj_write
 .text._utee_storage_obj_trunc
                0x0000000000009de8       0x14 /optee/optee_os/out/arm/export-ta_arm32/lib/libutee.a(utee_syscalls_a32.o)
                0x0000000000009de8                _utee_storage_obj_trunc
 .text._utee_storage_obj_seek
                0x0000000000009dfc       0x14 /optee/optee_os/out/arm/export-ta_arm32/lib/libutee.a(utee_syscalls_a32.o)
                0x0000000000009dfc                _utee_storage_obj_seek
 .text._utee_cryp_obj_generate_key
                0x0000000000009e10       0x14 /optee/optee_os/out/arm/export-ta_arm32/lib/libutee.a(utee_syscalls_a32.o)
                0x0000000000009e10                _utee_cryp_obj_generate_key
 .text._utee_cache_operation
                0x0000000000009e24       0x14 /optee/optee_os/out/arm/export-ta_arm32/lib/libutee.a(utee_syscalls_a32.o)
                0x0000000000009e24                _utee_cache_operation
 .text          0x0000000000009e38      0xa84 /optee/optee_os/out/arm/export-ta_arm32/lib/libutee.a(user_ta_entry.o)
                0x000000000000a020                __utee_call_elf_init_fn
                0x000000000000a1e0                __utee_call_elf_fini_fn
                0x000000000000a846                __utee_entry
 .text          0x000000000000a8bc       0x20 /optee/optee_os/out/arm/export-ta_arm32/lib/libutee.a(abort.o)
                0x000000000000a8bc                abort
 .text          0x000000000000a8dc     0x1de4 /optee/optee_os/out/arm/export-ta_arm32/lib/libutee.a(tee_api_arith_mpi.o)
                0x000000000000a93c                _TEE_MathAPI_Init
                0x000000000000aad4                TEE_BigIntInit
                0x000000000000ab40                TEE_BigIntConvertFromOctetString
                0x000000000000abba                TEE_BigIntConvertToOctetString
                0x000000000000ac40                TEE_BigIntConvertFromS32
                0x000000000000acc0                TEE_BigIntConvertToS32
                0x000000000000ad94                TEE_BigIntCmp
                0x000000000000adea                TEE_BigIntCmpS32
                0x000000000000ae26                TEE_BigIntShiftRight
                0x000000000000afe0                TEE_BigIntGetBit
                0x000000000000b026                TEE_BigIntGetBitCount
                0x000000000000b2e0                TEE_BigIntAdd
                0x000000000000b314                TEE_BigIntSub
                0x000000000000b348                TEE_BigIntNeg
                0x000000000000b3f8                TEE_BigIntMul
                0x000000000000b4d8                TEE_BigIntSquare
                0x000000000000b4f8                TEE_BigIntDiv
                0x000000000000b664                TEE_BigIntMod
                0x000000000000b6d0                TEE_BigIntAddMod
                0x000000000000b708                TEE_BigIntSubMod
                0x000000000000b740                TEE_BigIntMulMod
                0x000000000000b778                TEE_BigIntSquareMod
                0x000000000000b79c                TEE_BigIntInvMod
                0x000000000000b8a8                TEE_BigIntRelativePrime
                0x000000000000c160                TEE_BigIntComputeExtendedGcd
                0x000000000000c420                TEE_BigIntIsProbablePrime
                0x000000000000c474                TEE_BigIntInitFMM
                0x000000000000c492                TEE_BigIntInitFMMContext
                0x000000000000c4ae                TEE_BigIntFMMSizeInU32
                0x000000000000c4d4                TEE_BigIntFMMContextSizeInU32
                0x000000000000c4f0                TEE_BigIntConvertToFMM
                0x000000000000c514                TEE_BigIntConvertFromFMM
                0x000000000000c5b0                TEE_BigIntComputeFMM
 .text          0x000000000000c6c0      0x44c /optee/optee_os/out/arm/export-ta_arm32/lib/libutee.a(tcb.o)
                0x000000000000c6c0                __utee_tcb_init
                0x000000000000c9cc                __tls_get_addr
                0x000000000000ca04                dl_iterate_phdr
 .text          0x000000000000cb0c     0x628c /optee/optee_os/out/arm/export-ta_arm32/lib/libmbedtls.a(bignum.o)
                0x000000000000cb6a                mbedtls_mpi_init
                0x000000000000cb88                mbedtls_mpi_init_mempool
                0x000000000000cbc4                mbedtls_mpi_free
                0x000000000000cc50                mbedtls_mpi_grow
                0x000000000000cd58                mbedtls_mpi_shrink
                0x000000000000ceac                mbedtls_mpi_copy
                0x000000000000cf84                mbedtls_mpi_swap
                0x000000000000cfc6                mbedtls_mpi_safe_cond_assign
                0x000000000000d0da                mbedtls_mpi_safe_cond_swap
                0x000000000000d24c                mbedtls_mpi_lset
                0x000000000000d2ba                mbedtls_mpi_get_bit
                0x000000000000d308                mbedtls_mpi_set_bit
                0x000000000000d3d6                mbedtls_mpi_lsb
                0x000000000000d49e                mbedtls_mpi_bitlen
                0x000000000000d516                mbedtls_mpi_size
                0x000000000000d5bc                mbedtls_mpi_read_string
                0x000000000000d8a8                mbedtls_mpi_write_string
                0x000000000000db88                mbedtls_mpi_read_binary_le
                0x000000000000dc52                mbedtls_mpi_read_binary
                0x000000000000dd12                mbedtls_mpi_write_binary_le
                0x000000000000dde8                mbedtls_mpi_write_binary
                0x000000000000decc                mbedtls_mpi_shift_l
                0x000000000000e04e                mbedtls_mpi_shift_r
                0x000000000000e1b8                mbedtls_mpi_cmp_abs
                0x000000000000e2e6                mbedtls_mpi_cmp_mpi
                0x000000000000e4aa                mbedtls_mpi_lt_mpi_ct
                0x000000000000e5e8                mbedtls_mpi_cmp_int
                0x000000000000e634                mbedtls_mpi_add_abs
                0x000000000000e888                mbedtls_mpi_sub_abs
                0x000000000000e964                mbedtls_mpi_add_mpi
                0x000000000000ea10                mbedtls_mpi_sub_mpi
                0x000000000000eabc                mbedtls_mpi_add_int
                0x000000000000eb0c                mbedtls_mpi_sub_int
                0x000000000001057a                mbedtls_mpi_mul_mpi
                0x000000000001070c                mbedtls_mpi_mul_int
                0x0000000000010820                mbedtls_mpi_div_mpi
                0x0000000000010e66                mbedtls_mpi_div_int
                0x0000000000010eb8                mbedtls_mpi_mod_mpi
                0x0000000000010f56                mbedtls_mpi_mod_int
                0x0000000000011070                mbedtls_mpi_montg_init
                0x00000000000110de                mbedtls_mpi_montmul
                0x000000000001120e                mbedtls_mpi_montred
                0x0000000000011254                mbedtls_mpi_exp_mod
                0x00000000000119b4                mbedtls_mpi_gcd
                0x0000000000011ba0                mbedtls_mpi_fill_random
                0x0000000000011c4c                mbedtls_mpi_inv_mod
                0x0000000000012492                mbedtls_mpi_is_prime_ext
                0x000000000001253e                mbedtls_mpi_is_prime
                0x0000000000012566                mbedtls_mpi_gen_prime
                0x000000000001287a                mbedtls_mpi_self_test
 .text          0x0000000000012d98       0x30 /optee/optee_os/out/arm/export-ta_arm32/lib/libmbedtls.a(platform_util.o)
                0x0000000000012d98                mbedtls_platform_zeroize
 .text          0x0000000000012dc8      0x290 /optee/optee_os/out/arm/export-ta_arm32/lib/libutils.a(mempool.o)
                0x0000000000012df8                mempool_alloc_pool
                0x0000000000012e6c                mempool_alloc
                0x0000000000012f60                mempool_calloc
                0x0000000000012fdc                mempool_free
 .text          0x0000000000013058       0x38 ./user_ta_header.o
                0x0000000000013058                __ta_entry_c
                0x000000000001307c                tahead_get_trace_level
 .text          0x0000000000013090       0xb8 /optee/optee_os/out/arm/export-ta_arm32/lib/libutils.a(memcmp.o)
                0x0000000000013090                memcmp
 .text          0x0000000000013148       0xf2 /optee/optee_os/out/arm/export-ta_arm32/lib/libutils.a(memcpy.o)
                0x0000000000013148                memcpy
 .text          0x000000000001323a      0x11c /optee/optee_os/out/arm/export-ta_arm32/lib/libutils.a(memset.o)
                0x000000000001323a                memset
 .text          0x0000000000013356       0x30 /optee/optee_os/out/arm/export-ta_arm32/lib/libutils.a(aeabi_unwind.o)
                0x0000000000013356                __aeabi_unwind_cpp_pr0
                0x0000000000013366                __aeabi_unwind_cpp_pr1
                0x0000000000013376                __aeabi_unwind_cpp_pr2
 .text          0x0000000000013386      0x114 /optee/optee_os/out/arm/export-ta_arm32/lib/libutils.a(memchr.o)
                0x0000000000013386                memchr
 .text          0x000000000001349a       0x8a /optee/optee_os/out/arm/export-ta_arm32/lib/libutils.a(strlen.o)
                0x000000000001349a                strlen
 .text          0x0000000000013524      0x2e8 /optee/optee_os/out/arm/export-ta_arm32/lib/libutils.a(arm32_aeabi_ldivmod.o)
                0x00000000000136ca                __ul_divmod
                0x000000000001372c                __l_divmod
 .text          0x000000000001380c     0x10d0 /optee/optee_os/out/arm/export-ta_arm32/lib/libutee.a(tee_api_objects.o)
                0x000000000001380c                __utee_from_attr
                0x000000000001398a                TEE_GetObjectInfo
                0x00000000000139f8                TEE_GetObjectInfo1
                0x0000000000013a44                TEE_RestrictObjectUsage
                0x0000000000013a90                TEE_RestrictObjectUsage1
                0x0000000000013adc                TEE_GetObjectBufferAttribute
                0x0000000000013ba8                TEE_GetObjectValueAttribute
                0x0000000000013c9a                TEE_CloseObject
                0x0000000000013ccc                TEE_AllocateTransientObject
                0x0000000000013d36                TEE_FreeTransientObject
                0x0000000000013d96                TEE_ResetTransientObject
                0x0000000000013df6                TEE_PopulateTransientObject
                0x0000000000013f5a                TEE_InitRefAttribute
                0x0000000000013fa2                TEE_InitValueAttribute
                0x0000000000013fea                TEE_CopyObjectAttributes
                0x0000000000014036                TEE_CopyObjectAttributes1
                0x00000000000140ee                TEE_GenerateKey
                0x0000000000014214                TEE_OpenPersistentObject
                0x00000000000142d2                TEE_CreatePersistentObject
                0x00000000000143aa                TEE_CloseAndDeletePersistentObject
                0x00000000000143dc                TEE_CloseAndDeletePersistentObject1
                0x0000000000014422                TEE_RenamePersistentObject
                0x0000000000014492                TEE_AllocatePersistentObjectEnumerator
                0x00000000000144ec                TEE_FreePersistentObjectEnumerator
                0x000000000001451e                TEE_ResetPersistentObjectEnumerator
                0x0000000000014550                TEE_StartPersistentObjectEnumerator
                0x00000000000145aa                TEE_GetNextPersistentObject
                0x000000000001466c                TEE_ReadObjectData
                0x00000000000146fe                TEE_WriteObjectData
                0x000000000001477c                TEE_TruncateObjectData
                0x00000000000147e8                TEE_SeekObjectData
 .text          0x00000000000148dc       0x6a /optee/optee_os/out/arm/export-ta_arm32/lib/libutils.a(snprintf.o)
                0x00000000000148dc                snprintf
                0x0000000000014918                vsnprintf
 .text          0x0000000000014946      0x13e /optee/optee_os/out/arm/export-ta_arm32/lib/libutils.a(memmove.o)
                0x0000000000014946                memmove
 .text          0x0000000000014a84       0xb4 /optee/optee_os/out/arm/export-ta_arm32/lib/libutils.a(consttime_memcmp.o)
                0x0000000000014a84                consttime_memcmp
 .text          0x0000000000014b38        0x0 ./ta_entry_a32.o
 .text          0x0000000000014b38        0x0 /optee/optee_os/out/arm/export-ta_arm32/lib/libutils.a(arm32_aeabi_ldivmod_a32.o)
 *(SORT_BY_ALIGNMENT(.stub))
 *(SORT_BY_ALIGNMENT(.glue_7))
 .glue_7        0x0000000000014b38        0x0 linker stubs
 *(SORT_BY_ALIGNMENT(.glue_7t))
 .glue_7t       0x0000000000014b38        0x0 linker stubs
 *(SORT_BY_ALIGNMENT(.gnu.linkonce.t.*))
 *(SORT_BY_ALIGNMENT(.vfp11_veneer))
 .vfp11_veneer  0x0000000000014b38        0x0 linker stubs
                0x0000000000014b38                __text_end = .

.v4_bx          0x0000000000014b38        0x0
 .v4_bx         0x0000000000014b38        0x0 linker stubs

.iplt           0x0000000000014b38        0x0
 .iplt          0x0000000000014b38        0x0 ./ta2.o

.plt            0x0000000000014b38        0x0
 *(SORT_BY_ALIGNMENT(.plt))
 .plt           0x0000000000014b38        0x0 ./ta2.o

.eh_frame_hdr
 *(SORT_BY_ALIGNMENT(.eh_frame_hdr))
 *(SORT_BY_ALIGNMENT(.eh_frame_entry) SORT_BY_ALIGNMENT(.eh_frame_entry.*))

.eh_frame
 *(SORT_BY_ALIGNMENT(.eh_frame))
 *(SORT_BY_ALIGNMENT(.eh_frame.*))

.gcc_except_table
 *(SORT_BY_ALIGNMENT(.gcc_except_table) SORT_BY_ALIGNMENT(.gcc_except_table.*))

.rodata         0x0000000000014b38     0x175e
 *(SORT_BY_ALIGNMENT(.gnu.linkonce.r.*))
 *(SORT_BY_ALIGNMENT(.rodata) SORT_BY_ALIGNMENT(.rodata.*))
 .rodata.ta2.c  0x0000000000014b38      0x647 ./ta2.o
 *fill*         0x000000000001517f        0x1 
 .rodata.spongent.c
                0x0000000000015180        0x5 ./spongent.o
 *fill*         0x0000000000015185        0x3 
 .rodata.user_ta_header.c
                0x0000000000015188       0xd4 ./user_ta_header.o
                0x0000000000015188                trace_ext_prefix
                0x000000000001518c                ta_heap_size
                0x0000000000015258                ta_num_props
 .rodata.lib/libutils/isoc/bget_malloc.c
                0x000000000001525c      0x350 /optee/optee_os/out/arm/export-ta_arm32/lib/libutils.a(bget_malloc.o)
 .rodata.lib/libutils/ext/trace.c
                0x00000000000155ac       0x29 /optee/optee_os/out/arm/export-ta_arm32/lib/libutils.a(trace.o)
 *fill*         0x00000000000155d5        0x3 
 .rodata.lib/libutils/ext/snprintk.c
                0x00000000000155d8       0x7d /optee/optee_os/out/arm/export-ta_arm32/lib/libutils.a(snprintk.o)
 *fill*         0x0000000000015655        0x3 
 .rodata.lib/libutee/assert.c
                0x0000000000015658       0x27 /optee/optee_os/out/arm/export-ta_arm32/lib/libutee.a(assert.o)
 *fill*         0x000000000001567f        0x1 
 .rodata.lib/libutee/trace_ext.c
                0x0000000000015680        0x2 /optee/optee_os/out/arm/export-ta_arm32/lib/libutee.a(trace_ext.o)
 *fill*         0x0000000000015682        0x2 
 .rodata.lib/libutee/tee_api.c
                0x0000000000015684       0x1f /optee/optee_os/out/arm/export-ta_arm32/lib/libutee.a(tee_api.o)
 *fill*         0x00000000000156a3        0x1 
 .rodata.lib/libutee/tee_api_panic.c
                0x00000000000156a4       0x68 /optee/optee_os/out/arm/export-ta_arm32/lib/libutee.a(tee_api_panic.o)
 .rodata.lib/libutee/tee_system_pta.c
                0x000000000001570c       0x8b /optee/optee_os/out/arm/export-ta_arm32/lib/libutee.a(tee_system_pta.o)
 *fill*         0x0000000000015797        0x1 
 .rodata.lib/libutee/arch/arm/user_ta_entry.c
                0x0000000000015798       0x32 /optee/optee_os/out/arm/export-ta_arm32/lib/libutee.a(user_ta_entry.o)
 *fill*         0x00000000000157ca        0x2 
 .rodata.lib/libutee/abort.c
                0x00000000000157cc        0x7 /optee/optee_os/out/arm/export-ta_arm32/lib/libutee.a(abort.o)
 *fill*         0x00000000000157d3        0x1 
 .rodata.lib/libutee/tee_api_arith_mpi.c
                0x00000000000157d4      0x221 /optee/optee_os/out/arm/export-ta_arm32/lib/libutee.a(tee_api_arith_mpi.o)
 *fill*         0x00000000000159f5        0x3 
 .rodata.lib/libutee/arch/arm/tcb.c
                0x00000000000159f8       0xbc /optee/optee_os/out/arm/export-ta_arm32/lib/libutee.a(tcb.o)
 .rodata.lib/libmbedtls/mbedtls/library/bignum.c
                0x0000000000015ab4      0x742 /optee/optee_os/out/arm/export-ta_arm32/lib/libmbedtls.a(bignum.o)
 *fill*         0x00000000000161f6        0x2 
 .rodata.lib/libutils/ext/mempool.c
                0x00000000000161f8       0x9e /optee/optee_os/out/arm/export-ta_arm32/lib/libutils.a(mempool.o)

.gnu.version_d  0x0000000000016298        0x0
 .gnu.version_d
                0x0000000000016298        0x0 ./ta2.o

.gnu.version    0x0000000000016296        0x0
 .gnu.version   0x0000000000016296        0x0 ./ta2.o

.gnu.version_r  0x0000000000016298        0x0
 .gnu.version_r
                0x0000000000016298        0x0 ./ta2.o

.gnu.hash       0x0000000000016298       0x2c
 .gnu.hash      0x0000000000016298       0x2c ./ta2.o

.ARM.extab      0x00000000000162c4      0xfac
 *(SORT_BY_ALIGNMENT(.ARM.extab*) SORT_BY_ALIGNMENT(.gnu.linkonce.armextab.*))
 .ARM.extab     0x00000000000162c4       0xc0 ./ta2.o
 .ARM.extab     0x0000000000016384       0xcc ./spongent.o
 .ARM.extab     0x0000000000016450        0xc ./user_ta_header.o
 .ARM.extab     0x000000000001645c      0x204 /optee/optee_os/out/arm/export-ta_arm32/lib/libutils.a(bget_malloc.o)
 .ARM.extab     0x0000000000016660        0xc /optee/optee_os/out/arm/export-ta_arm32/lib/libutils.a(memcmp.o)
 .ARM.extab     0x000000000001666c        0xc /optee/optee_os/out/arm/export-ta_arm32/lib/libutils.a(memcpy.o)
 .ARM.extab     0x0000000000016678        0xc /optee/optee_os/out/arm/export-ta_arm32/lib/libutils.a(memset.o)
 .ARM.extab     0x0000000000016684       0x54 /optee/optee_os/out/arm/export-ta_arm32/lib/libutils.a(trace.o)
 .ARM.extab     0x00000000000166d8       0x3c /optee/optee_os/out/arm/export-ta_arm32/lib/libutils.a(snprintk.o)
 .ARM.extab     0x0000000000016714        0xc /optee/optee_os/out/arm/export-ta_arm32/lib/libutils.a(memchr.o)
 .ARM.extab     0x0000000000016720        0xc /optee/optee_os/out/arm/export-ta_arm32/lib/libutils.a(strlen.o)
 .ARM.extab.text.__aeabi_ldivmod
                0x000000000001672c        0xc /optee/optee_os/out/arm/export-ta_arm32/lib/libutils.a(arm32_aeabi_ldivmod_a32.o)
 .ARM.extab.text.__aeabi_uldivmod
                0x0000000000016738        0xc /optee/optee_os/out/arm/export-ta_arm32/lib/libutils.a(arm32_aeabi_ldivmod_a32.o)
 .ARM.extab     0x0000000000016744       0x30 /optee/optee_os/out/arm/export-ta_arm32/lib/libutils.a(arm32_aeabi_ldivmod.o)
 .ARM.extab     0x0000000000016774        0xc /optee/optee_os/out/arm/export-ta_arm32/lib/libutee.a(assert.o)
 .ARM.extab     0x0000000000016780       0x34 /optee/optee_os/out/arm/export-ta_arm32/lib/libutee.a(trace_ext.o)
 .ARM.extab     0x00000000000167b4      0x120 /optee/optee_os/out/arm/export-ta_arm32/lib/libutee.a(tee_api.o)
 .ARM.extab     0x00000000000168d4      0x15c /optee/optee_os/out/arm/export-ta_arm32/lib/libutee.a(tee_api_objects.o)
 .ARM.extab     0x0000000000016a30      0x12c /optee/optee_os/out/arm/export-ta_arm32/lib/libutee.a(tee_api_operations.o)
 .ARM.extab     0x0000000000016b5c       0x6c /optee/optee_os/out/arm/export-ta_arm32/lib/libutee.a(tee_api_panic.o)
 .ARM.extab     0x0000000000016bc8       0x48 /optee/optee_os/out/arm/export-ta_arm32/lib/libutee.a(tee_system_pta.o)
 .ARM.extab.text._utee_panic
                0x0000000000016c10        0xc /optee/optee_os/out/arm/export-ta_arm32/lib/libutee.a(utee_syscalls_a32.o)
 .ARM.extab     0x0000000000016c1c       0xb4 /optee/optee_os/out/arm/export-ta_arm32/lib/libutee.a(user_ta_entry.o)
 .ARM.extab     0x0000000000016cd0      0x204 /optee/optee_os/out/arm/export-ta_arm32/lib/libutee.a(tee_api_arith_mpi.o)
 .ARM.extab     0x0000000000016ed4       0x24 /optee/optee_os/out/arm/export-ta_arm32/lib/libutee.a(tcb.o)
 .ARM.extab     0x0000000000016ef8      0x2f4 /optee/optee_os/out/arm/export-ta_arm32/lib/libmbedtls.a(bignum.o)
 .ARM.extab     0x00000000000171ec        0xc /optee/optee_os/out/arm/export-ta_arm32/lib/libmbedtls.a(platform_util.o)
 .ARM.extab     0x00000000000171f8       0x18 /optee/optee_os/out/arm/export-ta_arm32/lib/libutils.a(snprintf.o)
 .ARM.extab     0x0000000000017210        0xc /optee/optee_os/out/arm/export-ta_arm32/lib/libutils.a(memmove.o)
 .ARM.extab     0x000000000001721c       0x48 /optee/optee_os/out/arm/export-ta_arm32/lib/libutils.a(mempool.o)
 .ARM.extab     0x0000000000017264        0xc /optee/optee_os/out/arm/export-ta_arm32/lib/libutils.a(consttime_memcmp.o)
 .ARM.extab.text.__ta_entry
                0x0000000000017270        0x0 ./ta_entry_a32.o
 .ARM.extab     0x0000000000017270        0x0 /optee/optee_os/out/arm/export-ta_arm32/lib/libutils.a(aeabi_unwind.o)
 .ARM.extab.text._utee_return
                0x0000000000017270        0x0 /optee/optee_os/out/arm/export-ta_arm32/lib/libutee.a(utee_syscalls_a32.o)
 .ARM.extab.text._utee_log
                0x0000000000017270        0x0 /optee/optee_os/out/arm/export-ta_arm32/lib/libutee.a(utee_syscalls_a32.o)
 .ARM.extab.text.__utee_panic
                0x0000000000017270        0x0 /optee/optee_os/out/arm/export-ta_arm32/lib/libutee.a(utee_syscalls_a32.o)
 .ARM.extab.text._utee_get_property
                0x0000000000017270        0x0 /optee/optee_os/out/arm/export-ta_arm32/lib/libutee.a(utee_syscalls_a32.o)
 .ARM.extab.text._utee_get_property_name_to_index
                0x0000000000017270        0x0 /optee/optee_os/out/arm/export-ta_arm32/lib/libutee.a(utee_syscalls_a32.o)
 .ARM.extab.text._utee_open_ta_session
                0x0000000000017270        0x0 /optee/optee_os/out/arm/export-ta_arm32/lib/libutee.a(utee_syscalls_a32.o)
 .ARM.extab.text._utee_close_ta_session
                0x0000000000017270        0x0 /optee/optee_os/out/arm/export-ta_arm32/lib/libutee.a(utee_syscalls_a32.o)
 .ARM.extab.text._utee_invoke_ta_command
                0x0000000000017270        0x0 /optee/optee_os/out/arm/export-ta_arm32/lib/libutee.a(utee_syscalls_a32.o)
 .ARM.extab.text._utee_get_cancellation_flag
                0x0000000000017270        0x0 /optee/optee_os/out/arm/export-ta_arm32/lib/libutee.a(utee_syscalls_a32.o)
 .ARM.extab.text._utee_check_access_rights
                0x0000000000017270        0x0 /optee/optee_os/out/arm/export-ta_arm32/lib/libutee.a(utee_syscalls_a32.o)
 .ARM.extab.text._utee_unmask_cancellation
                0x0000000000017270        0x0 /optee/optee_os/out/arm/export-ta_arm32/lib/libutee.a(utee_syscalls_a32.o)
 .ARM.extab.text._utee_mask_cancellation
                0x0000000000017270        0x0 /optee/optee_os/out/arm/export-ta_arm32/lib/libutee.a(utee_syscalls_a32.o)
 .ARM.extab.text._utee_wait
                0x0000000000017270        0x0 /optee/optee_os/out/arm/export-ta_arm32/lib/libutee.a(utee_syscalls_a32.o)
 .ARM.extab.text._utee_get_time
                0x0000000000017270        0x0 /optee/optee_os/out/arm/export-ta_arm32/lib/libutee.a(utee_syscalls_a32.o)
 .ARM.extab.text._utee_set_ta_time
                0x0000000000017270        0x0 /optee/optee_os/out/arm/export-ta_arm32/lib/libutee.a(utee_syscalls_a32.o)
 .ARM.extab.text._utee_cryp_state_alloc
                0x0000000000017270        0x0 /optee/optee_os/out/arm/export-ta_arm32/lib/libutee.a(utee_syscalls_a32.o)
 .ARM.extab.text._utee_cryp_state_copy
                0x0000000000017270        0x0 /optee/optee_os/out/arm/export-ta_arm32/lib/libutee.a(utee_syscalls_a32.o)
 .ARM.extab.text._utee_cryp_state_free
                0x0000000000017270        0x0 /optee/optee_os/out/arm/export-ta_arm32/lib/libutee.a(utee_syscalls_a32.o)
 .ARM.extab.text._utee_hash_init
                0x0000000000017270        0x0 /optee/optee_os/out/arm/export-ta_arm32/lib/libutee.a(utee_syscalls_a32.o)
 .ARM.extab.text._utee_hash_update
                0x0000000000017270        0x0 /optee/optee_os/out/arm/export-ta_arm32/lib/libutee.a(utee_syscalls_a32.o)
 .ARM.extab.text._utee_hash_final
                0x0000000000017270        0x0 /optee/optee_os/out/arm/export-ta_arm32/lib/libutee.a(utee_syscalls_a32.o)
 .ARM.extab.text._utee_cipher_init
                0x0000000000017270        0x0 /optee/optee_os/out/arm/export-ta_arm32/lib/libutee.a(utee_syscalls_a32.o)
 .ARM.extab.text._utee_cipher_update
                0x0000000000017270        0x0 /optee/optee_os/out/arm/export-ta_arm32/lib/libutee.a(utee_syscalls_a32.o)
 .ARM.extab.text._utee_cipher_final
                0x0000000000017270        0x0 /optee/optee_os/out/arm/export-ta_arm32/lib/libutee.a(utee_syscalls_a32.o)
 .ARM.extab.text._utee_cryp_obj_get_info
                0x0000000000017270        0x0 /optee/optee_os/out/arm/export-ta_arm32/lib/libutee.a(utee_syscalls_a32.o)
 .ARM.extab.text._utee_cryp_obj_restrict_usage
                0x0000000000017270        0x0 /optee/optee_os/out/arm/export-ta_arm32/lib/libutee.a(utee_syscalls_a32.o)
 .ARM.extab.text._utee_cryp_obj_get_attr
                0x0000000000017270        0x0 /optee/optee_os/out/arm/export-ta_arm32/lib/libutee.a(utee_syscalls_a32.o)
 .ARM.extab.text._utee_cryp_obj_alloc
                0x0000000000017270        0x0 /optee/optee_os/out/arm/export-ta_arm32/lib/libutee.a(utee_syscalls_a32.o)
 .ARM.extab.text._utee_cryp_obj_close
                0x0000000000017270        0x0 /optee/optee_os/out/arm/export-ta_arm32/lib/libutee.a(utee_syscalls_a32.o)
 .ARM.extab.text._utee_cryp_obj_reset
                0x0000000000017270        0x0 /optee/optee_os/out/arm/export-ta_arm32/lib/libutee.a(utee_syscalls_a32.o)
 .ARM.extab.text._utee_cryp_obj_populate
                0x0000000000017270        0x0 /optee/optee_os/out/arm/export-ta_arm32/lib/libutee.a(utee_syscalls_a32.o)
 .ARM.extab.text._utee_cryp_obj_copy
                0x0000000000017270        0x0 /optee/optee_os/out/arm/export-ta_arm32/lib/libutee.a(utee_syscalls_a32.o)
 .ARM.extab.text._utee_cryp_derive_key
                0x0000000000017270        0x0 /optee/optee_os/out/arm/export-ta_arm32/lib/libutee.a(utee_syscalls_a32.o)
 .ARM.extab.text._utee_cryp_random_number_generate
                0x0000000000017270        0x0 /optee/optee_os/out/arm/export-ta_arm32/lib/libutee.a(utee_syscalls_a32.o)
 .ARM.extab.text._utee_authenc_init
                0x0000000000017270        0x0 /optee/optee_os/out/arm/export-ta_arm32/lib/libutee.a(utee_syscalls_a32.o)
 .ARM.extab.text._utee_authenc_update_aad
                0x0000000000017270        0x0 /optee/optee_os/out/arm/export-ta_arm32/lib/libutee.a(utee_syscalls_a32.o)
 .ARM.extab.text._utee_authenc_update_payload
                0x0000000000017270        0x0 /optee/optee_os/out/arm/export-ta_arm32/lib/libutee.a(utee_syscalls_a32.o)
 .ARM.extab.text._utee_authenc_enc_final
                0x0000000000017270        0x0 /optee/optee_os/out/arm/export-ta_arm32/lib/libutee.a(utee_syscalls_a32.o)
 .ARM.extab.text._utee_authenc_dec_final
                0x0000000000017270        0x0 /optee/optee_os/out/arm/export-ta_arm32/lib/libutee.a(utee_syscalls_a32.o)
 .ARM.extab.text._utee_asymm_operate
                0x0000000000017270        0x0 /optee/optee_os/out/arm/export-ta_arm32/lib/libutee.a(utee_syscalls_a32.o)
 .ARM.extab.text._utee_asymm_verify
                0x0000000000017270        0x0 /optee/optee_os/out/arm/export-ta_arm32/lib/libutee.a(utee_syscalls_a32.o)
 .ARM.extab.text._utee_storage_obj_open
                0x0000000000017270        0x0 /optee/optee_os/out/arm/export-ta_arm32/lib/libutee.a(utee_syscalls_a32.o)
 .ARM.extab.text._utee_storage_obj_create
                0x0000000000017270        0x0 /optee/optee_os/out/arm/export-ta_arm32/lib/libutee.a(utee_syscalls_a32.o)
 .ARM.extab.text._utee_storage_obj_del
                0x0000000000017270        0x0 /optee/optee_os/out/arm/export-ta_arm32/lib/libutee.a(utee_syscalls_a32.o)
 .ARM.extab.text._utee_storage_obj_rename
                0x0000000000017270        0x0 /optee/optee_os/out/arm/export-ta_arm32/lib/libutee.a(utee_syscalls_a32.o)
 .ARM.extab.text._utee_storage_alloc_enum
                0x0000000000017270        0x0 /optee/optee_os/out/arm/export-ta_arm32/lib/libutee.a(utee_syscalls_a32.o)
 .ARM.extab.text._utee_storage_free_enum
                0x0000000000017270        0x0 /optee/optee_os/out/arm/export-ta_arm32/lib/libutee.a(utee_syscalls_a32.o)
 .ARM.extab.text._utee_storage_reset_enum
                0x0000000000017270        0x0 /optee/optee_os/out/arm/export-ta_arm32/lib/libutee.a(utee_syscalls_a32.o)
 .ARM.extab.text._utee_storage_start_enum
                0x0000000000017270        0x0 /optee/optee_os/out/arm/export-ta_arm32/lib/libutee.a(utee_syscalls_a32.o)
 .ARM.extab.text._utee_storage_next_enum
                0x0000000000017270        0x0 /optee/optee_os/out/arm/export-ta_arm32/lib/libutee.a(utee_syscalls_a32.o)
 .ARM.extab.text._utee_storage_obj_read
                0x0000000000017270        0x0 /optee/optee_os/out/arm/export-ta_arm32/lib/libutee.a(utee_syscalls_a32.o)
 .ARM.extab.text._utee_storage_obj_write
                0x0000000000017270        0x0 /optee/optee_os/out/arm/export-ta_arm32/lib/libutee.a(utee_syscalls_a32.o)
 .ARM.extab.text._utee_storage_obj_trunc
                0x0000000000017270        0x0 /optee/optee_os/out/arm/export-ta_arm32/lib/libutee.a(utee_syscalls_a32.o)
 .ARM.extab.text._utee_storage_obj_seek
                0x0000000000017270        0x0 /optee/optee_os/out/arm/export-ta_arm32/lib/libutee.a(utee_syscalls_a32.o)
 .ARM.extab.text._utee_cryp_obj_generate_key
                0x0000000000017270        0x0 /optee/optee_os/out/arm/export-ta_arm32/lib/libutee.a(utee_syscalls_a32.o)
 .ARM.extab.text._utee_cache_operation
                0x0000000000017270        0x0 /optee/optee_os/out/arm/export-ta_arm32/lib/libutee.a(utee_syscalls_a32.o)
 .ARM.extab     0x0000000000017270        0x0 /optee/optee_os/out/arm/export-ta_arm32/lib/libutee.a(abort.o)
                [!provide]                        PROVIDE (__exidx_start = .)

.ARM.exidx      0x0000000000017270      0xb58
 *(SORT_BY_ALIGNMENT(.ARM.exidx*) SORT_BY_ALIGNMENT(.gnu.linkonce.armexidx.*))
 .ARM.exidx     0x0000000000017270       0x90 ./ta2.o
                                         0x98 (size before relaxing)
 .ARM.exidx     0x0000000000017300       0x88 ./spongent.o
 .ARM.exidx     0x0000000000017c48       0x10 ./user_ta_header.o
 .ARM.exidx.text.__ta_entry
                0x0000000000017388        0x8 ./ta_entry_a32.o
 .ARM.exidx     0x0000000000017390      0x160 /optee/optee_os/out/arm/export-ta_arm32/lib/libutils.a(bget_malloc.o)
 .ARM.exidx     0x0000000000017c58        0x8 /optee/optee_os/out/arm/export-ta_arm32/lib/libutils.a(memcmp.o)
 .ARM.exidx     0x0000000000017c60        0x8 /optee/optee_os/out/arm/export-ta_arm32/lib/libutils.a(memcpy.o)
 .ARM.exidx     0x0000000000017c68        0x8 /optee/optee_os/out/arm/export-ta_arm32/lib/libutils.a(memset.o)
 .ARM.exidx     0x00000000000174f0       0x40 /optee/optee_os/out/arm/export-ta_arm32/lib/libutils.a(trace.o)
 .ARM.exidx     0x0000000000017c70        0x8 /optee/optee_os/out/arm/export-ta_arm32/lib/libutils.a(aeabi_unwind.o)
                                         0x18 (size before relaxing)
 .ARM.exidx     0x0000000000017530       0x30 /optee/optee_os/out/arm/export-ta_arm32/lib/libutils.a(snprintk.o)
 .ARM.exidx     0x0000000000017c78        0x8 /optee/optee_os/out/arm/export-ta_arm32/lib/libutils.a(memchr.o)
 .ARM.exidx     0x0000000000017c80        0x8 /optee/optee_os/out/arm/export-ta_arm32/lib/libutils.a(strlen.o)
 .ARM.exidx.text.__aeabi_ldivmod
                0x0000000000017560        0x8 /optee/optee_os/out/arm/export-ta_arm32/lib/libutils.a(arm32_aeabi_ldivmod_a32.o)
 .ARM.exidx.text.__aeabi_uldivmod
                0x0000000000017568        0x8 /optee/optee_os/out/arm/export-ta_arm32/lib/libutils.a(arm32_aeabi_ldivmod_a32.o)
 .ARM.exidx     0x0000000000017c88       0x20 /optee/optee_os/out/arm/export-ta_arm32/lib/libutils.a(arm32_aeabi_ldivmod.o)
 .ARM.exidx     0x0000000000017570       0x10 /optee/optee_os/out/arm/export-ta_arm32/lib/libutee.a(assert.o)
 .ARM.exidx     0x0000000000017580       0x28 /optee/optee_os/out/arm/export-ta_arm32/lib/libutee.a(trace_ext.o)
 .ARM.exidx     0x00000000000175a8       0xc8 /optee/optee_os/out/arm/export-ta_arm32/lib/libutee.a(tee_api.o)
 .ARM.exidx     0x0000000000017ca8       0xf8 /optee/optee_os/out/arm/export-ta_arm32/lib/libutee.a(tee_api_objects.o)
 .ARM.exidx     0x0000000000017670      0x110 /optee/optee_os/out/arm/export-ta_arm32/lib/libutee.a(tee_api_operations.o)
                                        0x120 (size before relaxing)
 .ARM.exidx     0x0000000000017780       0x48 /optee/optee_os/out/arm/export-ta_arm32/lib/libutee.a(tee_api_panic.o)
 .ARM.exidx     0x00000000000177c8       0x30 /optee/optee_os/out/arm/export-ta_arm32/lib/libutee.a(tee_system_pta.o)
 .ARM.exidx.text._utee_panic
                0x00000000000177f8        0x8 /optee/optee_os/out/arm/export-ta_arm32/lib/libutee.a(utee_syscalls_a32.o)
 .ARM.exidx.text._utee_return
                0x0000000000017800        0x8 /optee/optee_os/out/arm/export-ta_arm32/lib/libutee.a(utee_syscalls_a32.o)
 .ARM.exidx.text._utee_log
                0x0000000000017808        0x0 /optee/optee_os/out/arm/export-ta_arm32/lib/libutee.a(utee_syscalls_a32.o)
                                          0x8 (size before relaxing)
 .ARM.exidx.text.__utee_panic
                0x0000000000017808        0x0 /optee/optee_os/out/arm/export-ta_arm32/lib/libutee.a(utee_syscalls_a32.o)
                                          0x8 (size before relaxing)
 .ARM.exidx.text._utee_get_property
                0x0000000000017808        0x0 /optee/optee_os/out/arm/export-ta_arm32/lib/libutee.a(utee_syscalls_a32.o)
                                          0x8 (size before relaxing)
 .ARM.exidx.text._utee_get_property_name_to_index
                0x0000000000017808        0x0 /optee/optee_os/out/arm/export-ta_arm32/lib/libutee.a(utee_syscalls_a32.o)
                                          0x8 (size before relaxing)
 .ARM.exidx.text._utee_open_ta_session
                0x0000000000017808        0x0 /optee/optee_os/out/arm/export-ta_arm32/lib/libutee.a(utee_syscalls_a32.o)
                                          0x8 (size before relaxing)
 .ARM.exidx.text._utee_close_ta_session
                0x0000000000017808        0x0 /optee/optee_os/out/arm/export-ta_arm32/lib/libutee.a(utee_syscalls_a32.o)
                                          0x8 (size before relaxing)
 .ARM.exidx.text._utee_invoke_ta_command
                0x0000000000017808        0x0 /optee/optee_os/out/arm/export-ta_arm32/lib/libutee.a(utee_syscalls_a32.o)
                                          0x8 (size before relaxing)
 .ARM.exidx.text._utee_get_cancellation_flag
                0x0000000000017808        0x0 /optee/optee_os/out/arm/export-ta_arm32/lib/libutee.a(utee_syscalls_a32.o)
                                          0x8 (size before relaxing)
 .ARM.exidx.text._utee_check_access_rights
                0x0000000000017808        0x0 /optee/optee_os/out/arm/export-ta_arm32/lib/libutee.a(utee_syscalls_a32.o)
                                          0x8 (size before relaxing)
 .ARM.exidx.text._utee_unmask_cancellation
                0x0000000000017808        0x0 /optee/optee_os/out/arm/export-ta_arm32/lib/libutee.a(utee_syscalls_a32.o)
                                          0x8 (size before relaxing)
 .ARM.exidx.text._utee_mask_cancellation
                0x0000000000017808        0x0 /optee/optee_os/out/arm/export-ta_arm32/lib/libutee.a(utee_syscalls_a32.o)
                                          0x8 (size before relaxing)
 .ARM.exidx.text._utee_wait
                0x0000000000017808        0x0 /optee/optee_os/out/arm/export-ta_arm32/lib/libutee.a(utee_syscalls_a32.o)
                                          0x8 (size before relaxing)
 .ARM.exidx.text._utee_get_time
                0x0000000000017808        0x0 /optee/optee_os/out/arm/export-ta_arm32/lib/libutee.a(utee_syscalls_a32.o)
                                          0x8 (size before relaxing)
 .ARM.exidx.text._utee_set_ta_time
                0x0000000000017808        0x0 /optee/optee_os/out/arm/export-ta_arm32/lib/libutee.a(utee_syscalls_a32.o)
                                          0x8 (size before relaxing)
 .ARM.exidx.text._utee_cryp_state_alloc
                0x0000000000017808        0x0 /optee/optee_os/out/arm/export-ta_arm32/lib/libutee.a(utee_syscalls_a32.o)
                                          0x8 (size before relaxing)
 .ARM.exidx.text._utee_cryp_state_copy
                0x0000000000017808        0x0 /optee/optee_os/out/arm/export-ta_arm32/lib/libutee.a(utee_syscalls_a32.o)
                                          0x8 (size before relaxing)
 .ARM.exidx.text._utee_cryp_state_free
                0x0000000000017808        0x0 /optee/optee_os/out/arm/export-ta_arm32/lib/libutee.a(utee_syscalls_a32.o)
                                          0x8 (size before relaxing)
 .ARM.exidx.text._utee_hash_init
                0x0000000000017808        0x0 /optee/optee_os/out/arm/export-ta_arm32/lib/libutee.a(utee_syscalls_a32.o)
                                          0x8 (size before relaxing)
 .ARM.exidx.text._utee_hash_update
                0x0000000000017808        0x0 /optee/optee_os/out/arm/export-ta_arm32/lib/libutee.a(utee_syscalls_a32.o)
                                          0x8 (size before relaxing)
 .ARM.exidx.text._utee_hash_final
                0x0000000000017808        0x0 /optee/optee_os/out/arm/export-ta_arm32/lib/libutee.a(utee_syscalls_a32.o)
                                          0x8 (size before relaxing)
 .ARM.exidx.text._utee_cipher_init
                0x0000000000017808        0x0 /optee/optee_os/out/arm/export-ta_arm32/lib/libutee.a(utee_syscalls_a32.o)
                                          0x8 (size before relaxing)
 .ARM.exidx.text._utee_cipher_update
                0x0000000000017808        0x0 /optee/optee_os/out/arm/export-ta_arm32/lib/libutee.a(utee_syscalls_a32.o)
                                          0x8 (size before relaxing)
 .ARM.exidx.text._utee_cipher_final
                0x0000000000017808        0x0 /optee/optee_os/out/arm/export-ta_arm32/lib/libutee.a(utee_syscalls_a32.o)
                                          0x8 (size before relaxing)
 .ARM.exidx.text._utee_cryp_obj_get_info
                0x0000000000017808        0x0 /optee/optee_os/out/arm/export-ta_arm32/lib/libutee.a(utee_syscalls_a32.o)
                                          0x8 (size before relaxing)
 .ARM.exidx.text._utee_cryp_obj_restrict_usage
                0x0000000000017808        0x0 /optee/optee_os/out/arm/export-ta_arm32/lib/libutee.a(utee_syscalls_a32.o)
                                          0x8 (size before relaxing)
 .ARM.exidx.text._utee_cryp_obj_get_attr
                0x0000000000017808        0x0 /optee/optee_os/out/arm/export-ta_arm32/lib/libutee.a(utee_syscalls_a32.o)
                                          0x8 (size before relaxing)
 .ARM.exidx.text._utee_cryp_obj_alloc
                0x0000000000017808        0x0 /optee/optee_os/out/arm/export-ta_arm32/lib/libutee.a(utee_syscalls_a32.o)
                                          0x8 (size before relaxing)
 .ARM.exidx.text._utee_cryp_obj_close
                0x0000000000017808        0x0 /optee/optee_os/out/arm/export-ta_arm32/lib/libutee.a(utee_syscalls_a32.o)
                                          0x8 (size before relaxing)
 .ARM.exidx.text._utee_cryp_obj_reset
                0x0000000000017808        0x0 /optee/optee_os/out/arm/export-ta_arm32/lib/libutee.a(utee_syscalls_a32.o)
                                          0x8 (size before relaxing)
 .ARM.exidx.text._utee_cryp_obj_populate
                0x0000000000017808        0x0 /optee/optee_os/out/arm/export-ta_arm32/lib/libutee.a(utee_syscalls_a32.o)
                                          0x8 (size before relaxing)
 .ARM.exidx.text._utee_cryp_obj_copy
                0x0000000000017808        0x0 /optee/optee_os/out/arm/export-ta_arm32/lib/libutee.a(utee_syscalls_a32.o)
                                          0x8 (size before relaxing)
 .ARM.exidx.text._utee_cryp_derive_key
                0x0000000000017808        0x0 /optee/optee_os/out/arm/export-ta_arm32/lib/libutee.a(utee_syscalls_a32.o)
                                          0x8 (size before relaxing)
 .ARM.exidx.text._utee_cryp_random_number_generate
                0x0000000000017808        0x0 /optee/optee_os/out/arm/export-ta_arm32/lib/libutee.a(utee_syscalls_a32.o)
                                          0x8 (size before relaxing)
 .ARM.exidx.text._utee_authenc_init
                0x0000000000017808        0x0 /optee/optee_os/out/arm/export-ta_arm32/lib/libutee.a(utee_syscalls_a32.o)
                                          0x8 (size before relaxing)
 .ARM.exidx.text._utee_authenc_update_aad
                0x0000000000017808        0x0 /optee/optee_os/out/arm/export-ta_arm32/lib/libutee.a(utee_syscalls_a32.o)
                                          0x8 (size before relaxing)
 .ARM.exidx.text._utee_authenc_update_payload
                0x0000000000017808        0x0 /optee/optee_os/out/arm/export-ta_arm32/lib/libutee.a(utee_syscalls_a32.o)
                                          0x8 (size before relaxing)
 .ARM.exidx.text._utee_authenc_enc_final
                0x0000000000017808        0x0 /optee/optee_os/out/arm/export-ta_arm32/lib/libutee.a(utee_syscalls_a32.o)
                                          0x8 (size before relaxing)
 .ARM.exidx.text._utee_authenc_dec_final
                0x0000000000017808        0x0 /optee/optee_os/out/arm/export-ta_arm32/lib/libutee.a(utee_syscalls_a32.o)
                                          0x8 (size before relaxing)
 .ARM.exidx.text._utee_asymm_operate
                0x0000000000017808        0x0 /optee/optee_os/out/arm/export-ta_arm32/lib/libutee.a(utee_syscalls_a32.o)
                                          0x8 (size before relaxing)
 .ARM.exidx.text._utee_asymm_verify
                0x0000000000017808        0x0 /optee/optee_os/out/arm/export-ta_arm32/lib/libutee.a(utee_syscalls_a32.o)
                                          0x8 (size before relaxing)
 .ARM.exidx.text._utee_storage_obj_open
                0x0000000000017808        0x0 /optee/optee_os/out/arm/export-ta_arm32/lib/libutee.a(utee_syscalls_a32.o)
                                          0x8 (size before relaxing)
 .ARM.exidx.text._utee_storage_obj_create
                0x0000000000017808        0x0 /optee/optee_os/out/arm/export-ta_arm32/lib/libutee.a(utee_syscalls_a32.o)
                                          0x8 (size before relaxing)
 .ARM.exidx.text._utee_storage_obj_del
                0x0000000000017808        0x0 /optee/optee_os/out/arm/export-ta_arm32/lib/libutee.a(utee_syscalls_a32.o)
                                          0x8 (size before relaxing)
 .ARM.exidx.text._utee_storage_obj_rename
                0x0000000000017808        0x0 /optee/optee_os/out/arm/export-ta_arm32/lib/libutee.a(utee_syscalls_a32.o)
                                          0x8 (size before relaxing)
 .ARM.exidx.text._utee_storage_alloc_enum
                0x0000000000017808        0x0 /optee/optee_os/out/arm/export-ta_arm32/lib/libutee.a(utee_syscalls_a32.o)
                                          0x8 (size before relaxing)
 .ARM.exidx.text._utee_storage_free_enum
                0x0000000000017808        0x0 /optee/optee_os/out/arm/export-ta_arm32/lib/libutee.a(utee_syscalls_a32.o)
                                          0x8 (size before relaxing)
 .ARM.exidx.text._utee_storage_reset_enum
                0x0000000000017808        0x0 /optee/optee_os/out/arm/export-ta_arm32/lib/libutee.a(utee_syscalls_a32.o)
                                          0x8 (size before relaxing)
 .ARM.exidx.text._utee_storage_start_enum
                0x0000000000017808        0x0 /optee/optee_os/out/arm/export-ta_arm32/lib/libutee.a(utee_syscalls_a32.o)
                                          0x8 (size before relaxing)
 .ARM.exidx.text._utee_storage_next_enum
                0x0000000000017808        0x0 /optee/optee_os/out/arm/export-ta_arm32/lib/libutee.a(utee_syscalls_a32.o)
                                          0x8 (size before relaxing)
 .ARM.exidx.text._utee_storage_obj_read
                0x0000000000017808        0x0 /optee/optee_os/out/arm/export-ta_arm32/lib/libutee.a(utee_syscalls_a32.o)
                                          0x8 (size before relaxing)
 .ARM.exidx.text._utee_storage_obj_write
                0x0000000000017808        0x0 /optee/optee_os/out/arm/export-ta_arm32/lib/libutee.a(utee_syscalls_a32.o)
                                          0x8 (size before relaxing)
 .ARM.exidx.text._utee_storage_obj_trunc
                0x0000000000017808        0x0 /optee/optee_os/out/arm/export-ta_arm32/lib/libutee.a(utee_syscalls_a32.o)
                                          0x8 (size before relaxing)
 .ARM.exidx.text._utee_storage_obj_seek
                0x0000000000017808        0x0 /optee/optee_os/out/arm/export-ta_arm32/lib/libutee.a(utee_syscalls_a32.o)
                                          0x8 (size before relaxing)
 .ARM.exidx.text._utee_cryp_obj_generate_key
                0x0000000000017808        0x0 /optee/optee_os/out/arm/export-ta_arm32/lib/libutee.a(utee_syscalls_a32.o)
                                          0x8 (size before relaxing)
 .ARM.exidx.text._utee_cache_operation
                0x0000000000017808        0x0 /optee/optee_os/out/arm/export-ta_arm32/lib/libutee.a(utee_syscalls_a32.o)
                                          0x8 (size before relaxing)
 .ARM.exidx     0x0000000000017808       0x90 /optee/optee_os/out/arm/export-ta_arm32/lib/libutee.a(user_ta_entry.o)
                                         0x98 (size before relaxing)
 .ARM.exidx     0x0000000000017898        0x8 /optee/optee_os/out/arm/export-ta_arm32/lib/libutee.a(abort.o)
 .ARM.exidx     0x00000000000178a0      0x158 /optee/optee_os/out/arm/export-ta_arm32/lib/libutee.a(tee_api_arith_mpi.o)
 .ARM.exidx     0x00000000000179f8       0x18 /optee/optee_os/out/arm/export-ta_arm32/lib/libutee.a(tcb.o)
 .ARM.exidx     0x0000000000017a10      0x200 /optee/optee_os/out/arm/export-ta_arm32/lib/libmbedtls.a(bignum.o)
 .ARM.exidx     0x0000000000017c10        0x8 /optee/optee_os/out/arm/export-ta_arm32/lib/libmbedtls.a(platform_util.o)
 .ARM.exidx     0x0000000000017da0       0x10 /optee/optee_os/out/arm/export-ta_arm32/lib/libutils.a(snprintf.o)
 .ARM.exidx     0x0000000000017db0        0x8 /optee/optee_os/out/arm/export-ta_arm32/lib/libutils.a(memmove.o)
 .ARM.exidx     0x0000000000017c18       0x30 /optee/optee_os/out/arm/export-ta_arm32/lib/libutils.a(mempool.o)
 .ARM.exidx     0x0000000000017db8       0x10 /optee/optee_os/out/arm/export-ta_arm32/lib/libutils.a(consttime_memcmp.o)
                                          0x8 (size before relaxing)
                [!provide]                        PROVIDE (__exidx_end = .)

.ctors
 *(SORT_BY_ALIGNMENT(.ctors))

.dtors
 *(SORT_BY_ALIGNMENT(.dtors))

.dynsym         0x0000000000017dc8       0x60
 *(SORT_BY_ALIGNMENT(.dynsym))
 .dynsym        0x0000000000017dc8       0x60 ./ta2.o

.dynstr         0x0000000000017e28       0x2e
 *(SORT_BY_ALIGNMENT(.dynstr))
 .dynstr        0x0000000000017e28       0x2e ./ta2.o

.hash           0x0000000000017e58       0x2c
 *(SORT_BY_ALIGNMENT(.hash))
 .hash          0x0000000000017e58       0x2c ./ta2.o
                0x0000000000018000                . = ALIGN (0x1000)

.dynamic        0x0000000000018000       0x88
 *(SORT_BY_ALIGNMENT(.dynamic))
 .dynamic       0x0000000000018000       0x88 ./ta2.o
                0x0000000000018000                _DYNAMIC

.tdata
 *(SORT_BY_ALIGNMENT(.tdata) SORT_BY_ALIGNMENT(.tdata.*) SORT_BY_ALIGNMENT(.gnu.linkonce.td.*))

.tbss
 *(SORT_BY_ALIGNMENT(.tbss) SORT_BY_ALIGNMENT(.tbss.*) SORT_BY_ALIGNMENT(.gnu.linkonce.tb.*))
 *(SORT_BY_ALIGNMENT(.tcommon))

.got            0x0000000000018088       0x54
 *(SORT_BY_ALIGNMENT(.got.plt))
 .got.plt       0x0000000000018088        0xc ./ta2.o
                0x0000000000018088                _GLOBAL_OFFSET_TABLE_
 *(SORT_BY_ALIGNMENT(.got))
 .got           0x0000000000018094       0x48 ./ta2.o

.rel.text
 *(SORT_BY_ALIGNMENT(.rel.text))
 *(SORT_BY_ALIGNMENT(.rel.gnu.linkonce.t*))

.rela.text
 *(SORT_BY_ALIGNMENT(.rela.text))
 *(SORT_BY_ALIGNMENT(.rela.gnu.linkonce.t*))

.rel.data
 *(SORT_BY_ALIGNMENT(.rel.data))
 *(SORT_BY_ALIGNMENT(.rel.gnu.linkonce.d*))

.rela.data
 *(SORT_BY_ALIGNMENT(.rela.data))
 *(SORT_BY_ALIGNMENT(.rela.gnu.linkonce.d*))

.rel.tdata
 *(SORT_BY_ALIGNMENT(.rel.tdata) SORT_BY_ALIGNMENT(.rel.tdata.*) SORT_BY_ALIGNMENT(.rel.gnu.linkonce.td.*))

.rela.tdata
 *(SORT_BY_ALIGNMENT(.rela.tdata) SORT_BY_ALIGNMENT(.rela.tdata.*) SORT_BY_ALIGNMENT(.rela.gnu.linkonce.td.*))

.rel.tbss
 *(SORT_BY_ALIGNMENT(.rel.tbss) SORT_BY_ALIGNMENT(.rel.tbss.*) SORT_BY_ALIGNMENT(.rel.gnu.linkonce.tb.*))

.rela.tbss
 *(SORT_BY_ALIGNMENT(.rela.tbss) SORT_BY_ALIGNMENT(.rela.tbss.*) SORT_BY_ALIGNMENT(.rela.gnu.linkonce.tb.*))

.rel.rodata
 *(SORT_BY_ALIGNMENT(.rel.rodata))
 *(SORT_BY_ALIGNMENT(.rel.gnu.linkonce.r*))

.rela.rodata
 *(SORT_BY_ALIGNMENT(.rela.rodata))
 *(SORT_BY_ALIGNMENT(.rela.gnu.linkonce.r*))

.rel.dyn        0x00000000000180dc       0x98
 *(SORT_BY_ALIGNMENT(.rel.dyn))
 .rel.data.rel.ro
                0x00000000000180dc        0x0 ./ta2.o
 .rel.iplt      0x00000000000180dc        0x0 ./ta2.o
 .rel.data.rel.ro.local
                0x00000000000180dc       0x70 ./ta2.o
 .rel.data.rel.local
                0x000000000001814c       0x20 ./ta2.o
 .rel.data.rel  0x000000000001816c        0x8 ./ta2.o

.rel.got        0x0000000000018174       0x90
 *(SORT_BY_ALIGNMENT(.rel.got))
 .rel.got       0x0000000000018174       0x90 ./ta2.o

.rela.got
 *(SORT_BY_ALIGNMENT(.rela.got))

.rel.ctors
 *(SORT_BY_ALIGNMENT(.rel.ctors))

.rela.ctors
 *(SORT_BY_ALIGNMENT(.rela.ctors))

.rel.dtors
 *(SORT_BY_ALIGNMENT(.rel.dtors))

.rela.dtors
 *(SORT_BY_ALIGNMENT(.rela.dtors))

.rel.init
 *(SORT_BY_ALIGNMENT(.rel.init))

.rela.init
 *(SORT_BY_ALIGNMENT(.rela.init))

.rel.fini
 *(SORT_BY_ALIGNMENT(.rel.fini))

.rela.fini
 *(SORT_BY_ALIGNMENT(.rela.fini))

.rel.bss        0x0000000000018204        0x0
 *(SORT_BY_ALIGNMENT(.rel.bss))
 .rel.bss       0x0000000000018204        0x0 ./ta2.o

.rela.bss
 *(SORT_BY_ALIGNMENT(.rela.bss))

.rel.plt        0x0000000000018204        0x0
 *(SORT_BY_ALIGNMENT(.rel.plt))
 .rel.plt       0x0000000000018204        0x0 ./ta2.o

.rela.plt
 *(SORT_BY_ALIGNMENT(.rela.plt))

.data           0x0000000000018204      0x508
 *(SORT_BY_ALIGNMENT(.data) SORT_BY_ALIGNMENT(.data.*) SORT_BY_ALIGNMENT(.gnu.linkonce.d.*))
 .data          0x0000000000018204      0x440 ./spongent.o
                0x0000000000018204                S
                0x0000000000018244                sBoxLayer
 .data          0x0000000000018644        0x4 ./user_ta_header.o
                0x0000000000018644                trace_level
 .data.rel.ro.local
                0x0000000000018648       0x54 ./user_ta_header.o
                0x0000000000018648                ta_props
 .data.rel.local
                0x000000000001869c       0x5c /optee/optee_os/out/arm/export-ta_arm32/lib/libutils.a(bget_malloc.o)
 .data.rel.local
                0x00000000000186f8       0x10 /optee/optee_os/out/arm/export-ta_arm32/lib/libutee.a(user_ta_entry.o)
 .data.rel      0x0000000000018708        0x4 /optee/optee_os/out/arm/export-ta_arm32/lib/libmbedtls.a(platform_util.o)
 .data          0x000000000001870c        0x0 ./ta2.o
 .data.rel.ro   0x000000000001870c        0x0 ./ta2.o
 .data          0x000000000001870c        0x0 ./ta_entry_a32.o
 .data          0x000000000001870c        0x0 /optee/optee_os/out/arm/export-ta_arm32/lib/libutils.a(bget_malloc.o)
 .data          0x000000000001870c        0x0 /optee/optee_os/out/arm/export-ta_arm32/lib/libutils.a(memcmp.o)
 .data          0x000000000001870c        0x0 /optee/optee_os/out/arm/export-ta_arm32/lib/libutils.a(memcpy.o)
 .data          0x000000000001870c        0x0 /optee/optee_os/out/arm/export-ta_arm32/lib/libutils.a(memset.o)
 .data          0x000000000001870c        0x0 /optee/optee_os/out/arm/export-ta_arm32/lib/libutils.a(trace.o)
 .data          0x000000000001870c        0x0 /optee/optee_os/out/arm/export-ta_arm32/lib/libutils.a(aeabi_unwind.o)
 .data          0x000000000001870c        0x0 /optee/optee_os/out/arm/export-ta_arm32/lib/libutils.a(snprintk.o)
 .data          0x000000000001870c        0x0 /optee/optee_os/out/arm/export-ta_arm32/lib/libutils.a(memchr.o)
 .data          0x000000000001870c        0x0 /optee/optee_os/out/arm/export-ta_arm32/lib/libutils.a(strlen.o)
 .data          0x000000000001870c        0x0 /optee/optee_os/out/arm/export-ta_arm32/lib/libutils.a(arm32_aeabi_ldivmod_a32.o)
 .data          0x000000000001870c        0x0 /optee/optee_os/out/arm/export-ta_arm32/lib/libutils.a(arm32_aeabi_ldivmod.o)
 .data          0x000000000001870c        0x0 /optee/optee_os/out/arm/export-ta_arm32/lib/libutee.a(assert.o)
 .data          0x000000000001870c        0x0 /optee/optee_os/out/arm/export-ta_arm32/lib/libutee.a(trace_ext.o)
 .data          0x000000000001870c        0x0 /optee/optee_os/out/arm/export-ta_arm32/lib/libutee.a(tee_api.o)
 .data          0x000000000001870c        0x0 /optee/optee_os/out/arm/export-ta_arm32/lib/libutee.a(tee_api_objects.o)
 .data          0x000000000001870c        0x0 /optee/optee_os/out/arm/export-ta_arm32/lib/libutee.a(tee_api_operations.o)
 .data          0x000000000001870c        0x0 /optee/optee_os/out/arm/export-ta_arm32/lib/libutee.a(tee_api_panic.o)
 .data          0x000000000001870c        0x0 /optee/optee_os/out/arm/export-ta_arm32/lib/libutee.a(tee_system_pta.o)
 .data          0x000000000001870c        0x0 /optee/optee_os/out/arm/export-ta_arm32/lib/libutee.a(utee_syscalls_a32.o)
 .data          0x000000000001870c        0x0 /optee/optee_os/out/arm/export-ta_arm32/lib/libutee.a(user_ta_entry.o)
 .data          0x000000000001870c        0x0 /optee/optee_os/out/arm/export-ta_arm32/lib/libutee.a(abort.o)
 .data          0x000000000001870c        0x0 /optee/optee_os/out/arm/export-ta_arm32/lib/libutee.a(tee_api_arith_mpi.o)
 .data          0x000000000001870c        0x0 /optee/optee_os/out/arm/export-ta_arm32/lib/libutee.a(tcb.o)
 .data          0x000000000001870c        0x0 /optee/optee_os/out/arm/export-ta_arm32/lib/libmbedtls.a(bignum.o)
 .data          0x000000000001870c        0x0 /optee/optee_os/out/arm/export-ta_arm32/lib/libmbedtls.a(platform_util.o)
 .data          0x000000000001870c        0x0 /optee/optee_os/out/arm/export-ta_arm32/lib/libutils.a(snprintf.o)
 .data          0x000000000001870c        0x0 /optee/optee_os/out/arm/export-ta_arm32/lib/libutils.a(memmove.o)
 .data          0x000000000001870c        0x0 /optee/optee_os/out/arm/export-ta_arm32/lib/libutils.a(mempool.o)
 .data          0x000000000001870c        0x0 /optee/optee_os/out/arm/export-ta_arm32/lib/libutils.a(consttime_memcmp.o)

.igot.plt       0x000000000001870c        0x0
 .igot.plt      0x000000000001870c        0x0 ./ta2.o

.bss            0x000000000001870c     0xb064
 *(SORT_BY_ALIGNMENT(.bss) SORT_BY_ALIGNMENT(.bss.*) SORT_BY_ALIGNMENT(.gnu.linkonce.b.*) SORT_BY_ALIGNMENT(COMMON))
 .bss           0x000000000001870c       0x18 ./ta2.o
                0x000000000001870c                total_node
                0x0000000000018710                module_key
 .bss           0x0000000000018724     0x8000 ./user_ta_header.o
                0x0000000000018724                ta_heap
 .bss           0x0000000000020724        0x4 /optee/optee_os/out/arm/export-ta_arm32/lib/libutee.a(tee_api.o)
 .bss           0x0000000000020728        0x4 /optee/optee_os/out/arm/export-ta_arm32/lib/libutee.a(tee_system_pta.o)
 .bss           0x000000000002072c       0x38 /optee/optee_os/out/arm/export-ta_arm32/lib/libutee.a(user_ta_entry.o)
                0x000000000002072c                ta_param_types
                0x0000000000020730                ta_params
                0x0000000000020750                __elf_phdr_info
 .bss           0x0000000000020764     0x3000 /optee/optee_os/out/arm/export-ta_arm32/lib/libutee.a(tee_api_arith_mpi.o)
 .bss           0x0000000000023764        0x8 /optee/optee_os/out/arm/export-ta_arm32/lib/libutee.a(tcb.o)
 .bss           0x000000000002376c        0x4 /optee/optee_os/out/arm/export-ta_arm32/lib/libmbedtls.a(bignum.o)
                0x000000000002376c                mbedtls_mpi_mempool
 .bss           0x0000000000023770        0x0 ./spongent.o
 .bss           0x0000000000023770        0x0 ./ta_entry_a32.o
 .bss           0x0000000000023770        0x0 /optee/optee_os/out/arm/export-ta_arm32/lib/libutils.a(bget_malloc.o)
 .bss           0x0000000000023770        0x0 /optee/optee_os/out/arm/export-ta_arm32/lib/libutils.a(memcmp.o)
 .bss           0x0000000000023770        0x0 /optee/optee_os/out/arm/export-ta_arm32/lib/libutils.a(memcpy.o)
 .bss           0x0000000000023770        0x0 /optee/optee_os/out/arm/export-ta_arm32/lib/libutils.a(memset.o)
 .bss           0x0000000000023770        0x0 /optee/optee_os/out/arm/export-ta_arm32/lib/libutils.a(trace.o)
 .bss           0x0000000000023770        0x0 /optee/optee_os/out/arm/export-ta_arm32/lib/libutils.a(aeabi_unwind.o)
 .bss           0x0000000000023770        0x0 /optee/optee_os/out/arm/export-ta_arm32/lib/libutils.a(snprintk.o)
 .bss           0x0000000000023770        0x0 /optee/optee_os/out/arm/export-ta_arm32/lib/libutils.a(memchr.o)
 .bss           0x0000000000023770        0x0 /optee/optee_os/out/arm/export-ta_arm32/lib/libutils.a(strlen.o)
 .bss           0x0000000000023770        0x0 /optee/optee_os/out/arm/export-ta_arm32/lib/libutils.a(arm32_aeabi_ldivmod_a32.o)
 .bss           0x0000000000023770        0x0 /optee/optee_os/out/arm/export-ta_arm32/lib/libutils.a(arm32_aeabi_ldivmod.o)
 .bss           0x0000000000023770        0x0 /optee/optee_os/out/arm/export-ta_arm32/lib/libutee.a(assert.o)
 .bss           0x0000000000023770        0x0 /optee/optee_os/out/arm/export-ta_arm32/lib/libutee.a(trace_ext.o)
 .bss           0x0000000000023770        0x0 /optee/optee_os/out/arm/export-ta_arm32/lib/libutee.a(tee_api_objects.o)
 .bss           0x0000000000023770        0x0 /optee/optee_os/out/arm/export-ta_arm32/lib/libutee.a(tee_api_operations.o)
 .bss           0x0000000000023770        0x0 /optee/optee_os/out/arm/export-ta_arm32/lib/libutee.a(tee_api_panic.o)
 .bss           0x0000000000023770        0x0 /optee/optee_os/out/arm/export-ta_arm32/lib/libutee.a(utee_syscalls_a32.o)
 .bss           0x0000000000023770        0x0 /optee/optee_os/out/arm/export-ta_arm32/lib/libutee.a(abort.o)
 .bss           0x0000000000023770        0x0 /optee/optee_os/out/arm/export-ta_arm32/lib/libmbedtls.a(platform_util.o)
 .bss           0x0000000000023770        0x0 /optee/optee_os/out/arm/export-ta_arm32/lib/libutils.a(snprintf.o)
 .bss           0x0000000000023770        0x0 /optee/optee_os/out/arm/export-ta_arm32/lib/libutils.a(memmove.o)
 .bss           0x0000000000023770        0x0 /optee/optee_os/out/arm/export-ta_arm32/lib/libutils.a(mempool.o)
 .bss           0x0000000000023770        0x0 /optee/optee_os/out/arm/export-ta_arm32/lib/libutils.a(consttime_memcmp.o)
                0x0000000000023770                . = ALIGN (0x8)
                0x0000000000023770                __ftrace_buf_start = .
                0x0000000000023770                . = (. + DEFINED (__gnu_mcount_nc)?0x800:0x0)
                0x0000000000023770                __ftrace_buf_end = .

.dynbss         0x0000000000023770        0x0
 .dynbss        0x0000000000023770        0x0 ./ta2.o

/DISCARD/
 *(SORT_BY_ALIGNMENT(.interp))
LOAD ./ta2.o
LOAD ./spongent.o
LOAD ./user_ta_header.o
LOAD ./ta_entry_a32.o
START GROUP
LOAD /optee/optee_os/out/arm/export-ta_arm32/lib/libutils.a
LOAD /optee/optee_os/out/arm/export-ta_arm32/lib/libutee.a
LOAD /optee/optee_os/out/arm/export-ta_arm32/lib/libmbedtls.a
LOAD /optee/optee_os/out/arm/export-ta_arm32/lib/libdl.a
END GROUP
LOAD /optee/toolchains/aarch32/bin/../lib/gcc/arm-none-linux-gnueabihf/10.2.1/libgcc.a
LOAD /optee/optee_os/out/arm/export-ta_arm32/lib/libutils.a
OUTPUT(b210f0df-8a68-4b24-880a-8713586c4d10.elf elf32-littlearm)
LOAD linker stubs

.debug_info     0x0000000000000000     0xd69a
 .debug_info    0x0000000000000000      0xfa7 ./ta2.o
 .debug_info    0x0000000000000fa7      0x84e ./spongent.o
 .debug_info    0x00000000000017f5      0x3a5 ./user_ta_header.o
 .debug_info    0x0000000000001b9a       0x26 ./ta_entry_a32.o
 .debug_info    0x0000000000001bc0     0x1459 /optee/optee_os/out/arm/export-ta_arm32/lib/libutils.a(bget_malloc.o)
 .debug_info    0x0000000000003019       0xe1 /optee/optee_os/out/arm/export-ta_arm32/lib/libutils.a(memcmp.o)
 .debug_info    0x00000000000030fa      0x101 /optee/optee_os/out/arm/export-ta_arm32/lib/libutils.a(memcpy.o)
 .debug_info    0x00000000000031fb       0xe7 /optee/optee_os/out/arm/export-ta_arm32/lib/libutils.a(memset.o)
 .debug_info    0x00000000000032e2      0x3b9 /optee/optee_os/out/arm/export-ta_arm32/lib/libutils.a(trace.o)
 .debug_info    0x000000000000369b       0x60 /optee/optee_os/out/arm/export-ta_arm32/lib/libutils.a(aeabi_unwind.o)
 .debug_info    0x00000000000036fb      0x58e /optee/optee_os/out/arm/export-ta_arm32/lib/libutils.a(snprintk.o)
 .debug_info    0x0000000000003c89       0xf9 /optee/optee_os/out/arm/export-ta_arm32/lib/libutils.a(memchr.o)
 .debug_info    0x0000000000003d82       0xab /optee/optee_os/out/arm/export-ta_arm32/lib/libutils.a(strlen.o)
 .debug_info    0x0000000000003e2d       0x22 /optee/optee_os/out/arm/export-ta_arm32/lib/libutils.a(arm32_aeabi_ldivmod_a32.o)
 .debug_info    0x0000000000003e4f      0x218 /optee/optee_os/out/arm/export-ta_arm32/lib/libutils.a(arm32_aeabi_ldivmod.o)
 .debug_info    0x0000000000004067       0xf3 /optee/optee_os/out/arm/export-ta_arm32/lib/libutee.a(assert.o)
 .debug_info    0x000000000000415a      0x1ca /optee/optee_os/out/arm/export-ta_arm32/lib/libutee.a(trace_ext.o)
 .debug_info    0x0000000000004324      0xbbd /optee/optee_os/out/arm/export-ta_arm32/lib/libutee.a(tee_api.o)
 .debug_info    0x0000000000004ee1      0xf06 /optee/optee_os/out/arm/export-ta_arm32/lib/libutee.a(tee_api_objects.o)
 .debug_info    0x0000000000005de7     0x187d /optee/optee_os/out/arm/export-ta_arm32/lib/libutee.a(tee_api_operations.o)
 .debug_info    0x0000000000007664      0x32f /optee/optee_os/out/arm/export-ta_arm32/lib/libutee.a(tee_api_panic.o)
 .debug_info    0x0000000000007993      0x4a9 /optee/optee_os/out/arm/export-ta_arm32/lib/libutee.a(tee_system_pta.o)
 .debug_info    0x0000000000007e3c       0x22 /optee/optee_os/out/arm/export-ta_arm32/lib/libutee.a(utee_syscalls_a32.o)
 .debug_info    0x0000000000007e5e      0xca2 /optee/optee_os/out/arm/export-ta_arm32/lib/libutee.a(user_ta_entry.o)
 .debug_info    0x0000000000008b00       0x90 /optee/optee_os/out/arm/export-ta_arm32/lib/libutee.a(abort.o)
 .debug_info    0x0000000000008b90     0x1d3a /optee/optee_os/out/arm/export-ta_arm32/lib/libutee.a(tee_api_arith_mpi.o)
 .debug_info    0x000000000000a8ca      0x492 /optee/optee_os/out/arm/export-ta_arm32/lib/libutee.a(tcb.o)
 .debug_info    0x000000000000ad5c     0x21a4 /optee/optee_os/out/arm/export-ta_arm32/lib/libmbedtls.a(bignum.o)
 .debug_info    0x000000000000cf00       0xf1 /optee/optee_os/out/arm/export-ta_arm32/lib/libmbedtls.a(platform_util.o)
 .debug_info    0x000000000000cff1      0x143 /optee/optee_os/out/arm/export-ta_arm32/lib/libutils.a(snprintf.o)
 .debug_info    0x000000000000d134      0x101 /optee/optee_os/out/arm/export-ta_arm32/lib/libutils.a(memmove.o)
 .debug_info    0x000000000000d235      0x373 /optee/optee_os/out/arm/export-ta_arm32/lib/libutils.a(mempool.o)
 .debug_info    0x000000000000d5a8       0xf2 /optee/optee_os/out/arm/export-ta_arm32/lib/libutils.a(consttime_memcmp.o)

.debug_abbrev   0x0000000000000000     0x2c17
 .debug_abbrev  0x0000000000000000      0x2a9 ./ta2.o
 .debug_abbrev  0x00000000000002a9      0x246 ./spongent.o
 .debug_abbrev  0x00000000000004ef      0x174 ./user_ta_header.o
 .debug_abbrev  0x0000000000000663       0x14 ./ta_entry_a32.o
 .debug_abbrev  0x0000000000000677      0x2cc /optee/optee_os/out/arm/export-ta_arm32/lib/libutils.a(bget_malloc.o)
 .debug_abbrev  0x0000000000000943       0x8a /optee/optee_os/out/arm/export-ta_arm32/lib/libutils.a(memcmp.o)
 .debug_abbrev  0x00000000000009cd       0xa9 /optee/optee_os/out/arm/export-ta_arm32/lib/libutils.a(memcpy.o)
 .debug_abbrev  0x0000000000000a76       0x9d /optee/optee_os/out/arm/export-ta_arm32/lib/libutils.a(memset.o)
 .debug_abbrev  0x0000000000000b13      0x1af /optee/optee_os/out/arm/export-ta_arm32/lib/libutils.a(trace.o)
 .debug_abbrev  0x0000000000000cc2       0x31 /optee/optee_os/out/arm/export-ta_arm32/lib/libutils.a(aeabi_unwind.o)
 .debug_abbrev  0x0000000000000cf3      0x1b6 /optee/optee_os/out/arm/export-ta_arm32/lib/libutils.a(snprintk.o)
 .debug_abbrev  0x0000000000000ea9       0xba /optee/optee_os/out/arm/export-ta_arm32/lib/libutils.a(memchr.o)
 .debug_abbrev  0x0000000000000f63       0x8c /optee/optee_os/out/arm/export-ta_arm32/lib/libutils.a(strlen.o)
 .debug_abbrev  0x0000000000000fef       0x12 /optee/optee_os/out/arm/export-ta_arm32/lib/libutils.a(arm32_aeabi_ldivmod_a32.o)
 .debug_abbrev  0x0000000000001001       0xf0 /optee/optee_os/out/arm/export-ta_arm32/lib/libutils.a(arm32_aeabi_ldivmod.o)
 .debug_abbrev  0x00000000000010f1       0x87 /optee/optee_os/out/arm/export-ta_arm32/lib/libutee.a(assert.o)
 .debug_abbrev  0x0000000000001178      0x10d /optee/optee_os/out/arm/export-ta_arm32/lib/libutee.a(trace_ext.o)
 .debug_abbrev  0x0000000000001285      0x296 /optee/optee_os/out/arm/export-ta_arm32/lib/libutee.a(tee_api.o)
 .debug_abbrev  0x000000000000151b      0x255 /optee/optee_os/out/arm/export-ta_arm32/lib/libutee.a(tee_api_objects.o)
 .debug_abbrev  0x0000000000001770      0x2d7 /optee/optee_os/out/arm/export-ta_arm32/lib/libutee.a(tee_api_operations.o)
 .debug_abbrev  0x0000000000001a47      0x13f /optee/optee_os/out/arm/export-ta_arm32/lib/libutee.a(tee_api_panic.o)
 .debug_abbrev  0x0000000000001b86      0x185 /optee/optee_os/out/arm/export-ta_arm32/lib/libutee.a(tee_system_pta.o)
 .debug_abbrev  0x0000000000001d0b       0x12 /optee/optee_os/out/arm/export-ta_arm32/lib/libutee.a(utee_syscalls_a32.o)
 .debug_abbrev  0x0000000000001d1d      0x2ef /optee/optee_os/out/arm/export-ta_arm32/lib/libutee.a(user_ta_entry.o)
 .debug_abbrev  0x000000000000200c       0x4a /optee/optee_os/out/arm/export-ta_arm32/lib/libutee.a(abort.o)
 .debug_abbrev  0x0000000000002056      0x305 /optee/optee_os/out/arm/export-ta_arm32/lib/libutee.a(tee_api_arith_mpi.o)
 .debug_abbrev  0x000000000000235b      0x1a9 /optee/optee_os/out/arm/export-ta_arm32/lib/libutee.a(tcb.o)
 .debug_abbrev  0x0000000000002504      0x2d5 /optee/optee_os/out/arm/export-ta_arm32/lib/libmbedtls.a(bignum.o)
 .debug_abbrev  0x00000000000027d9       0xa8 /optee/optee_os/out/arm/export-ta_arm32/lib/libmbedtls.a(platform_util.o)
 .debug_abbrev  0x0000000000002881       0xf2 /optee/optee_os/out/arm/export-ta_arm32/lib/libutils.a(snprintf.o)
 .debug_abbrev  0x0000000000002973       0xa9 /optee/optee_os/out/arm/export-ta_arm32/lib/libutils.a(memmove.o)
 .debug_abbrev  0x0000000000002a1c      0x163 /optee/optee_os/out/arm/export-ta_arm32/lib/libutils.a(mempool.o)
 .debug_abbrev  0x0000000000002b7f       0x98 /optee/optee_os/out/arm/export-ta_arm32/lib/libutils.a(consttime_memcmp.o)

.debug_aranges  0x0000000000000000      0x5e8
 .debug_aranges
                0x0000000000000000       0x20 ./ta2.o
 .debug_aranges
                0x0000000000000020       0x20 ./spongent.o
 .debug_aranges
                0x0000000000000040       0x20 ./user_ta_header.o
 .debug_aranges
                0x0000000000000060       0x20 ./ta_entry_a32.o
 .debug_aranges
                0x0000000000000080       0x20 /optee/optee_os/out/arm/export-ta_arm32/lib/libutils.a(bget_malloc.o)
 .debug_aranges
                0x00000000000000a0       0x20 /optee/optee_os/out/arm/export-ta_arm32/lib/libutils.a(memcmp.o)
 .debug_aranges
                0x00000000000000c0       0x20 /optee/optee_os/out/arm/export-ta_arm32/lib/libutils.a(memcpy.o)
 .debug_aranges
                0x00000000000000e0       0x20 /optee/optee_os/out/arm/export-ta_arm32/lib/libutils.a(memset.o)
 .debug_aranges
                0x0000000000000100       0x20 /optee/optee_os/out/arm/export-ta_arm32/lib/libutils.a(trace.o)
 .debug_aranges
                0x0000000000000120       0x20 /optee/optee_os/out/arm/export-ta_arm32/lib/libutils.a(aeabi_unwind.o)
 .debug_aranges
                0x0000000000000140       0x20 /optee/optee_os/out/arm/export-ta_arm32/lib/libutils.a(snprintk.o)
 .debug_aranges
                0x0000000000000160       0x20 /optee/optee_os/out/arm/export-ta_arm32/lib/libutils.a(memchr.o)
 .debug_aranges
                0x0000000000000180       0x20 /optee/optee_os/out/arm/export-ta_arm32/lib/libutils.a(strlen.o)
 .debug_aranges
                0x00000000000001a0       0x28 /optee/optee_os/out/arm/export-ta_arm32/lib/libutils.a(arm32_aeabi_ldivmod_a32.o)
 .debug_aranges
                0x00000000000001c8       0x20 /optee/optee_os/out/arm/export-ta_arm32/lib/libutils.a(arm32_aeabi_ldivmod.o)
 .debug_aranges
                0x00000000000001e8       0x20 /optee/optee_os/out/arm/export-ta_arm32/lib/libutee.a(assert.o)
 .debug_aranges
                0x0000000000000208       0x20 /optee/optee_os/out/arm/export-ta_arm32/lib/libutee.a(trace_ext.o)
 .debug_aranges
                0x0000000000000228       0x20 /optee/optee_os/out/arm/export-ta_arm32/lib/libutee.a(tee_api.o)
 .debug_aranges
                0x0000000000000248       0x20 /optee/optee_os/out/arm/export-ta_arm32/lib/libutee.a(tee_api_objects.o)
 .debug_aranges
                0x0000000000000268       0x20 /optee/optee_os/out/arm/export-ta_arm32/lib/libutee.a(tee_api_operations.o)
 .debug_aranges
                0x0000000000000288       0x20 /optee/optee_os/out/arm/export-ta_arm32/lib/libutee.a(tee_api_panic.o)
 .debug_aranges
                0x00000000000002a8       0x20 /optee/optee_os/out/arm/export-ta_arm32/lib/libutee.a(tee_system_pta.o)
 .debug_aranges
                0x00000000000002c8      0x1e0 /optee/optee_os/out/arm/export-ta_arm32/lib/libutee.a(utee_syscalls_a32.o)
 .debug_aranges
                0x00000000000004a8       0x20 /optee/optee_os/out/arm/export-ta_arm32/lib/libutee.a(user_ta_entry.o)
 .debug_aranges
                0x00000000000004c8       0x20 /optee/optee_os/out/arm/export-ta_arm32/lib/libutee.a(abort.o)
 .debug_aranges
                0x00000000000004e8       0x20 /optee/optee_os/out/arm/export-ta_arm32/lib/libutee.a(tee_api_arith_mpi.o)
 .debug_aranges
                0x0000000000000508       0x20 /optee/optee_os/out/arm/export-ta_arm32/lib/libutee.a(tcb.o)
 .debug_aranges
                0x0000000000000528       0x20 /optee/optee_os/out/arm/export-ta_arm32/lib/libmbedtls.a(bignum.o)
 .debug_aranges
                0x0000000000000548       0x20 /optee/optee_os/out/arm/export-ta_arm32/lib/libmbedtls.a(platform_util.o)
 .debug_aranges
                0x0000000000000568       0x20 /optee/optee_os/out/arm/export-ta_arm32/lib/libutils.a(snprintf.o)
 .debug_aranges
                0x0000000000000588       0x20 /optee/optee_os/out/arm/export-ta_arm32/lib/libutils.a(memmove.o)
 .debug_aranges