Archive member included to satisfy reference by file (symbol)

/optee/optee_os/out/arm/export-ta_arm32/lib/libutils.a(bget_malloc.o)
                              ./ta1.o (malloc)
/optee/optee_os/out/arm/export-ta_arm32/lib/libutils.a(memcmp.o)
                              ./spongent.o (memcmp)
/optee/optee_os/out/arm/export-ta_arm32/lib/libutils.a(memcpy.o)
                              ./ta1.o (memcpy)
/optee/optee_os/out/arm/export-ta_arm32/lib/libutils.a(memset.o)
                              ./spongent.o (memset)
/optee/optee_os/out/arm/export-ta_arm32/lib/libutils.a(trace.o)
                              ./ta1.o (trace_printf)
/optee/optee_os/out/arm/export-ta_arm32/lib/libutils.a(aeabi_unwind.o)
                              ./ta1.o (__aeabi_unwind_cpp_pr0)
/optee/optee_os/out/arm/export-ta_arm32/lib/libutils.a(snprintk.o)
                              /optee/optee_os/out/arm/export-ta_arm32/lib/libutils.a(trace.o) (snprintk)
/optee/optee_os/out/arm/export-ta_arm32/lib/libutils.a(memchr.o)
                              /optee/optee_os/out/arm/export-ta_arm32/lib/libutils.a(snprintk.o) (memchr)
/optee/optee_os/out/arm/export-ta_arm32/lib/libutils.a(strlen.o)
                              /optee/optee_os/out/arm/export-ta_arm32/lib/libutils.a(snprintk.o) (strlen)
/optee/optee_os/out/arm/export-ta_arm32/lib/libutils.a(arm32_aeabi_ldivmod_a32.o)
                              /optee/optee_os/out/arm/export-ta_arm32/lib/libutils.a(snprintk.o) (__aeabi_uldivmod)
/optee/optee_os/out/arm/export-ta_arm32/lib/libutils.a(arm32_aeabi_ldivmod.o)
                              /optee/optee_os/out/arm/export-ta_arm32/lib/libutils.a(arm32_aeabi_ldivmod_a32.o) (__ul_divmod)
/optee/optee_os/out/arm/export-ta_arm32/lib/libutee.a(assert.o)
                              /optee/optee_os/out/arm/export-ta_arm32/lib/libutils.a(bget_malloc.o) (_assert_log)
/optee/optee_os/out/arm/export-ta_arm32/lib/libutee.a(trace_ext.o)
                              /optee/optee_os/out/arm/export-ta_arm32/lib/libutils.a(trace.o) (trace_ext_puts)
/optee/optee_os/out/arm/export-ta_arm32/lib/libutee.a(tee_api.o)
                              ./ta1.o (TEE_OpenTASession)
/optee/optee_os/out/arm/export-ta_arm32/lib/libutee.a(tee_api_objects.o)
                              ./ta1.o (TEE_AllocateTransientObject)
/optee/optee_os/out/arm/export-ta_arm32/lib/libutee.a(tee_api_operations.o)
                              ./ta1.o (TEE_AllocateOperation)
/optee/optee_os/out/arm/export-ta_arm32/lib/libutee.a(tee_api_panic.o)
                              /optee/optee_os/out/arm/export-ta_arm32/lib/libutee.a(tee_api.o) (TEE_Panic)
/optee/optee_os/out/arm/export-ta_arm32/lib/libutee.a(tee_system_pta.o)
                              /optee/optee_os/out/arm/export-ta_arm32/lib/libutee.a(tee_api.o) (tee_map_zi)
/optee/optee_os/out/arm/export-ta_arm32/lib/libutee.a(utee_syscalls_a32.o)
                              /optee/optee_os/out/arm/export-ta_arm32/lib/libutee.a(assert.o) (_utee_panic)
/optee/optee_os/out/arm/export-ta_arm32/lib/libutee.a(user_ta_entry.o)
                              ./user_ta_header.o (__utee_entry)
/optee/optee_os/out/arm/export-ta_arm32/lib/libutee.a(abort.o)
                              /optee/optee_os/out/arm/export-ta_arm32/lib/libutee.a(user_ta_entry.o) (abort)
/optee/optee_os/out/arm/export-ta_arm32/lib/libutee.a(tee_api_arith_mpi.o)
                              /optee/optee_os/out/arm/export-ta_arm32/lib/libutee.a(user_ta_entry.o) (_TEE_MathAPI_Init)
/optee/optee_os/out/arm/export-ta_arm32/lib/libutee.a(tcb.o)
                              /optee/optee_os/out/arm/export-ta_arm32/lib/libutee.a(user_ta_entry.o) (__utee_tcb_init)
/optee/optee_os/out/arm/export-ta_arm32/lib/libmbedtls.a(bignum.o)
                              /optee/optee_os/out/arm/export-ta_arm32/lib/libutee.a(tee_api_arith_mpi.o) (mbedtls_mpi_mempool)
/optee/optee_os/out/arm/export-ta_arm32/lib/libmbedtls.a(platform_util.o)
                              /optee/optee_os/out/arm/export-ta_arm32/lib/libmbedtls.a(bignum.o) (mbedtls_platform_zeroize)
/optee/optee_os/out/arm/export-ta_arm32/lib/libutils.a(snprintf.o)
                              /optee/optee_os/out/arm/export-ta_arm32/lib/libutee.a(trace_ext.o) (vsnprintf)
/optee/optee_os/out/arm/export-ta_arm32/lib/libutils.a(memmove.o)
                              /optee/optee_os/out/arm/export-ta_arm32/lib/libutee.a(tee_api.o) (memmove)
/optee/optee_os/out/arm/export-ta_arm32/lib/libutils.a(mempool.o)
                              /optee/optee_os/out/arm/export-ta_arm32/lib/libutee.a(tee_api_arith_mpi.o) (mempool_alloc_pool)
/optee/optee_os/out/arm/export-ta_arm32/lib/libutils.a(consttime_memcmp.o)
                              /optee/optee_os/out/arm/export-ta_arm32/lib/libutee.a(tee_api.o) (consttime_memcmp)

Discarded input sections

 .group         0x0000000000000000        0xc ./ta1.o
 .group         0x0000000000000000        0xc ./ta1.o
 .group         0x0000000000000000        0xc ./ta1.o
[...]
Memory Configuration

Name             Origin             Length             Attributes
*default*        0x0000000000000000 0xffffffffffffffff

Linker script and memory map


.ta_head        0x0000000000000000       0x20
 *(SORT_BY_ALIGNMENT(.ta_head))
 .ta_head       0x0000000000000000       0x20 ./user_ta_header.o
                0x0000000000000000                ta_head

.text           0x0000000000000020    0x14ef8
                0x0000000000000020                __text_start = .
 *(SORT_BY_ALIGNMENT(.text) SORT_BY_ALIGNMENT(.text.*))
 .text          0x0000000000000020     0x1664 ./ta1.o
                0x0000000000000020                malloc_aligned
                0x0000000000000048                connections_add
                0x00000000000000e4                connections_get
                0x000000000000016c                find_connections
                0x0000000000000d98                handle_output
                0x00000000000013cc                output
                0x0000000000001410                entry
                0x0000000000001450                TA_CreateEntryPoint
                0x0000000000001484                TA_DestroyEntryPoint
                0x00000000000014b4                TA_OpenSessionEntryPoint
                0x0000000000001550                TA_CloseSessionEntryPoint
                0x00000000000015dc                TA_InvokeCommandEntryPoint
 .text          0x0000000000001684      0xec8 ./spongent.o
                0x0000000000001684                min
                0x00000000000016be                copy_n
                0x0000000000001704                PrintState
                0x0000000000001750                lCounter
                0x00000000000017be                retnuoCl
                0x000000000000187e                Pi
                0x00000000000018d8                pLayer
                0x00000000000019ce                Permute
                0x0000000000001ad4                Init
                0x0000000000001b22                Absorb
                0x0000000000001b7a                Squeeze
                0x0000000000001baa                Pad
                0x0000000000001c92                SpongentHash
                0x0000000000001dfc                Duplexing
                0x0000000000001ec0                SpongentWrap
                0x0000000000002498                SpongentUnwrap
                0x0000000000002506                SpongentMac
 .text.__ta_entry
                0x000000000000254c        0x4 ./ta_entry_a32.o
                0x000000000000254c                __ta_entry
 .text          0x0000000000002550     0x15e8 /optee/optee_os/out/arm/export-ta_arm32/lib/libutils.a(bget_malloc.o)
                0x000000000000265c                bget
                0x00000000000029e8                bgetz
                0x0000000000002a90                bgetr
                0x0000000000002b58                brel
                0x0000000000002e90                bpool
                0x0000000000002f8c                bstats
                0x000000000000312c                malloc_reset_stats
                0x000000000000318a                malloc_get_stats
                0x0000000000003610                malloc
                0x00000000000036ac                calloc
                0x000000000000372e                realloc
                0x000000000000377c                memalign
                0x00000000000037f6                free
                0x0000000000003814                free_wipe
                0x0000000000003ab6                malloc_add_pool
                0x0000000000003ae0                malloc_buffer_is_within_alloced
                0x0000000000003b0c                malloc_buffer_overlaps_heap
 .text          0x0000000000003b38      0x4a0 /optee/optee_os/out/arm/export-ta_arm32/lib/libutils.a(trace.o)
                0x0000000000003b38                trace_set_level
                0x0000000000003b80                trace_get_level
                0x0000000000003c76                trace_printf
                0x0000000000003cac                trace_vprintf
                0x0000000000003fb8                dhex_dump
 .text          0x0000000000003fd8     0x1188 /optee/optee_os/out/arm/export-ta_arm32/lib/libutils.a(snprintk.o)
                0x0000000000003fd8                snprintk
                0x000000000000400e                vsnprintk
                0x000000000000403c                __vsnprintf
                0x00000000000040ae                __vsprintf
 .text.__aeabi_ldivmod
                0x0000000000005160       0x18 /optee/optee_os/out/arm/export-ta_arm32/lib/libutils.a(arm32_aeabi_ldivmod_a32.o)
                0x0000000000005160                __aeabi_ldivmod
 .text.__aeabi_uldivmod
                0x0000000000005178       0x18 /optee/optee_os/out/arm/export-ta_arm32/lib/libutils.a(arm32_aeabi_ldivmod_a32.o)
                0x0000000000005178                __aeabi_uldivmod
 .text          0x0000000000005190       0x5c /optee/optee_os/out/arm/export-ta_arm32/lib/libutee.a(assert.o)
                0x0000000000005190                _assert_log
                0x00000000000051d8                _assert_break
 .text          0x00000000000051ec      0x11c /optee/optee_os/out/arm/export-ta_arm32/lib/libutee.a(trace_ext.o)
                0x00000000000051ec                trace_ext_puts
                0x0000000000005210                trace_ext_get_thread_id
                0x0000000000005224                printf
                0x0000000000005298                puts
                0x00000000000052d0                putchar
 .text          0x0000000000005308      0xa48 /optee/optee_os/out/arm/export-ta_arm32/lib/libutee.a(tee_api.o)
                0x0000000000005716                TEE_OpenTASession
                0x0000000000005804                TEE_CloseTASession
                0x0000000000005834                TEE_InvokeTACommand
                0x000000000000595a                TEE_GetCancellationFlag
                0x000000000000598e                TEE_UnmaskCancellation
                0x00000000000059c2                TEE_MaskCancellation
                0x00000000000059f6                TEE_CheckMemoryAccessRights
                0x0000000000005a38                TEE_SetInstanceData
                0x0000000000005a5c                TEE_GetInstanceData
                0x0000000000005a78                TEE_MemMove
                0x0000000000005a9c                TEE_MemCompare
                0x0000000000005ac0                TEE_MemFill
                0x0000000000005ae6                TEE_GetSystemTime
                0x0000000000005b12                TEE_Wait
                0x0000000000005b4a                TEE_GetTAPersistentTime
                0x0000000000005bce                TEE_SetTAPersistentTime
                0x0000000000005c14                TEE_GetREETime
                0x0000000000005c40                TEE_Malloc
                0x0000000000005ca8                TEE_Realloc
                0x0000000000005cc8                TEE_Free
                0x0000000000005ce2                TEE_CacheClean
                0x0000000000005d06                TEE_CacheFlush
                0x0000000000005d2a                TEE_CacheInvalidate
 .text          0x0000000000005d50     0x3acc /optee/optee_os/out/arm/export-ta_arm32/lib/libutee.a(tee_api_operations.o)
                0x0000000000006068                TEE_AllocateOperation
                0x0000000000006e64                TEE_FreeOperation
                0x0000000000006eae                TEE_GetOperationInfo
                0x0000000000006f1c                TEE_GetOperationInfoMultiple
                0x00000000000070e8                TEE_ResetOperation
                0x0000000000007168                TEE_SetOperationKey
                0x00000000000072b2                TEE_SetOperationKey2
                0x00000000000074e4                TEE_CopyOperation
                0x0000000000007670                TEE_DigestUpdate
                0x00000000000076cc                TEE_DigestDoFinal
                0x000000000000778a                TEE_CipherInit
                0x0000000000007b52                TEE_CipherUpdate
                0x0000000000007d08                TEE_CipherDoFinal
                0x0000000000007fc0                TEE_MACInit
                0x0000000000008032                TEE_MACUpdate
                0x00000000000080b4                TEE_MACComputeFinal
                0x00000000000081a8                TEE_MACCompareFinal
                0x0000000000008282                TEE_AEInit
                0x0000000000008370                TEE_AEUpdateAAD
                0x00000000000083ea                TEE_AEUpdate
                0x0000000000008590                TEE_AEEncryptFinal
                0x00000000000087b4                TEE_AEDecryptFinal
                0x0000000000008994                TEE_AsymmetricEncrypt
                0x0000000000008b56                TEE_AsymmetricDecrypt
                0x0000000000008d18                TEE_AsymmetricSignDigest
                0x0000000000008ecc                TEE_AsymmetricVerifyDigest
                0x0000000000009056                TEE_DeriveKey
                0x000000000000921c                TEE_GenerateRandom
                0x0000000000009248                rand
                0x000000000000926e                TEE_IsAlgorithmSupported
 .text          0x000000000000981c      0x21c /optee/optee_os/out/arm/export-ta_arm32/lib/libutee.a(tee_api_panic.o)
                0x000000000000981c                TEE_Panic
                0x000000000000989a                __utee_check_outbuf_annotation
                0x00000000000098f4                __utee_check_instring_annotation
                0x0000000000009934                __utee_check_outstring_annotation
                0x000000000000998c                __utee_check_out_annotation
                0x00000000000099c0                __utee_check_attr_in_annotation
                0x0000000000009a04                __utee_check_inout_annotation
 .text          0x0000000000009a38      0x330 /optee/optee_os/out/arm/export-ta_arm32/lib/libutee.a(tee_system_pta.o)
                0x0000000000009b54                tee_map_zi
                0x0000000000009bec                tee_unmap
                0x0000000000009c9c                tee_invoke_supp_plugin
 .text          0x0000000000009d68        0x0 /optee/optee_os/out/arm/export-ta_arm32/lib/libutee.a(utee_syscalls_a32.o)
 .text._utee_panic
                0x0000000000009d68       0x14 /optee/optee_os/out/arm/export-ta_arm32/lib/libutee.a(utee_syscalls_a32.o)
                0x0000000000009d68                _utee_panic
 .text._utee_return
                0x0000000000009d7c       0x14 /optee/optee_os/out/arm/export-ta_arm32/lib/libutee.a(utee_syscalls_a32.o)
                0x0000000000009d7c                _utee_return
 .text._utee_log
                0x0000000000009d90       0x14 /optee/optee_os/out/arm/export-ta_arm32/lib/libutee.a(utee_syscalls_a32.o)
                0x0000000000009d90                _utee_log
 .text.__utee_panic
                0x0000000000009da4       0x14 /optee/optee_os/out/arm/export-ta_arm32/lib/libutee.a(utee_syscalls_a32.o)
                0x0000000000009da4                __utee_panic
 .text._utee_get_property
                0x0000000000009db8       0x18 /optee/optee_os/out/arm/export-ta_arm32/lib/libutee.a(utee_syscalls_a32.o)
                0x0000000000009db8                _utee_get_property
 .text._utee_get_property_name_to_index
                0x0000000000009dd0       0x14 /optee/optee_os/out/arm/export-ta_arm32/lib/libutee.a(utee_syscalls_a32.o)
                0x0000000000009dd0                _utee_get_property_name_to_index
 .text._utee_open_ta_session
                0x0000000000009de4       0x18 /optee/optee_os/out/arm/export-ta_arm32/lib/libutee.a(utee_syscalls_a32.o)
                0x0000000000009de4                _utee_open_ta_session
 .text._utee_close_ta_session
                0x0000000000009dfc       0x14 /optee/optee_os/out/arm/export-ta_arm32/lib/libutee.a(utee_syscalls_a32.o)
                0x0000000000009dfc                _utee_close_ta_session
 .text._utee_invoke_ta_command
                0x0000000000009e10       0x18 /optee/optee_os/out/arm/export-ta_arm32/lib/libutee.a(utee_syscalls_a32.o)
                0x0000000000009e10                _utee_invoke_ta_command
 .text._utee_get_cancellation_flag
                0x0000000000009e28       0x14 /optee/optee_os/out/arm/export-ta_arm32/lib/libutee.a(utee_syscalls_a32.o)
                0x0000000000009e28                _utee_get_cancellation_flag
 .text._utee_check_access_rights
                0x0000000000009e3c       0x14 /optee/optee_os/out/arm/export-ta_arm32/lib/libutee.a(utee_syscalls_a32.o)
                0x0000000000009e3c                _utee_check_access_rights
 .text._utee_unmask_cancellation
                0x0000000000009e50       0x14 /optee/optee_os/out/arm/export-ta_arm32/lib/libutee.a(utee_syscalls_a32.o)
                0x0000000000009e50                _utee_unmask_cancellation
 .text._utee_mask_cancellation
                0x0000000000009e64       0x14 /optee/optee_os/out/arm/export-ta_arm32/lib/libutee.a(utee_syscalls_a32.o)
                0x0000000000009e64                _utee_mask_cancellation
 .text._utee_wait
                0x0000000000009e78       0x14 /optee/optee_os/out/arm/export-ta_arm32/lib/libutee.a(utee_syscalls_a32.o)
                0x0000000000009e78                _utee_wait
 .text._utee_get_time
                0x0000000000009e8c       0x14 /optee/optee_os/out/arm/export-ta_arm32/lib/libutee.a(utee_syscalls_a32.o)
                0x0000000000009e8c                _utee_get_time
 .text._utee_set_ta_time
                0x0000000000009ea0       0x14 /optee/optee_os/out/arm/export-ta_arm32/lib/libutee.a(utee_syscalls_a32.o)
                0x0000000000009ea0                _utee_set_ta_time
 .text._utee_cryp_state_alloc
                0x0000000000009eb4       0x18 /optee/optee_os/out/arm/export-ta_arm32/lib/libutee.a(utee_syscalls_a32.o)
                0x0000000000009eb4                _utee_cryp_state_alloc
 .text._utee_cryp_state_copy
                0x0000000000009ecc       0x14 /optee/optee_os/out/arm/export-ta_arm32/lib/libutee.a(utee_syscalls_a32.o)
                0x0000000000009ecc                _utee_cryp_state_copy
 .text._utee_cryp_state_free
                0x0000000000009ee0       0x14 /optee/optee_os/out/arm/export-ta_arm32/lib/libutee.a(utee_syscalls_a32.o)
                0x0000000000009ee0                _utee_cryp_state_free
 .text._utee_hash_init
                0x0000000000009ef4       0x14 /optee/optee_os/out/arm/export-ta_arm32/lib/libutee.a(utee_syscalls_a32.o)
                0x0000000000009ef4                _utee_hash_init
 .text._utee_hash_update
                0x0000000000009f08       0x14 /optee/optee_os/out/arm/export-ta_arm32/lib/libutee.a(utee_syscalls_a32.o)
                0x0000000000009f08                _utee_hash_update
 .text._utee_hash_final
                0x0000000000009f1c       0x18 /optee/optee_os/out/arm/export-ta_arm32/lib/libutee.a(utee_syscalls_a32.o)
                0x0000000000009f1c                _utee_hash_final
 .text._utee_cipher_init
                0x0000000000009f34       0x14 /optee/optee_os/out/arm/export-ta_arm32/lib/libutee.a(utee_syscalls_a32.o)
                0x0000000000009f34                _utee_cipher_init
 .text._utee_cipher_update
                0x0000000000009f48       0x18 /optee/optee_os/out/arm/export-ta_arm32/lib/libutee.a(utee_syscalls_a32.o)
                0x0000000000009f48                _utee_cipher_update
 .text._utee_cipher_final
                0x0000000000009f60       0x18 /optee/optee_os/out/arm/export-ta_arm32/lib/libutee.a(utee_syscalls_a32.o)
                0x0000000000009f60                _utee_cipher_final
 .text._utee_cryp_obj_get_info
                0x0000000000009f78       0x14 /optee/optee_os/out/arm/export-ta_arm32/lib/libutee.a(utee_syscalls_a32.o)
                0x0000000000009f78                _utee_cryp_obj_get_info
 .text._utee_cryp_obj_restrict_usage
                0x0000000000009f8c       0x14 /optee/optee_os/out/arm/export-ta_arm32/lib/libutee.a(utee_syscalls_a32.o)
                0x0000000000009f8c                _utee_cryp_obj_restrict_usage
 .text._utee_cryp_obj_get_attr
                0x0000000000009fa0       0x14 /optee/optee_os/out/arm/export-ta_arm32/lib/libutee.a(utee_syscalls_a32.o)
                0x0000000000009fa0                _utee_cryp_obj_get_attr
 .text._utee_cryp_obj_alloc
                0x0000000000009fb4       0x14 /optee/optee_os/out/arm/export-ta_arm32/lib/libutee.a(utee_syscalls_a32.o)
                0x0000000000009fb4                _utee_cryp_obj_alloc
 .text._utee_cryp_obj_close
                0x0000000000009fc8       0x14 /optee/optee_os/out/arm/export-ta_arm32/lib/libutee.a(utee_syscalls_a32.o)
                0x0000000000009fc8                _utee_cryp_obj_close
 .text._utee_cryp_obj_reset
                0x0000000000009fdc       0x14 /optee/optee_os/out/arm/export-ta_arm32/lib/libutee.a(utee_syscalls_a32.o)
                0x0000000000009fdc                _utee_cryp_obj_reset
 .text._utee_cryp_obj_populate
                0x0000000000009ff0       0x14 /optee/optee_os/out/arm/export-ta_arm32/lib/libutee.a(utee_syscalls_a32.o)
                0x0000000000009ff0                _utee_cryp_obj_populate
 .text._utee_cryp_obj_copy
                0x000000000000a004       0x14 /optee/optee_os/out/arm/export-ta_arm32/lib/libutee.a(utee_syscalls_a32.o)
                0x000000000000a004                _utee_cryp_obj_copy
 .text._utee_cryp_derive_key
                0x000000000000a018       0x14 /optee/optee_os/out/arm/export-ta_arm32/lib/libutee.a(utee_syscalls_a32.o)
                0x000000000000a018                _utee_cryp_derive_key
 .text._utee_cryp_random_number_generate
                0x000000000000a02c       0x14 /optee/optee_os/out/arm/export-ta_arm32/lib/libutee.a(utee_syscalls_a32.o)
                0x000000000000a02c                _utee_cryp_random_number_generate
 .text._utee_authenc_init
                0x000000000000a040       0x18 /optee/optee_os/out/arm/export-ta_arm32/lib/libutee.a(utee_syscalls_a32.o)
                0x000000000000a040                _utee_authenc_init
 .text._utee_authenc_update_aad
                0x000000000000a058       0x14 /optee/optee_os/out/arm/export-ta_arm32/lib/libutee.a(utee_syscalls_a32.o)
                0x000000000000a058                _utee_authenc_update_aad
 .text._utee_authenc_update_payload
                0x000000000000a06c       0x18 /optee/optee_os/out/arm/export-ta_arm32/lib/libutee.a(utee_syscalls_a32.o)
                0x000000000000a06c                _utee_authenc_update_payload
 .text._utee_authenc_enc_final
                0x000000000000a084       0x18 /optee/optee_os/out/arm/export-ta_arm32/lib/libutee.a(utee_syscalls_a32.o)
                0x000000000000a084                _utee_authenc_enc_final
 .text._utee_authenc_dec_final
                0x000000000000a09c       0x18 /optee/optee_os/out/arm/export-ta_arm32/lib/libutee.a(utee_syscalls_a32.o)
                0x000000000000a09c                _utee_authenc_dec_final
 .text._utee_asymm_operate
                0x000000000000a0b4       0x18 /optee/optee_os/out/arm/export-ta_arm32/lib/libutee.a(utee_syscalls_a32.o)
                0x000000000000a0b4                _utee_asymm_operate
 .text._utee_asymm_verify
                0x000000000000a0cc       0x18 /optee/optee_os/out/arm/export-ta_arm32/lib/libutee.a(utee_syscalls_a32.o)
                0x000000000000a0cc                _utee_asymm_verify
 .text._utee_storage_obj_open
                0x000000000000a0e4       0x18 /optee/optee_os/out/arm/export-ta_arm32/lib/libutee.a(utee_syscalls_a32.o)
                0x000000000000a0e4                _utee_storage_obj_open
 .text._utee_storage_obj_create
                0x000000000000a0fc       0x18 /optee/optee_os/out/arm/export-ta_arm32/lib/libutee.a(utee_syscalls_a32.o)
                0x000000000000a0fc                _utee_storage_obj_create
 .text._utee_storage_obj_del
                0x000000000000a114       0x14 /optee/optee_os/out/arm/export-ta_arm32/lib/libutee.a(utee_syscalls_a32.o)
                0x000000000000a114                _utee_storage_obj_del
 .text._utee_storage_obj_rename
                0x000000000000a128       0x14 /optee/optee_os/out/arm/export-ta_arm32/lib/libutee.a(utee_syscalls_a32.o)
                0x000000000000a128                _utee_storage_obj_rename
 .text._utee_storage_alloc_enum
                0x000000000000a13c       0x14 /optee/optee_os/out/arm/export-ta_arm32/lib/libutee.a(utee_syscalls_a32.o)
                0x000000000000a13c                _utee_storage_alloc_enum
 .text._utee_storage_free_enum
                0x000000000000a150       0x14 /optee/optee_os/out/arm/export-ta_arm32/lib/libutee.a(utee_syscalls_a32.o)
                0x000000000000a150                _utee_storage_free_enum
 .text._utee_storage_reset_enum
                0x000000000000a164       0x14 /optee/optee_os/out/arm/export-ta_arm32/lib/libutee.a(utee_syscalls_a32.o)
                0x000000000000a164                _utee_storage_reset_enum
 .text._utee_storage_start_enum
                0x000000000000a178       0x14 /optee/optee_os/out/arm/export-ta_arm32/lib/libutee.a(utee_syscalls_a32.o)
                0x000000000000a178                _utee_storage_start_enum
 .text._utee_storage_next_enum
                0x000000000000a18c       0x14 /optee/optee_os/out/arm/export-ta_arm32/lib/libutee.a(utee_syscalls_a32.o)
                0x000000000000a18c                _utee_storage_next_enum
 .text._utee_storage_obj_read
                0x000000000000a1a0       0x14 /optee/optee_os/out/arm/export-ta_arm32/lib/libutee.a(utee_syscalls_a32.o)
                0x000000000000a1a0                _utee_storage_obj_read
 .text._utee_storage_obj_write
                0x000000000000a1b4       0x14 /optee/optee_os/out/arm/export-ta_arm32/lib/libutee.a(utee_syscalls_a32.o)
                0x000000000000a1b4                _utee_storage_obj_write
 .text._utee_storage_obj_trunc
                0x000000000000a1c8       0x14 /optee/optee_os/out/arm/export-ta_arm32/lib/libutee.a(utee_syscalls_a32.o)
                0x000000000000a1c8                _utee_storage_obj_trunc
 .text._utee_storage_obj_seek
                0x000000000000a1dc       0x14 /optee/optee_os/out/arm/export-ta_arm32/lib/libutee.a(utee_syscalls_a32.o)
                0x000000000000a1dc                _utee_storage_obj_seek
 .text._utee_cryp_obj_generate_key
                0x000000000000a1f0       0x14 /optee/optee_os/out/arm/export-ta_arm32/lib/libutee.a(utee_syscalls_a32.o)
                0x000000000000a1f0                _utee_cryp_obj_generate_key
 .text._utee_cache_operation
                0x000000000000a204       0x14 /optee/optee_os/out/arm/export-ta_arm32/lib/libutee.a(utee_syscalls_a32.o)
                0x000000000000a204                _utee_cache_operation
 .text          0x000000000000a218      0xa84 /optee/optee_os/out/arm/export-ta_arm32/lib/libutee.a(user_ta_entry.o)
                0x000000000000a400                __utee_call_elf_init_fn
                0x000000000000a5c0                __utee_call_elf_fini_fn
                0x000000000000ac26                __utee_entry
 .text          0x000000000000ac9c       0x20 /optee/optee_os/out/arm/export-ta_arm32/lib/libutee.a(abort.o)
                0x000000000000ac9c                abort
 .text          0x000000000000acbc     0x1de4 /optee/optee_os/out/arm/export-ta_arm32/lib/libutee.a(tee_api_arith_mpi.o)
                0x000000000000ad1c                _TEE_MathAPI_Init
                0x000000000000aeb4                TEE_BigIntInit
                0x000000000000af20                TEE_BigIntConvertFromOctetString
                0x000000000000af9a                TEE_BigIntConvertToOctetString
                0x000000000000b020                TEE_BigIntConvertFromS32
                0x000000000000b0a0                TEE_BigIntConvertToS32
                0x000000000000b174                TEE_BigIntCmp
                0x000000000000b1ca                TEE_BigIntCmpS32
                0x000000000000b206                TEE_BigIntShiftRight
                0x000000000000b3c0                TEE_BigIntGetBit
                0x000000000000b406                TEE_BigIntGetBitCount
                0x000000000000b6c0                TEE_BigIntAdd
                0x000000000000b6f4                TEE_BigIntSub
                0x000000000000b728                TEE_BigIntNeg
                0x000000000000b7d8                TEE_BigIntMul
                0x000000000000b8b8                TEE_BigIntSquare
                0x000000000000b8d8                TEE_BigIntDiv
                0x000000000000ba44                TEE_BigIntMod
                0x000000000000bab0                TEE_BigIntAddMod
                0x000000000000bae8                TEE_BigIntSubMod
                0x000000000000bb20                TEE_BigIntMulMod
                0x000000000000bb58                TEE_BigIntSquareMod
                0x000000000000bb7c                TEE_BigIntInvMod
                0x000000000000bc88                TEE_BigIntRelativePrime
                0x000000000000c540                TEE_BigIntComputeExtendedGcd
                0x000000000000c800                TEE_BigIntIsProbablePrime
                0x000000000000c854                TEE_BigIntInitFMM
                0x000000000000c872                TEE_BigIntInitFMMContext
                0x000000000000c88e                TEE_BigIntFMMSizeInU32
                0x000000000000c8b4                TEE_BigIntFMMContextSizeInU32
                0x000000000000c8d0                TEE_BigIntConvertToFMM
                0x000000000000c8f4                TEE_BigIntConvertFromFMM
                0x000000000000c990                TEE_BigIntComputeFMM
 .text          0x000000000000caa0      0x44c /optee/optee_os/out/arm/export-ta_arm32/lib/libutee.a(tcb.o)
                0x000000000000caa0                __utee_tcb_init
                0x000000000000cdac                __tls_get_addr
                0x000000000000cde4                dl_iterate_phdr
 .text          0x000000000000ceec     0x628c /optee/optee_os/out/arm/export-ta_arm32/lib/libmbedtls.a(bignum.o)
                0x000000000000cf4a                mbedtls_mpi_init
                0x000000000000cf68                mbedtls_mpi_init_mempool
                0x000000000000cfa4                mbedtls_mpi_free
                0x000000000000d030                mbedtls_mpi_grow
                0x000000000000d138                mbedtls_mpi_shrink
                0x000000000000d28c                mbedtls_mpi_copy
                0x000000000000d364                mbedtls_mpi_swap
                0x000000000000d3a6                mbedtls_mpi_safe_cond_assign
                0x000000000000d4ba                mbedtls_mpi_safe_cond_swap
                0x000000000000d62c                mbedtls_mpi_lset
                0x000000000000d69a                mbedtls_mpi_get_bit
                0x000000000000d6e8                mbedtls_mpi_set_bit
                0x000000000000d7b6                mbedtls_mpi_lsb
                0x000000000000d87e                mbedtls_mpi_bitlen
                0x000000000000d8f6                mbedtls_mpi_size
                0x000000000000d99c                mbedtls_mpi_read_string
                0x000000000000dc88                mbedtls_mpi_write_string
                0x000000000000df68                mbedtls_mpi_read_binary_le
                0x000000000000e032                mbedtls_mpi_read_binary
                0x000000000000e0f2                mbedtls_mpi_write_binary_le
                0x000000000000e1c8                mbedtls_mpi_write_binary
                0x000000000000e2ac                mbedtls_mpi_shift_l
                0x000000000000e42e                mbedtls_mpi_shift_r
                0x000000000000e598                mbedtls_mpi_cmp_abs
                0x000000000000e6c6                mbedtls_mpi_cmp_mpi
                0x000000000000e88a                mbedtls_mpi_lt_mpi_ct
                0x000000000000e9c8                mbedtls_mpi_cmp_int
                0x000000000000ea14                mbedtls_mpi_add_abs
                0x000000000000ec68                mbedtls_mpi_sub_abs
                0x000000000000ed44                mbedtls_mpi_add_mpi
                0x000000000000edf0                mbedtls_mpi_sub_mpi
                0x000000000000ee9c                mbedtls_mpi_add_int
                0x000000000000eeec                mbedtls_mpi_sub_int
                0x000000000001095a                mbedtls_mpi_mul_mpi
                0x0000000000010aec                mbedtls_mpi_mul_int
                0x0000000000010c00                mbedtls_mpi_div_mpi
                0x0000000000011246                mbedtls_mpi_div_int
                0x0000000000011298                mbedtls_mpi_mod_mpi
                0x0000000000011336                mbedtls_mpi_mod_int
                0x0000000000011450                mbedtls_mpi_montg_init
                0x00000000000114be                mbedtls_mpi_montmul
                0x00000000000115ee                mbedtls_mpi_montred
                0x0000000000011634                mbedtls_mpi_exp_mod
                0x0000000000011d94                mbedtls_mpi_gcd
                0x0000000000011f80                mbedtls_mpi_fill_random
                0x000000000001202c                mbedtls_mpi_inv_mod
                0x0000000000012872                mbedtls_mpi_is_prime_ext
                0x000000000001291e                mbedtls_mpi_is_prime
                0x0000000000012946                mbedtls_mpi_gen_prime
                0x0000000000012c5a                mbedtls_mpi_self_test
 .text          0x0000000000013178       0x30 /optee/optee_os/out/arm/export-ta_arm32/lib/libmbedtls.a(platform_util.o)
                0x0000000000013178                mbedtls_platform_zeroize
 .text          0x00000000000131a8      0x290 /optee/optee_os/out/arm/export-ta_arm32/lib/libutils.a(mempool.o)
                0x00000000000131d8                mempool_alloc_pool
                0x000000000001324c                mempool_alloc
                0x0000000000013340                mempool_calloc
                0x00000000000133bc                mempool_free
 .text          0x0000000000013438       0x38 ./user_ta_header.o
                0x0000000000013438                __ta_entry_c
                0x000000000001345c                tahead_get_trace_level
 .text          0x0000000000013470       0xb8 /optee/optee_os/out/arm/export-ta_arm32/lib/libutils.a(memcmp.o)
                0x0000000000013470                memcmp
 .text          0x0000000000013528       0xf2 /optee/optee_os/out/arm/export-ta_arm32/lib/libutils.a(memcpy.o)
                0x0000000000013528                memcpy
 .text          0x000000000001361a      0x11c /optee/optee_os/out/arm/export-ta_arm32/lib/libutils.a(memset.o)
                0x000000000001361a                memset
 .text          0x0000000000013736       0x30 /optee/optee_os/out/arm/export-ta_arm32/lib/libutils.a(aeabi_unwind.o)
                0x0000000000013736                __aeabi_unwind_cpp_pr0
                0x0000000000013746                __aeabi_unwind_cpp_pr1
                0x0000000000013756                __aeabi_unwind_cpp_pr2
 .text          0x0000000000013766      0x114 /optee/optee_os/out/arm/export-ta_arm32/lib/libutils.a(memchr.o)
                0x0000000000013766                memchr
 .text          0x000000000001387a       0x8a /optee/optee_os/out/arm/export-ta_arm32/lib/libutils.a(strlen.o)
                0x000000000001387a                strlen
 .text          0x0000000000013904      0x2e8 /optee/optee_os/out/arm/export-ta_arm32/lib/libutils.a(arm32_aeabi_ldivmod.o)
                0x0000000000013aaa                __ul_divmod
                0x0000000000013b0c                __l_divmod
 .text          0x0000000000013bec     0x10d0 /optee/optee_os/out/arm/export-ta_arm32/lib/libutee.a(tee_api_objects.o)
                0x0000000000013bec                __utee_from_attr
                0x0000000000013d6a                TEE_GetObjectInfo
                0x0000000000013dd8                TEE_GetObjectInfo1
                0x0000000000013e24                TEE_RestrictObjectUsage
                0x0000000000013e70                TEE_RestrictObjectUsage1
                0x0000000000013ebc                TEE_GetObjectBufferAttribute
                0x0000000000013f88                TEE_GetObjectValueAttribute
                0x000000000001407a                TEE_CloseObject
                0x00000000000140ac                TEE_AllocateTransientObject
                0x0000000000014116                TEE_FreeTransientObject
                0x0000000000014176                TEE_ResetTransientObject
                0x00000000000141d6                TEE_PopulateTransientObject
                0x000000000001433a                TEE_InitRefAttribute
                0x0000000000014382                TEE_InitValueAttribute
                0x00000000000143ca                TEE_CopyObjectAttributes
                0x0000000000014416                TEE_CopyObjectAttributes1
                0x00000000000144ce                TEE_GenerateKey
                0x00000000000145f4                TEE_OpenPersistentObject
                0x00000000000146b2                TEE_CreatePersistentObject
                0x000000000001478a                TEE_CloseAndDeletePersistentObject
                0x00000000000147bc                TEE_CloseAndDeletePersistentObject1
                0x0000000000014802                TEE_RenamePersistentObject
                0x0000000000014872                TEE_AllocatePersistentObjectEnumerator
                0x00000000000148cc                TEE_FreePersistentObjectEnumerator
                0x00000000000148fe                TEE_ResetPersistentObjectEnumerator
                0x0000000000014930                TEE_StartPersistentObjectEnumerator
                0x000000000001498a                TEE_GetNextPersistentObject
                0x0000000000014a4c                TEE_ReadObjectData
                0x0000000000014ade                TEE_WriteObjectData
                0x0000000000014b5c                TEE_TruncateObjectData
                0x0000000000014bc8                TEE_SeekObjectData
 .text          0x0000000000014cbc       0x6a /optee/optee_os/out/arm/export-ta_arm32/lib/libutils.a(snprintf.o)
                0x0000000000014cbc                snprintf
                0x0000000000014cf8                vsnprintf
 .text          0x0000000000014d26      0x13e /optee/optee_os/out/arm/export-ta_arm32/lib/libutils.a(memmove.o)
                0x0000000000014d26                memmove
 .text          0x0000000000014e64       0xb4 /optee/optee_os/out/arm/export-ta_arm32/lib/libutils.a(consttime_memcmp.o)
                0x0000000000014e64                consttime_memcmp
 .text          0x0000000000014f18        0x0 ./ta_entry_a32.o
 .text          0x0000000000014f18        0x0 /optee/optee_os/out/arm/export-ta_arm32/lib/libutils.a(arm32_aeabi_ldivmod_a32.o)
 *(SORT_BY_ALIGNMENT(.stub))
 *(SORT_BY_ALIGNMENT(.glue_7))
 .glue_7        0x0000000000014f18        0x0 linker stubs
 *(SORT_BY_ALIGNMENT(.glue_7t))
 .glue_7t       0x0000000000014f18        0x0 linker stubs
 *(SORT_BY_ALIGNMENT(.gnu.linkonce.t.*))
 *(SORT_BY_ALIGNMENT(.vfp11_veneer))
 .vfp11_veneer  0x0000000000014f18        0x0 linker stubs
                0x0000000000014f18                __text_end = .

.v4_bx          0x0000000000014f18        0x0
 .v4_bx         0x0000000000014f18        0x0 linker stubs

.iplt           0x0000000000014f18        0x0
 .iplt          0x0000000000014f18        0x0 ./ta1.o

.plt            0x0000000000014f18        0x0
 *(SORT_BY_ALIGNMENT(.plt))
 .plt           0x0000000000014f18        0x0 ./ta1.o

.eh_frame_hdr
 *(SORT_BY_ALIGNMENT(.eh_frame_hdr))
 *(SORT_BY_ALIGNMENT(.eh_frame_entry) SORT_BY_ALIGNMENT(.eh_frame_entry.*))

.eh_frame
 *(SORT_BY_ALIGNMENT(.eh_frame))
 *(SORT_BY_ALIGNMENT(.eh_frame.*))

.gcc_except_table
 *(SORT_BY_ALIGNMENT(.gcc_except_table) SORT_BY_ALIGNMENT(.gcc_except_table.*))

.rodata         0x0000000000014f18     0x180e
 *(SORT_BY_ALIGNMENT(.gnu.linkonce.r.*))
 *(SORT_BY_ALIGNMENT(.rodata) SORT_BY_ALIGNMENT(.rodata.*))
 .rodata.ta1.c  0x0000000000014f18      0x6f7 ./ta1.o
 *fill*         0x000000000001560f        0x1 
 .rodata.spongent.c
                0x0000000000015610        0x5 ./spongent.o
 *fill*         0x0000000000015615        0x3 
 .rodata.user_ta_header.c
                0x0000000000015618       0xd4 ./user_ta_header.o
                0x0000000000015618                trace_ext_prefix
                0x000000000001561c                ta_heap_size
                0x00000000000156e8                ta_num_props
 .rodata.lib/libutils/isoc/bget_malloc.c
                0x00000000000156ec      0x350 /optee/optee_os/out/arm/export-ta_arm32/lib/libutils.a(bget_malloc.o)
 .rodata.lib/libutils/ext/trace.c
                0x0000000000015a3c       0x29 /optee/optee_os/out/arm/export-ta_arm32/lib/libutils.a(trace.o)
 *fill*         0x0000000000015a65        0x3 
 .rodata.lib/libutils/ext/snprintk.c
                0x0000000000015a68       0x7d /optee/optee_os/out/arm/export-ta_arm32/lib/libutils.a(snprintk.o)
 *fill*         0x0000000000015ae5        0x3 
 .rodata.lib/libutee/assert.c
                0x0000000000015ae8       0x27 /optee/optee_os/out/arm/export-ta_arm32/lib/libutee.a(assert.o)
 *fill*         0x0000000000015b0f        0x1 
 .rodata.lib/libutee/trace_ext.c
                0x0000000000015b10        0x2 /optee/optee_os/out/arm/export-ta_arm32/lib/libutee.a(trace_ext.o)
 *fill*         0x0000000000015b12        0x2 
 .rodata.lib/libutee/tee_api.c
                0x0000000000015b14       0x1f /optee/optee_os/out/arm/export-ta_arm32/lib/libutee.a(tee_api.o)
 *fill*         0x0000000000015b33        0x1 
 .rodata.lib/libutee/tee_api_panic.c
                0x0000000000015b34       0x68 /optee/optee_os/out/arm/export-ta_arm32/lib/libutee.a(tee_api_panic.o)
 .rodata.lib/libutee/tee_system_pta.c
                0x0000000000015b9c       0x8b /optee/optee_os/out/arm/export-ta_arm32/lib/libutee.a(tee_system_pta.o)
 *fill*         0x0000000000015c27        0x1 
 .rodata.lib/libutee/arch/arm/user_ta_entry.c
                0x0000000000015c28       0x32 /optee/optee_os/out/arm/export-ta_arm32/lib/libutee.a(user_ta_entry.o)
 *fill*         0x0000000000015c5a        0x2 
 .rodata.lib/libutee/abort.c
                0x0000000000015c5c        0x7 /optee/optee_os/out/arm/export-ta_arm32/lib/libutee.a(abort.o)
 *fill*         0x0000000000015c63        0x1 
 .rodata.lib/libutee/tee_api_arith_mpi.c
                0x0000000000015c64      0x221 /optee/optee_os/out/arm/export-ta_arm32/lib/libutee.a(tee_api_arith_mpi.o)
 *fill*         0x0000000000015e85        0x3 
 .rodata.lib/libutee/arch/arm/tcb.c
                0x0000000000015e88       0xbc /optee/optee_os/out/arm/export-ta_arm32/lib/libutee.a(tcb.o)
 .rodata.lib/libmbedtls/mbedtls/library/bignum.c
                0x0000000000015f44      0x742 /optee/optee_os/out/arm/export-ta_arm32/lib/libmbedtls.a(bignum.o)
 *fill*         0x0000000000016686        0x2 
 .rodata.lib/libutils/ext/mempool.c
                0x0000000000016688       0x9e /optee/optee_os/out/arm/export-ta_arm32/lib/libutils.a(mempool.o)

.gnu.version_d  0x0000000000016728        0x0
 .gnu.version_d
                0x0000000000016728        0x0 ./ta1.o

.gnu.version    0x0000000000016726        0x0
 .gnu.version   0x0000000000016726        0x0 ./ta1.o

.gnu.version_r  0x0000000000016728        0x0
 .gnu.version_r
                0x0000000000016728        0x0 ./ta1.o

.gnu.hash       0x0000000000016728       0x2c
 .gnu.hash      0x0000000000016728       0x2c ./ta1.o

.ARM.extab      0x0000000000016754      0xfb8
 *(SORT_BY_ALIGNMENT(.ARM.extab*) SORT_BY_ALIGNMENT(.gnu.linkonce.armextab.*))
 .ARM.extab     0x0000000000016754       0xcc ./ta1.o
 .ARM.extab     0x0000000000016820       0xcc ./spongent.o
 .ARM.extab     0x00000000000168ec        0xc ./user_ta_header.o
 .ARM.extab     0x00000000000168f8      0x204 /optee/optee_os/out/arm/export-ta_arm32/lib/libutils.a(bget_malloc.o)
 .ARM.extab     0x0000000000016afc        0xc /optee/optee_os/out/arm/export-ta_arm32/lib/libutils.a(memcmp.o)
 .ARM.extab     0x0000000000016b08        0xc /optee/optee_os/out/arm/export-ta_arm32/lib/libutils.a(memcpy.o)
 .ARM.extab     0x0000000000016b14        0xc /optee/optee_os/out/arm/export-ta_arm32/lib/libutils.a(memset.o)
 .ARM.extab     0x0000000000016b20       0x54 /optee/optee_os/out/arm/export-ta_arm32/lib/libutils.a(trace.o)
 .ARM.extab     0x0000000000016b74       0x3c /optee/optee_os/out/arm/export-ta_arm32/lib/libutils.a(snprintk.o)
 .ARM.extab     0x0000000000016bb0        0xc /optee/optee_os/out/arm/export-ta_arm32/lib/libutils.a(memchr.o)
 .ARM.extab     0x0000000000016bbc        0xc /optee/optee_os/out/arm/export-ta_arm32/lib/libutils.a(strlen.o)
 .ARM.extab.text.__aeabi_ldivmod
                0x0000000000016bc8        0xc /optee/optee_os/out/arm/export-ta_arm32/lib/libutils.a(arm32_aeabi_ldivmod_a32.o)
 .ARM.extab.text.__aeabi_uldivmod
                0x0000000000016bd4        0xc /optee/optee_os/out/arm/export-ta_arm32/lib/libutils.a(arm32_aeabi_ldivmod_a32.o)
 .ARM.extab     0x0000000000016be0       0x30 /optee/optee_os/out/arm/export-ta_arm32/lib/libutils.a(arm32_aeabi_ldivmod.o)
 .ARM.extab     0x0000000000016c10        0xc /optee/optee_os/out/arm/export-ta_arm32/lib/libutee.a(assert.o)
 .ARM.extab     0x0000000000016c1c       0x34 /optee/optee_os/out/arm/export-ta_arm32/lib/libutee.a(trace_ext.o)
 .ARM.extab     0x0000000000016c50      0x120 /optee/optee_os/out/arm/export-ta_arm32/lib/libutee.a(tee_api.o)
 .ARM.extab     0x0000000000016d70      0x15c /optee/optee_os/out/arm/export-ta_arm32/lib/libutee.a(tee_api_objects.o)
 .ARM.extab     0x0000000000016ecc      0x12c /optee/optee_os/out/arm/export-ta_arm32/lib/libutee.a(tee_api_operations.o)
 .ARM.extab     0x0000000000016ff8       0x6c /optee/optee_os/out/arm/export-ta_arm32/lib/libutee.a(tee_api_panic.o)
 .ARM.extab     0x0000000000017064       0x48 /optee/optee_os/out/arm/export-ta_arm32/lib/libutee.a(tee_system_pta.o)
 .ARM.extab.text._utee_panic
                0x00000000000170ac        0xc /optee/optee_os/out/arm/export-ta_arm32/lib/libutee.a(utee_syscalls_a32.o)
 .ARM.extab     0x00000000000170b8       0xb4 /optee/optee_os/out/arm/export-ta_arm32/lib/libutee.a(user_ta_entry.o)
 .ARM.extab     0x000000000001716c      0x204 /optee/optee_os/out/arm/export-ta_arm32/lib/libutee.a(tee_api_arith_mpi.o)
 .ARM.extab     0x0000000000017370       0x24 /optee/optee_os/out/arm/export-ta_arm32/lib/libutee.a(tcb.o)
 .ARM.extab     0x0000000000017394      0x2f4 /optee/optee_os/out/arm/export-ta_arm32/lib/libmbedtls.a(bignum.o)
 .ARM.extab     0x0000000000017688        0xc /optee/optee_os/out/arm/export-ta_arm32/lib/libmbedtls.a(platform_util.o)
 .ARM.extab     0x0000000000017694       0x18 /optee/optee_os/out/arm/export-ta_arm32/lib/libutils.a(snprintf.o)
 .ARM.extab     0x00000000000176ac        0xc /optee/optee_os/out/arm/export-ta_arm32/lib/libutils.a(memmove.o)
 .ARM.extab     0x00000000000176b8       0x48 /optee/optee_os/out/arm/export-ta_arm32/lib/libutils.a(mempool.o)
 .ARM.extab     0x0000000000017700        0xc /optee/optee_os/out/arm/export-ta_arm32/lib/libutils.a(consttime_memcmp.o)
 .ARM.extab.text.__ta_entry
                0x000000000001770c        0x0 ./ta_entry_a32.o
 .ARM.extab     0x000000000001770c        0x0 /optee/optee_os/out/arm/export-ta_arm32/lib/libutils.a(aeabi_unwind.o)
 .ARM.extab.text._utee_return
                0x000000000001770c        0x0 /optee/optee_os/out/arm/export-ta_arm32/lib/libutee.a(utee_syscalls_a32.o)
 .ARM.extab.text._utee_log
                0x000000000001770c        0x0 /optee/optee_os/out/arm/export-ta_arm32/lib/libutee.a(utee_syscalls_a32.o)
 .ARM.extab.text.__utee_panic
                0x000000000001770c        0x0 /optee/optee_os/out/arm/export-ta_arm32/lib/libutee.a(utee_syscalls_a32.o)
 .ARM.extab.text._utee_get_property
                0x000000000001770c        0x0 /optee/optee_os/out/arm/export-ta_arm32/lib/libutee.a(utee_syscalls_a32.o)
 .ARM.extab.text._utee_get_property_name_to_index
                0x000000000001770c        0x0 /optee/optee_os/out/arm/export-ta_arm32/lib/libutee.a(utee_syscalls_a32.o)
 .ARM.extab.text._utee_open_ta_session
                0x000000000001770c        0x0 /optee/optee_os/out/arm/export-ta_arm32/lib/libutee.a(utee_syscalls_a32.o)
 .ARM.extab.text._utee_close_ta_session
                0x000000000001770c        0x0 /optee/optee_os/out/arm/export-ta_arm32/lib/libutee.a(utee_syscalls_a32.o)
 .ARM.extab.text._utee_invoke_ta_command
                0x000000000001770c        0x0 /optee/optee_os/out/arm/export-ta_arm32/lib/libutee.a(utee_syscalls_a32.o)
 .ARM.extab.text._utee_get_cancellation_flag
                0x000000000001770c        0x0 /optee/optee_os/out/arm/export-ta_arm32/lib/libutee.a(utee_syscalls_a32.o)
 .ARM.extab.text._utee_check_access_rights
                0x000000000001770c        0x0 /optee/optee_os/out/arm/export-ta_arm32/lib/libutee.a(utee_syscalls_a32.o)
 .ARM.extab.text._utee_unmask_cancellation
                0x000000000001770c        0x0 /optee/optee_os/out/arm/export-ta_arm32/lib/libutee.a(utee_syscalls_a32.o)
 .ARM.extab.text._utee_mask_cancellation
                0x000000000001770c        0x0 /optee/optee_os/out/arm/export-ta_arm32/lib/libutee.a(utee_syscalls_a32.o)
 .ARM.extab.text._utee_wait
                0x000000000001770c        0x0 /optee/optee_os/out/arm/export-ta_arm32/lib/libutee.a(utee_syscalls_a32.o)
 .ARM.extab.text._utee_get_time
                0x000000000001770c        0x0 /optee/optee_os/out/arm/export-ta_arm32/lib/libutee.a(utee_syscalls_a32.o)
 .ARM.extab.text._utee_set_ta_time
                0x000000000001770c        0x0 /optee/optee_os/out/arm/export-ta_arm32/lib/libutee.a(utee_syscalls_a32.o)
 .ARM.extab.text._utee_cryp_state_alloc
                0x000000000001770c        0x0 /optee/optee_os/out/arm/export-ta_arm32/lib/libutee.a(utee_syscalls_a32.o)
 .ARM.extab.text._utee_cryp_state_copy
                0x000000000001770c        0x0 /optee/optee_os/out/arm/export-ta_arm32/lib/libutee.a(utee_syscalls_a32.o)
 .ARM.extab.text._utee_cryp_state_free
                0x000000000001770c        0x0 /optee/optee_os/out/arm/export-ta_arm32/lib/libutee.a(utee_syscalls_a32.o)
 .ARM.extab.text._utee_hash_init
                0x000000000001770c        0x0 /optee/optee_os/out/arm/export-ta_arm32/lib/libutee.a(utee_syscalls_a32.o)
 .ARM.extab.text._utee_hash_update
                0x000000000001770c        0x0 /optee/optee_os/out/arm/export-ta_arm32/lib/libutee.a(utee_syscalls_a32.o)
 .ARM.extab.text._utee_hash_final
                0x000000000001770c        0x0 /optee/optee_os/out/arm/export-ta_arm32/lib/libutee.a(utee_syscalls_a32.o)
 .ARM.extab.text._utee_cipher_init
                0x000000000001770c        0x0 /optee/optee_os/out/arm/export-ta_arm32/lib/libutee.a(utee_syscalls_a32.o)
 .ARM.extab.text._utee_cipher_update
                0x000000000001770c        0x0 /optee/optee_os/out/arm/export-ta_arm32/lib/libutee.a(utee_syscalls_a32.o)
 .ARM.extab.text._utee_cipher_final
                0x000000000001770c        0x0 /optee/optee_os/out/arm/export-ta_arm32/lib/libutee.a(utee_syscalls_a32.o)
 .ARM.extab.text._utee_cryp_obj_get_info
                0x000000000001770c        0x0 /optee/optee_os/out/arm/export-ta_arm32/lib/libutee.a(utee_syscalls_a32.o)
 .ARM.extab.text._utee_cryp_obj_restrict_usage
                0x000000000001770c        0x0 /optee/optee_os/out/arm/export-ta_arm32/lib/libutee.a(utee_syscalls_a32.o)
 .ARM.extab.text._utee_cryp_obj_get_attr
                0x000000000001770c        0x0 /optee/optee_os/out/arm/export-ta_arm32/lib/libutee.a(utee_syscalls_a32.o)
 .ARM.extab.text._utee_cryp_obj_alloc
                0x000000000001770c        0x0 /optee/optee_os/out/arm/export-ta_arm32/lib/libutee.a(utee_syscalls_a32.o)
 .ARM.extab.text._utee_cryp_obj_close
                0x000000000001770c        0x0 /optee/optee_os/out/arm/export-ta_arm32/lib/libutee.a(utee_syscalls_a32.o)
 .ARM.extab.text._utee_cryp_obj_reset
                0x000000000001770c        0x0 /optee/optee_os/out/arm/export-ta_arm32/lib/libutee.a(utee_syscalls_a32.o)
 .ARM.extab.text._utee_cryp_obj_populate
                0x000000000001770c        0x0 /optee/optee_os/out/arm/export-ta_arm32/lib/libutee.a(utee_syscalls_a32.o)
 .ARM.extab.text._utee_cryp_obj_copy
                0x000000000001770c        0x0 /optee/optee_os/out/arm/export-ta_arm32/lib/libutee.a(utee_syscalls_a32.o)
 .ARM.extab.text._utee_cryp_derive_key
                0x000000000001770c        0x0 /optee/optee_os/out/arm/export-ta_arm32/lib/libutee.a(utee_syscalls_a32.o)
 .ARM.extab.text._utee_cryp_random_number_generate
                0x000000000001770c        0x0 /optee/optee_os/out/arm/export-ta_arm32/lib/libutee.a(utee_syscalls_a32.o)
 .ARM.extab.text._utee_authenc_init
                0x000000000001770c        0x0 /optee/optee_os/out/arm/export-ta_arm32/lib/libutee.a(utee_syscalls_a32.o)
 .ARM.extab.text._utee_authenc_update_aad
                0x000000000001770c        0x0 /optee/optee_os/out/arm/export-ta_arm32/lib/libutee.a(utee_syscalls_a32.o)
 .ARM.extab.text._utee_authenc_update_payload
                0x000000000001770c        0x0 /optee/optee_os/out/arm/export-ta_arm32/lib/libutee.a(utee_syscalls_a32.o)
 .ARM.extab.text._utee_authenc_enc_final
                0x000000000001770c        0x0 /optee/optee_os/out/arm/export-ta_arm32/lib/libutee.a(utee_syscalls_a32.o)
 .ARM.extab.text._utee_authenc_dec_final
                0x000000000001770c        0x0 /optee/optee_os/out/arm/export-ta_arm32/lib/libutee.a(utee_syscalls_a32.o)
 .ARM.extab.text._utee_asymm_operate
                0x000000000001770c        0x0 /optee/optee_os/out/arm/export-ta_arm32/lib/libutee.a(utee_syscalls_a32.o)
 .ARM.extab.text._utee_asymm_verify
                0x000000000001770c        0x0 /optee/optee_os/out/arm/export-ta_arm32/lib/libutee.a(utee_syscalls_a32.o)
 .ARM.extab.text._utee_storage_obj_open
                0x000000000001770c        0x0 /optee/optee_os/out/arm/export-ta_arm32/lib/libutee.a(utee_syscalls_a32.o)
 .ARM.extab.text._utee_storage_obj_create
                0x000000000001770c        0x0 /optee/optee_os/out/arm/export-ta_arm32/lib/libutee.a(utee_syscalls_a32.o)
 .ARM.extab.text._utee_storage_obj_del
                0x000000000001770c        0x0 /optee/optee_os/out/arm/export-ta_arm32/lib/libutee.a(utee_syscalls_a32.o)
 .ARM.extab.text._utee_storage_obj_rename
                0x000000000001770c        0x0 /optee/optee_os/out/arm/export-ta_arm32/lib/libutee.a(utee_syscalls_a32.o)
 .ARM.extab.text._utee_storage_alloc_enum
                0x000000000001770c        0x0 /optee/optee_os/out/arm/export-ta_arm32/lib/libutee.a(utee_syscalls_a32.o)
 .ARM.extab.text._utee_storage_free_enum
                0x000000000001770c        0x0 /optee/optee_os/out/arm/export-ta_arm32/lib/libutee.a(utee_syscalls_a32.o)
 .ARM.extab.text._utee_storage_reset_enum
                0x000000000001770c        0x0 /optee/optee_os/out/arm/export-ta_arm32/lib/libutee.a(utee_syscalls_a32.o)
 .ARM.extab.text._utee_storage_start_enum
                0x000000000001770c        0x0 /optee/optee_os/out/arm/export-ta_arm32/lib/libutee.a(utee_syscalls_a32.o)
 .ARM.extab.text._utee_storage_next_enum
                0x000000000001770c        0x0 /optee/optee_os/out/arm/export-ta_arm32/lib/libutee.a(utee_syscalls_a32.o)
 .ARM.extab.text._utee_storage_obj_read
                0x000000000001770c        0x0 /optee/optee_os/out/arm/export-ta_arm32/lib/libutee.a(utee_syscalls_a32.o)
 .ARM.extab.text._utee_storage_obj_write
                0x000000000001770c        0x0 /optee/optee_os/out/arm/export-ta_arm32/lib/libutee.a(utee_syscalls_a32.o)
 .ARM.extab.text._utee_storage_obj_trunc
                0x000000000001770c        0x0 /optee/optee_os/out/arm/export-ta_arm32/lib/libutee.a(utee_syscalls_a32.o)
 .ARM.extab.text._utee_storage_obj_seek
                0x000000000001770c        0x0 /optee/optee_os/out/arm/export-ta_arm32/lib/libutee.a(utee_syscalls_a32.o)
 .ARM.extab.text._utee_cryp_obj_generate_key
                0x000000000001770c        0x0 /optee/optee_os/out/arm/export-ta_arm32/lib/libutee.a(utee_syscalls_a32.o)
 .ARM.extab.text._utee_cache_operation
                0x000000000001770c        0x0 /optee/optee_os/out/arm/export-ta_arm32/lib/libutee.a(utee_syscalls_a32.o)
 .ARM.extab     0x000000000001770c        0x0 /optee/optee_os/out/arm/export-ta_arm32/lib/libutee.a(abort.o)
                [!provide]                        PROVIDE (__exidx_start = .)

.ARM.exidx      0x000000000001770c      0xb60
 *(SORT_BY_ALIGNMENT(.ARM.exidx*) SORT_BY_ALIGNMENT(.gnu.linkonce.armexidx.*))
 .ARM.exidx     0x000000000001770c       0x98 ./ta1.o
                                         0xa0 (size before relaxing)
 .ARM.exidx     0x00000000000177a4       0x88 ./spongent.o
 .ARM.exidx     0x00000000000180ec       0x10 ./user_ta_header.o
 .ARM.exidx.text.__ta_entry
                0x000000000001782c        0x8 ./ta_entry_a32.o
 .ARM.exidx     0x0000000000017834      0x160 /optee/optee_os/out/arm/export-ta_arm32/lib/libutils.a(bget_malloc.o)
 .ARM.exidx     0x00000000000180fc        0x8 /optee/optee_os/out/arm/export-ta_arm32/lib/libutils.a(memcmp.o)
 .ARM.exidx     0x0000000000018104        0x8 /optee/optee_os/out/arm/export-ta_arm32/lib/libutils.a(memcpy.o)
 .ARM.exidx     0x000000000001810c        0x8 /optee/optee_os/out/arm/export-ta_arm32/lib/libutils.a(memset.o)
 .ARM.exidx     0x0000000000017994       0x40 /optee/optee_os/out/arm/export-ta_arm32/lib/libutils.a(trace.o)
 .ARM.exidx     0x0000000000018114        0x8 /optee/optee_os/out/arm/export-ta_arm32/lib/libutils.a(aeabi_unwind.o)
                                         0x18 (size before relaxing)
 .ARM.exidx     0x00000000000179d4       0x30 /optee/optee_os/out/arm/export-ta_arm32/lib/libutils.a(snprintk.o)
 .ARM.exidx     0x000000000001811c        0x8 /optee/optee_os/out/arm/export-ta_arm32/lib/libutils.a(memchr.o)
 .ARM.exidx     0x0000000000018124        0x8 /optee/optee_os/out/arm/export-ta_arm32/lib/libutils.a(strlen.o)
 .ARM.exidx.text.__aeabi_ldivmod
                0x0000000000017a04        0x8 /optee/optee_os/out/arm/export-ta_arm32/lib/libutils.a(arm32_aeabi_ldivmod_a32.o)
 .ARM.exidx.text.__aeabi_uldivmod
                0x0000000000017a0c        0x8 /optee/optee_os/out/arm/export-ta_arm32/lib/libutils.a(arm32_aeabi_ldivmod_a32.o)
 .ARM.exidx     0x000000000001812c       0x20 /optee/optee_os/out/arm/export-ta_arm32/lib/libutils.a(arm32_aeabi_ldivmod.o)
 .ARM.exidx     0x0000000000017a14       0x10 /optee/optee_os/out/arm/export-ta_arm32/lib/libutee.a(assert.o)
 .ARM.exidx     0x0000000000017a24       0x28 /optee/optee_os/out/arm/export-ta_arm32/lib/libutee.a(trace_ext.o)
 .ARM.exidx     0x0000000000017a4c       0xc8 /optee/optee_os/out/arm/export-ta_arm32/lib/libutee.a(tee_api.o)
 .ARM.exidx     0x000000000001814c       0xf8 /optee/optee_os/out/arm/export-ta_arm32/lib/libutee.a(tee_api_objects.o)
 .ARM.exidx     0x0000000000017b14      0x110 /optee/optee_os/out/arm/export-ta_arm32/lib/libutee.a(tee_api_operations.o)
                                        0x120 (size before relaxing)
 .ARM.exidx     0x0000000000017c24       0x48 /optee/optee_os/out/arm/export-ta_arm32/lib/libutee.a(tee_api_panic.o)
 .ARM.exidx     0x0000000000017c6c       0x30 /optee/optee_os/out/arm/export-ta_arm32/lib/libutee.a(tee_system_pta.o)
 .ARM.exidx.text._utee_panic
                0x0000000000017c9c        0x8 /optee/optee_os/out/arm/export-ta_arm32/lib/libutee.a(utee_syscalls_a32.o)
 .ARM.exidx.text._utee_return
                0x0000000000017ca4        0x8 /optee/optee_os/out/arm/export-ta_arm32/lib/libutee.a(utee_syscalls_a32.o)
 .ARM.exidx.text._utee_log
                0x0000000000017cac        0x0 /optee/optee_os/out/arm/export-ta_arm32/lib/libutee.a(utee_syscalls_a32.o)
                                          0x8 (size before relaxing)
 .ARM.exidx.text.__utee_panic
                0x0000000000017cac        0x0 /optee/optee_os/out/arm/export-ta_arm32/lib/libutee.a(utee_syscalls_a32.o)
                                          0x8 (size before relaxing)
 .ARM.exidx.text._utee_get_property
                0x0000000000017cac        0x0 /optee/optee_os/out/arm/export-ta_arm32/lib/libutee.a(utee_syscalls_a32.o)
                                          0x8 (size before relaxing)
 .ARM.exidx.text._utee_get_property_name_to_index
                0x0000000000017cac        0x0 /optee/optee_os/out/arm/export-ta_arm32/lib/libutee.a(utee_syscalls_a32.o)
                                          0x8 (size before relaxing)
 .ARM.exidx.text._utee_open_ta_session
                0x0000000000017cac        0x0 /optee/optee_os/out/arm/export-ta_arm32/lib/libutee.a(utee_syscalls_a32.o)
                                          0x8 (size before relaxing)
 .ARM.exidx.text._utee_close_ta_session
                0x0000000000017cac        0x0 /optee/optee_os/out/arm/export-ta_arm32/lib/libutee.a(utee_syscalls_a32.o)
                                          0x8 (size before relaxing)
 .ARM.exidx.text._utee_invoke_ta_command
                0x0000000000017cac        0x0 /optee/optee_os/out/arm/export-ta_arm32/lib/libutee.a(utee_syscalls_a32.o)
                                          0x8 (size before relaxing)
 .ARM.exidx.text._utee_get_cancellation_flag
                0x0000000000017cac        0x0 /optee/optee_os/out/arm/export-ta_arm32/lib/libutee.a(utee_syscalls_a32.o)
                                          0x8 (size before relaxing)
 .ARM.exidx.text._utee_check_access_rights
                0x0000000000017cac        0x0 /optee/optee_os/out/arm/export-ta_arm32/lib/libutee.a(utee_syscalls_a32.o)
                                          0x8 (size before relaxing)
 .ARM.exidx.text._utee_unmask_cancellation
                0x0000000000017cac        0x0 /optee/optee_os/out/arm/export-ta_arm32/lib/libutee.a(utee_syscalls_a32.o)
                                          0x8 (size before relaxing)
 .ARM.exidx.text._utee_mask_cancellation
                0x0000000000017cac        0x0 /optee/optee_os/out/arm/export-ta_arm32/lib/libutee.a(utee_syscalls_a32.o)
                                          0x8 (size before relaxing)
 .ARM.exidx.text._utee_wait
                0x0000000000017cac        0x0 /optee/optee_os/out/arm/export-ta_arm32/lib/libutee.a(utee_syscalls_a32.o)
                                          0x8 (size before relaxing)
 .ARM.exidx.text._utee_get_time
                0x0000000000017cac        0x0 /optee/optee_os/out/arm/export-ta_arm32/lib/libutee.a(utee_syscalls_a32.o)
                                          0x8 (size before relaxing)
 .ARM.exidx.text._utee_set_ta_time
                0x0000000000017cac        0x0 /optee/optee_os/out/arm/export-ta_arm32/lib/libutee.a(utee_syscalls_a32.o)
                                          0x8 (size before relaxing)
 .ARM.exidx.text._utee_cryp_state_alloc
                0x0000000000017cac        0x0 /optee/optee_os/out/arm/export-ta_arm32/lib/libutee.a(utee_syscalls_a32.o)
                                          0x8 (size before relaxing)
 .ARM.exidx.text._utee_cryp_state_copy
                0x0000000000017cac        0x0 /optee/optee_os/out/arm/export-ta_arm32/lib/libutee.a(utee_syscalls_a32.o)
                                          0x8 (size before relaxing)
 .ARM.exidx.text._utee_cryp_state_free
                0x0000000000017cac        0x0 /optee/optee_os/out/arm/export-ta_arm32/lib/libutee.a(utee_syscalls_a32.o)
                                          0x8 (size before relaxing)
 .ARM.exidx.text._utee_hash_init
                0x0000000000017cac        0x0 /optee/optee_os/out/arm/export-ta_arm32/lib/libutee.a(utee_syscalls_a32.o)
                                          0x8 (size before relaxing)
 .ARM.exidx.text._utee_hash_update
                0x0000000000017cac        0x0 /optee/optee_os/out/arm/export-ta_arm32/lib/libutee.a(utee_syscalls_a32.o)
                                          0x8 (size before relaxing)
 .ARM.exidx.text._utee_hash_final
                0x0000000000017cac        0x0 /optee/optee_os/out/arm/export-ta_arm32/lib/libutee.a(utee_syscalls_a32.o)
                                          0x8 (size before relaxing)
 .ARM.exidx.text._utee_cipher_init
                0x0000000000017cac        0x0 /optee/optee_os/out/arm/export-ta_arm32/lib/libutee.a(utee_syscalls_a32.o)
                                          0x8 (size before relaxing)
 .ARM.exidx.text._utee_cipher_update
                0x0000000000017cac        0x0 /optee/optee_os/out/arm/export-ta_arm32/lib/libutee.a(utee_syscalls_a32.o)
                                          0x8 (size before relaxing)
 .ARM.exidx.text._utee_cipher_final
                0x0000000000017cac        0x0 /optee/optee_os/out/arm/export-ta_arm32/lib/libutee.a(utee_syscalls_a32.o)
                                          0x8 (size before relaxing)
 .ARM.exidx.text._utee_cryp_obj_get_info
                0x0000000000017cac        0x0 /optee/optee_os/out/arm/export-ta_arm32/lib/libutee.a(utee_syscalls_a32.o)
                                          0x8 (size before relaxing)
 .ARM.exidx.text._utee_cryp_obj_restrict_usage
                0x0000000000017cac        0x0 /optee/optee_os/out/arm/export-ta_arm32/lib/libutee.a(utee_syscalls_a32.o)
                                          0x8 (size before relaxing)
 .ARM.exidx.text._utee_cryp_obj_get_attr
                0x0000000000017cac        0x0 /optee/optee_os/out/arm/export-ta_arm32/lib/libutee.a(utee_syscalls_a32.o)
                                          0x8 (size before relaxing)
 .ARM.exidx.text._utee_cryp_obj_alloc
                0x0000000000017cac        0x0 /optee/optee_os/out/arm/export-ta_arm32/lib/libutee.a(utee_syscalls_a32.o)
                                          0x8 (size before relaxing)
 .ARM.exidx.text._utee_cryp_obj_close
                0x0000000000017cac        0x0 /optee/optee_os/out/arm/export-ta_arm32/lib/libutee.a(utee_syscalls_a32.o)
                                          0x8 (size before relaxing)
 .ARM.exidx.text._utee_cryp_obj_reset
                0x0000000000017cac        0x0 /optee/optee_os/out/arm/export-ta_arm32/lib/libutee.a(utee_syscalls_a32.o)
                                          0x8 (size before relaxing)
 .ARM.exidx.text._utee_cryp_obj_populate
                0x0000000000017cac        0x0 /optee/optee_os/out/arm/export-ta_arm32/lib/libutee.a(utee_syscalls_a32.o)
                                          0x8 (size before relaxing)
 .ARM.exidx.text._utee_cryp_obj_copy
                0x0000000000017cac        0x0 /optee/optee_os/out/arm/export-ta_arm32/lib/libutee.a(utee_syscalls_a32.o)
                                          0x8 (size before relaxing)
 .ARM.exidx.text._utee_cryp_derive_key
                0x0000000000017cac        0x0 /optee/optee_os/out/arm/export-ta_arm32/lib/libutee.a(utee_syscalls_a32.o)
                                          0x8 (size before relaxing)
 .ARM.exidx.text._utee_cryp_random_number_generate
                0x0000000000017cac        0x0 /optee/optee_os/out/arm/export-ta_arm32/lib/libutee.a(utee_syscalls_a32.o)
                                          0x8 (size before relaxing)
 .ARM.exidx.text._utee_authenc_init
                0x0000000000017cac        0x0 /optee/optee_os/out/arm/export-ta_arm32/lib/libutee.a(utee_syscalls_a32.o)
                                          0x8 (size before relaxing)
 .ARM.exidx.text._utee_authenc_update_aad
                0x0000000000017cac        0x0 /optee/optee_os/out/arm/export-ta_arm32/lib/libutee.a(utee_syscalls_a32.o)
                                          0x8 (size before relaxing)
 .ARM.exidx.text._utee_authenc_update_payload
                0x0000000000017cac        0x0 /optee/optee_os/out/arm/export-ta_arm32/lib/libutee.a(utee_syscalls_a32.o)
                                          0x8 (size before relaxing)
 .ARM.exidx.text._utee_authenc_enc_final
                0x0000000000017cac        0x0 /optee/optee_os/out/arm/export-ta_arm32/lib/libutee.a(utee_syscalls_a32.o)
                                          0x8 (size before relaxing)
 .ARM.exidx.text._utee_authenc_dec_final
                0x0000000000017cac        0x0 /optee/optee_os/out/arm/export-ta_arm32/lib/libutee.a(utee_syscalls_a32.o)
                                          0x8 (size before relaxing)
 .ARM.exidx.text._utee_asymm_operate
                0x0000000000017cac        0x0 /optee/optee_os/out/arm/export-ta_arm32/lib/libutee.a(utee_syscalls_a32.o)
                                          0x8 (size before relaxing)
 .ARM.exidx.text._utee_asymm_verify
                0x0000000000017cac        0x0 /optee/optee_os/out/arm/export-ta_arm32/lib/libutee.a(utee_syscalls_a32.o)
                                          0x8 (size before relaxing)
 .ARM.exidx.text._utee_storage_obj_open
                0x0000000000017cac        0x0 /optee/optee_os/out/arm/export-ta_arm32/lib/libutee.a(utee_syscalls_a32.o)
                                          0x8 (size before relaxing)
 .ARM.exidx.text._utee_storage_obj_create
                0x0000000000017cac        0x0 /optee/optee_os/out/arm/export-ta_arm32/lib/libutee.a(utee_syscalls_a32.o)
                                          0x8 (size before relaxing)
 .ARM.exidx.text._utee_storage_obj_del
                0x0000000000017cac        0x0 /optee/optee_os/out/arm/export-ta_arm32/lib/libutee.a(utee_syscalls_a32.o)
                                          0x8 (size before relaxing)
 .ARM.exidx.text._utee_storage_obj_rename
                0x0000000000017cac        0x0 /optee/optee_os/out/arm/export-ta_arm32/lib/libutee.a(utee_syscalls_a32.o)
                                          0x8 (size before relaxing)
 .ARM.exidx.text._utee_storage_alloc_enum
                0x0000000000017cac        0x0 /optee/optee_os/out/arm/export-ta_arm32/lib/libutee.a(utee_syscalls_a32.o)
                                          0x8 (size before relaxing)
 .ARM.exidx.text._utee_storage_free_enum
                0x0000000000017cac        0x0 /optee/optee_os/out/arm/export-ta_arm32/lib/libutee.a(utee_syscalls_a32.o)
                                          0x8 (size before relaxing)
 .ARM.exidx.text._utee_storage_reset_enum
                0x0000000000017cac        0x0 /optee/optee_os/out/arm/export-ta_arm32/lib/libutee.a(utee_syscalls_a32.o)
                                          0x8 (size before relaxing)
 .ARM.exidx.text._utee_storage_start_enum
                0x0000000000017cac        0x0 /optee/optee_os/out/arm/export-ta_arm32/lib/libutee.a(utee_syscalls_a32.o)
                                          0x8 (size before relaxing)
 .ARM.exidx.text._utee_storage_next_enum
                0x0000000000017cac        0x0 /optee/optee_os/out/arm/export-ta_arm32/lib/libutee.a(utee_syscalls_a32.o)
                                          0x8 (size before relaxing)
 .ARM.exidx.text._utee_storage_obj_read
                0x0000000000017cac        0x0 /optee/optee_os/out/arm/export-ta_arm32/lib/libutee.a(utee_syscalls_a32.o)
                                          0x8 (size before relaxing)
 .ARM.exidx.text._utee_storage_obj_write
                0x0000000000017cac        0x0 /optee/optee_os/out/arm/export-ta_arm32/lib/libutee.a(utee_syscalls_a32.o)
                                          0x8 (size before relaxing)
 .ARM.exidx.text._utee_storage_obj_trunc
                0x0000000000017cac        0x0 /optee/optee_os/out/arm/export-ta_arm32/lib/libutee.a(utee_syscalls_a32.o)
                                          0x8 (size before relaxing)
 .ARM.exidx.text._utee_storage_obj_seek
                0x0000000000017cac        0x0 /optee/optee_os/out/arm/export-ta_arm32/lib/libutee.a(utee_syscalls_a32.o)
                                          0x8 (size before relaxing)
 .ARM.exidx.text._utee_cryp_obj_generate_key
                0x0000000000017cac        0x0 /optee/optee_os/out/arm/export-ta_arm32/lib/libutee.a(utee_syscalls_a32.o)
                                          0x8 (size before relaxing)
 .ARM.exidx.text._utee_cache_operation
                0x0000000000017cac        0x0 /optee/optee_os/out/arm/export-ta_arm32/lib/libutee.a(utee_syscalls_a32.o)
                                          0x8 (size before relaxing)
 .ARM.exidx     0x0000000000017cac       0x90 /optee/optee_os/out/arm/export-ta_arm32/lib/libutee.a(user_ta_entry.o)
                                         0x98 (size before relaxing)
 .ARM.exidx     0x0000000000017d3c        0x8 /optee/optee_os/out/arm/export-ta_arm32/lib/libutee.a(abort.o)
 .ARM.exidx     0x0000000000017d44      0x158 /optee/optee_os/out/arm/export-ta_arm32/lib/libutee.a(tee_api_arith_mpi.o)
 .ARM.exidx     0x0000000000017e9c       0x18 /optee/optee_os/out/arm/export-ta_arm32/lib/libutee.a(tcb.o)
 .ARM.exidx     0x0000000000017eb4      0x200 /optee/optee_os/out/arm/export-ta_arm32/lib/libmbedtls.a(bignum.o)
 .ARM.exidx     0x00000000000180b4        0x8 /optee/optee_os/out/arm/export-ta_arm32/lib/libmbedtls.a(platform_util.o)
 .ARM.exidx     0x0000000000018244       0x10 /optee/optee_os/out/arm/export-ta_arm32/lib/libutils.a(snprintf.o)
 .ARM.exidx     0x0000000000018254        0x8 /optee/optee_os/out/arm/export-ta_arm32/lib/libutils.a(memmove.o)
 .ARM.exidx     0x00000000000180bc       0x30 /optee/optee_os/out/arm/export-ta_arm32/lib/libutils.a(mempool.o)
 .ARM.exidx     0x000000000001825c       0x10 /optee/optee_os/out/arm/export-ta_arm32/lib/libutils.a(consttime_memcmp.o)
                                          0x8 (size before relaxing)
                [!provide]                        PROVIDE (__exidx_end = .)

.ctors
 *(SORT_BY_ALIGNMENT(.ctors))

.dtors
 *(SORT_BY_ALIGNMENT(.dtors))

.dynsym         0x000000000001826c       0x60
 *(SORT_BY_ALIGNMENT(.dynsym))
 .dynsym        0x000000000001826c       0x60 ./ta1.o

.dynstr         0x00000000000182cc       0x2e
 *(SORT_BY_ALIGNMENT(.dynstr))
 .dynstr        0x00000000000182cc       0x2e ./ta1.o

.hash           0x00000000000182fc       0x2c
 *(SORT_BY_ALIGNMENT(.hash))
 .hash          0x00000000000182fc       0x2c ./ta1.o
                0x0000000000019000                . = ALIGN (0x1000)

.dynamic        0x0000000000019000       0x88
 *(SORT_BY_ALIGNMENT(.dynamic))
 .dynamic       0x0000000000019000       0x88 ./ta1.o
                0x0000000000019000                _DYNAMIC

.tdata
 *(SORT_BY_ALIGNMENT(.tdata) SORT_BY_ALIGNMENT(.tdata.*) SORT_BY_ALIGNMENT(.gnu.linkonce.td.*))

.tbss
 *(SORT_BY_ALIGNMENT(.tbss) SORT_BY_ALIGNMENT(.tbss.*) SORT_BY_ALIGNMENT(.gnu.linkonce.tb.*))
 *(SORT_BY_ALIGNMENT(.tcommon))

.got            0x0000000000019088       0x54
 *(SORT_BY_ALIGNMENT(.got.plt))
 .got.plt       0x0000000000019088        0xc ./ta1.o
                0x0000000000019088                _GLOBAL_OFFSET_TABLE_
 *(SORT_BY_ALIGNMENT(.got))
 .got           0x0000000000019094       0x48 ./ta1.o

.rel.text
 *(SORT_BY_ALIGNMENT(.rel.text))
 *(SORT_BY_ALIGNMENT(.rel.gnu.linkonce.t*))

.rela.text
 *(SORT_BY_ALIGNMENT(.rela.text))
 *(SORT_BY_ALIGNMENT(.rela.gnu.linkonce.t*))

.rel.data
 *(SORT_BY_ALIGNMENT(.rel.data))
 *(SORT_BY_ALIGNMENT(.rel.gnu.linkonce.d*))

.rela.data
 *(SORT_BY_ALIGNMENT(.rela.data))
 *(SORT_BY_ALIGNMENT(.rela.gnu.linkonce.d*))

.rel.tdata
 *(SORT_BY_ALIGNMENT(.rel.tdata) SORT_BY_ALIGNMENT(.rel.tdata.*) SORT_BY_ALIGNMENT(.rel.gnu.linkonce.td.*))

.rela.tdata
 *(SORT_BY_ALIGNMENT(.rela.tdata) SORT_BY_ALIGNMENT(.rela.tdata.*) SORT_BY_ALIGNMENT(.rela.gnu.linkonce.td.*))

.rel.tbss
 *(SORT_BY_ALIGNMENT(.rel.tbss) SORT_BY_ALIGNMENT(.rel.tbss.*) SORT_BY_ALIGNMENT(.rel.gnu.linkonce.tb.*))

.rela.tbss
 *(SORT_BY_ALIGNMENT(.rela.tbss) SORT_BY_ALIGNMENT(.rela.tbss.*) SORT_BY_ALIGNMENT(.rela.gnu.linkonce.tb.*))

.rel.rodata
 *(SORT_BY_ALIGNMENT(.rel.rodata))
 *(SORT_BY_ALIGNMENT(.rel.gnu.linkonce.r*))

.rela.rodata
 *(SORT_BY_ALIGNMENT(.rela.rodata))
 *(SORT_BY_ALIGNMENT(.rela.gnu.linkonce.r*))

.rel.dyn        0x00000000000190dc       0x98
 *(SORT_BY_ALIGNMENT(.rel.dyn))
 .rel.data.rel.ro
                0x00000000000190dc        0x0 ./ta1.o
 .rel.iplt      0x00000000000190dc        0x0 ./ta1.o
 .rel.data.rel.ro.local
                0x00000000000190dc       0x70 ./ta1.o
 .rel.data.rel.local
                0x000000000001914c       0x20 ./ta1.o
 .rel.data.rel  0x000000000001916c        0x8 ./ta1.o

.rel.got        0x0000000000019174       0x90
 *(SORT_BY_ALIGNMENT(.rel.got))
 .rel.got       0x0000000000019174       0x90 ./ta1.o

.rela.got
 *(SORT_BY_ALIGNMENT(.rela.got))

.rel.ctors
 *(SORT_BY_ALIGNMENT(.rel.ctors))

.rela.ctors
 *(SORT_BY_ALIGNMENT(.rela.ctors))

.rel.dtors
 *(SORT_BY_ALIGNMENT(.rel.dtors))

.rela.dtors
 *(SORT_BY_ALIGNMENT(.rela.dtors))

.rel.init
 *(SORT_BY_ALIGNMENT(.rel.init))

.rela.init
 *(SORT_BY_ALIGNMENT(.rela.init))

.rel.fini
 *(SORT_BY_ALIGNMENT(.rel.fini))

.rela.fini
 *(SORT_BY_ALIGNMENT(.rela.fini))

.rel.bss        0x0000000000019204        0x0
 *(SORT_BY_ALIGNMENT(.rel.bss))
 .rel.bss       0x0000000000019204        0x0 ./ta1.o

.rela.bss
 *(SORT_BY_ALIGNMENT(.rela.bss))

.rel.plt        0x0000000000019204        0x0
 *(SORT_BY_ALIGNMENT(.rel.plt))
 .rel.plt       0x0000000000019204        0x0 ./ta1.o

.rela.plt
 *(SORT_BY_ALIGNMENT(.rela.plt))

.data           0x0000000000019204      0x508
 *(SORT_BY_ALIGNMENT(.data) SORT_BY_ALIGNMENT(.data.*) SORT_BY_ALIGNMENT(.gnu.linkonce.d.*))
 .data          0x0000000000019204      0x440 ./spongent.o
                0x0000000000019204                S
                0x0000000000019244                sBoxLayer
 .data          0x0000000000019644        0x4 ./user_ta_header.o
                0x0000000000019644                trace_level
 .data.rel.ro.local
                0x0000000000019648       0x54 ./user_ta_header.o
                0x0000000000019648                ta_props
 .data.rel.local
                0x000000000001969c       0x5c /optee/optee_os/out/arm/export-ta_arm32/lib/libutils.a(bget_malloc.o)
 .data.rel.local
                0x00000000000196f8       0x10 /optee/optee_os/out/arm/export-ta_arm32/lib/libutee.a(user_ta_entry.o)
 .data.rel      0x0000000000019708        0x4 /optee/optee_os/out/arm/export-ta_arm32/lib/libmbedtls.a(platform_util.o)
 .data          0x000000000001970c        0x0 ./ta1.o
 .data.rel.ro   0x000000000001970c        0x0 ./ta1.o
 .data          0x000000000001970c        0x0 ./ta_entry_a32.o
 .data          0x000000000001970c        0x0 /optee/optee_os/out/arm/export-ta_arm32/lib/libutils.a(bget_malloc.o)
 .data          0x000000000001970c        0x0 /optee/optee_os/out/arm/export-ta_arm32/lib/libutils.a(memcmp.o)
 .data          0x000000000001970c        0x0 /optee/optee_os/out/arm/export-ta_arm32/lib/libutils.a(memcpy.o)
 .data          0x000000000001970c        0x0 /optee/optee_os/out/arm/export-ta_arm32/lib/libutils.a(memset.o)
 .data          0x000000000001970c        0x0 /optee/optee_os/out/arm/export-ta_arm32/lib/libutils.a(trace.o)
 .data          0x000000000001970c        0x0 /optee/optee_os/out/arm/export-ta_arm32/lib/libutils.a(aeabi_unwind.o)
 .data          0x000000000001970c        0x0 /optee/optee_os/out/arm/export-ta_arm32/lib/libutils.a(snprintk.o)
 .data          0x000000000001970c        0x0 /optee/optee_os/out/arm/export-ta_arm32/lib/libutils.a(memchr.o)
 .data          0x000000000001970c        0x0 /optee/optee_os/out/arm/export-ta_arm32/lib/libutils.a(strlen.o)
 .data          0x000000000001970c        0x0 /optee/optee_os/out/arm/export-ta_arm32/lib/libutils.a(arm32_aeabi_ldivmod_a32.o)
 .data          0x000000000001970c        0x0 /optee/optee_os/out/arm/export-ta_arm32/lib/libutils.a(arm32_aeabi_ldivmod.o)
 .data          0x000000000001970c        0x0 /optee/optee_os/out/arm/export-ta_arm32/lib/libutee.a(assert.o)
 .data          0x000000000001970c        0x0 /optee/optee_os/out/arm/export-ta_arm32/lib/libutee.a(trace_ext.o)
 .data          0x000000000001970c        0x0 /optee/optee_os/out/arm/export-ta_arm32/lib/libutee.a(tee_api.o)
 .data          0x000000000001970c        0x0 /optee/optee_os/out/arm/export-ta_arm32/lib/libutee.a(tee_api_objects.o)
 .data          0x000000000001970c        0x0 /optee/optee_os/out/arm/export-ta_arm32/lib/libutee.a(tee_api_operations.o)
 .data          0x000000000001970c        0x0 /optee/optee_os/out/arm/export-ta_arm32/lib/libutee.a(tee_api_panic.o)
 .data          0x000000000001970c        0x0 /optee/optee_os/out/arm/export-ta_arm32/lib/libutee.a(tee_system_pta.o)
 .data          0x000000000001970c        0x0 /optee/optee_os/out/arm/export-ta_arm32/lib/libutee.a(utee_syscalls_a32.o)
 .data          0x000000000001970c        0x0 /optee/optee_os/out/arm/export-ta_arm32/lib/libutee.a(user_ta_entry.o)
 .data          0x000000000001970c        0x0 /optee/optee_os/out/arm/export-ta_arm32/lib/libutee.a(abort.o)
 .data          0x000000000001970c        0x0 /optee/optee_os/out/arm/export-ta_arm32/lib/libutee.a(tee_api_arith_mpi.o)
 .data          0x000000000001970c        0x0 /optee/optee_os/out/arm/export-ta_arm32/lib/libutee.a(tcb.o)
 .data          0x000000000001970c        0x0 /optee/optee_os/out/arm/export-ta_arm32/lib/libmbedtls.a(bignum.o)
 .data          0x000000000001970c        0x0 /optee/optee_os/out/arm/export-ta_arm32/lib/libmbedtls.a(platform_util.o)
 .data          0x000000000001970c        0x0 /optee/optee_os/out/arm/export-ta_arm32/lib/libutils.a(snprintf.o)
 .data          0x000000000001970c        0x0 /optee/optee_os/out/arm/export-ta_arm32/lib/libutils.a(memmove.o)
 .data          0x000000000001970c        0x0 /optee/optee_os/out/arm/export-ta_arm32/lib/libutils.a(mempool.o)
 .data          0x000000000001970c        0x0 /optee/optee_os/out/arm/export-ta_arm32/lib/libutils.a(consttime_memcmp.o)

.igot.plt       0x000000000001970c        0x0
 .igot.plt      0x000000000001970c        0x0 ./ta1.o

.bss            0x000000000001970c     0xb064
 *(SORT_BY_ALIGNMENT(.bss) SORT_BY_ALIGNMENT(.bss.*) SORT_BY_ALIGNMENT(.gnu.linkonce.b.*) SORT_BY_ALIGNMENT(COMMON))
 .bss           0x000000000001970c       0x18 ./ta1.o
                0x000000000001970c                total_node
                0x0000000000019710                module_key
 .bss           0x0000000000019724     0x8000 ./user_ta_header.o
                0x0000000000019724                ta_heap
 .bss           0x0000000000021724        0x4 /optee/optee_os/out/arm/export-ta_arm32/lib/libutee.a(tee_api.o)
 .bss           0x0000000000021728        0x4 /optee/optee_os/out/arm/export-ta_arm32/lib/libutee.a(tee_system_pta.o)
 .bss           0x000000000002172c       0x38 /optee/optee_os/out/arm/export-ta_arm32/lib/libutee.a(user_ta_entry.o)
                0x000000000002172c                ta_param_types
                0x0000000000021730                ta_params
                0x0000000000021750                __elf_phdr_info
 .bss           0x0000000000021764     0x3000 /optee/optee_os/out/arm/export-ta_arm32/lib/libutee.a(tee_api_arith_mpi.o)
 .bss           0x0000000000024764        0x8 /optee/optee_os/out/arm/export-ta_arm32/lib/libutee.a(tcb.o)
 .bss           0x000000000002476c        0x4 /optee/optee_os/out/arm/export-ta_arm32/lib/libmbedtls.a(bignum.o)
                0x000000000002476c                mbedtls_mpi_mempool
 .bss           0x0000000000024770        0x0 ./spongent.o
 .bss           0x0000000000024770        0x0 ./ta_entry_a32.o
 .bss           0x0000000000024770        0x0 /optee/optee_os/out/arm/export-ta_arm32/lib/libutils.a(bget_malloc.o)
 .bss           0x0000000000024770        0x0 /optee/optee_os/out/arm/export-ta_arm32/lib/libutils.a(memcmp.o)
 .bss           0x0000000000024770        0x0 /optee/optee_os/out/arm/export-ta_arm32/lib/libutils.a(memcpy.o)
 .bss           0x0000000000024770        0x0 /optee/optee_os/out/arm/export-ta_arm32/lib/libutils.a(memset.o)
 .bss           0x0000000000024770        0x0 /optee/optee_os/out/arm/export-ta_arm32/lib/libutils.a(trace.o)
 .bss           0x0000000000024770        0x0 /optee/optee_os/out/arm/export-ta_arm32/lib/libutils.a(aeabi_unwind.o)
 .bss           0x0000000000024770        0x0 /optee/optee_os/out/arm/export-ta_arm32/lib/libutils.a(snprintk.o)
 .bss           0x0000000000024770        0x0 /optee/optee_os/out/arm/export-ta_arm32/lib/libutils.a(memchr.o)
 .bss           0x0000000000024770        0x0 /optee/optee_os/out/arm/export-ta_arm32/lib/libutils.a(strlen.o)
 .bss           0x0000000000024770        0x0 /optee/optee_os/out/arm/export-ta_arm32/lib/libutils.a(arm32_aeabi_ldivmod_a32.o)
 .bss           0x0000000000024770        0x0 /optee/optee_os/out/arm/export-ta_arm32/lib/libutils.a(arm32_aeabi_ldivmod.o)
 .bss           0x0000000000024770        0x0 /optee/optee_os/out/arm/export-ta_arm32/lib/libutee.a(assert.o)
 .bss           0x0000000000024770        0x0 /optee/optee_os/out/arm/export-ta_arm32/lib/libutee.a(trace_ext.o)
 .bss           0x0000000000024770        0x0 /optee/optee_os/out/arm/export-ta_arm32/lib/libutee.a(tee_api_objects.o)
 .bss           0x0000000000024770        0x0 /optee/optee_os/out/arm/export-ta_arm32/lib/libutee.a(tee_api_operations.o)
 .bss           0x0000000000024770        0x0 /optee/optee_os/out/arm/export-ta_arm32/lib/libutee.a(tee_api_panic.o)
 .bss           0x0000000000024770        0x0 /optee/optee_os/out/arm/export-ta_arm32/lib/libutee.a(utee_syscalls_a32.o)
 .bss           0x0000000000024770        0x0 /optee/optee_os/out/arm/export-ta_arm32/lib/libutee.a(abort.o)
 .bss           0x0000000000024770        0x0 /optee/optee_os/out/arm/export-ta_arm32/lib/libmbedtls.a(platform_util.o)
 .bss           0x0000000000024770        0x0 /optee/optee_os/out/arm/export-ta_arm32/lib/libutils.a(snprintf.o)
 .bss           0x0000000000024770        0x0 /optee/optee_os/out/arm/export-ta_arm32/lib/libutils.a(memmove.o)
 .bss           0x0000000000024770        0x0 /optee/optee_os/out/arm/export-ta_arm32/lib/libutils.a(mempool.o)
 .bss           0x0000000000024770        0x0 /optee/optee_os/out/arm/export-ta_arm32/lib/libutils.a(consttime_memcmp.o)
                0x0000000000024770                . = ALIGN (0x8)
                0x0000000000024770                __ftrace_buf_start = .
                0x0000000000024770                . = (. + DEFINED (__gnu_mcount_nc)?0x800:0x0)
                0x0000000000024770                __ftrace_buf_end = .

.dynbss         0x0000000000024770        0x0
 .dynbss        0x0000000000024770        0x0 ./ta1.o

/DISCARD/
 *(SORT_BY_ALIGNMENT(.interp))
LOAD ./ta1.o
LOAD ./spongent.o
LOAD ./user_ta_header.o
LOAD ./ta_entry_a32.o
START GROUP
LOAD /optee/optee_os/out/arm/export-ta_arm32/lib/libutils.a
LOAD /optee/optee_os/out/arm/export-ta_arm32/lib/libutee.a
LOAD /optee/optee_os/out/arm/export-ta_arm32/lib/libmbedtls.a
LOAD /optee/optee_os/out/arm/export-ta_arm32/lib/libdl.a
END GROUP
LOAD /optee/toolchains/aarch32/bin/../lib/gcc/arm-none-linux-gnueabihf/10.2.1/libgcc.a
LOAD /optee/optee_os/out/arm/export-ta_arm32/lib/libutils.a
OUTPUT(d3bc8433-2eb5-4c00-a005-3f87c1d3b405.elf elf32-littlearm)
LOAD linker stubs

.debug_info     0x0000000000000000     0xd879
 .debug_info    0x0000000000000000     0x1186 ./ta1.o
 .debug_info    0x0000000000001186      0x84e ./spongent.o
 .debug_info    0x00000000000019d4      0x3a5 ./user_ta_header.o
 .debug_info    0x0000000000001d79       0x26 ./ta_entry_a32.o
 .debug_info    0x0000000000001d9f     0x1459 /optee/optee_os/out/arm/export-ta_arm32/lib/libutils.a(bget_malloc.o)
 .debug_info    0x00000000000031f8       0xe1 /optee/optee_os/out/arm/export-ta_arm32/lib/libutils.a(memcmp.o)
 .debug_info    0x00000000000032d9      0x101 /optee/optee_os/out/arm/export-ta_arm32/lib/libutils.a(memcpy.o)
 .debug_info    0x00000000000033da       0xe7 /optee/optee_os/out/arm/export-ta_arm32/lib/libutils.a(memset.o)
 .debug_info    0x00000000000034c1      0x3b9 /optee/optee_os/out/arm/export-ta_arm32/lib/libutils.a(trace.o)
 .debug_info    0x000000000000387a       0x60 /optee/optee_os/out/arm/export-ta_arm32/lib/libutils.a(aeabi_unwind.o)
 .debug_info    0x00000000000038da      0x58e /optee/optee_os/out/arm/export-ta_arm32/lib/libutils.a(snprintk.o)
 .debug_info    0x0000000000003e68       0xf9 /optee/optee_os/out/arm/export-ta_arm32/lib/libutils.a(memchr.o)
 .debug_info    0x0000000000003f61       0xab /optee/optee_os/out/arm/export-ta_arm32/lib/libutils.a(strlen.o)
 .debug_info    0x000000000000400c       0x22 /optee/optee_os/out/arm/export-ta_arm32/lib/libutils.a(arm32_aeabi_ldivmod_a32.o)
 .debug_info    0x000000000000402e      0x218 /optee/optee_os/out/arm/export-ta_arm32/lib/libutils.a(arm32_aeabi_ldivmod.o)
 .debug_info    0x0000000000004246       0xf3 /optee/optee_os/out/arm/export-ta_arm32/lib/libutee.a(assert.o)
 .debug_info    0x0000000000004339      0x1ca /optee/optee_os/out/arm/export-ta_arm32/lib/libutee.a(trace_ext.o)
 .debug_info    0x0000000000004503      0xbbd /optee/optee_os/out/arm/export-ta_arm32/lib/libutee.a(tee_api.o)
 .debug_info    0x00000000000050c0      0xf06 /optee/optee_os/out/arm/export-ta_arm32/lib/libutee.a(tee_api_objects.o)
 .debug_info    0x0000000000005fc6     0x187d /optee/optee_os/out/arm/export-ta_arm32/lib/libutee.a(tee_api_operations.o)
 .debug_info    0x0000000000007843      0x32f /optee/optee_os/out/arm/export-ta_arm32/lib/libutee.a(tee_api_panic.o)
 .debug_info    0x0000000000007b72      0x4a9 /optee/optee_os/out/arm/export-ta_arm32/lib/libutee.a(tee_system_pta.o)
 .debug_info    0x000000000000801b       0x22 /optee/optee_os/out/arm/export-ta_arm32/lib/libutee.a(utee_syscalls_a32.o)
 .debug_info    0x000000000000803d      0xca2 /optee/optee_os/out/arm/export-ta_arm32/lib/libutee.a(user_ta_entry.o)
 .debug_info    0x0000000000008cdf       0x90 /optee/optee_os/out/arm/export-ta_arm32/lib/libutee.a(abort.o)
 .debug_info    0x0000000000008d6f     0x1d3a /optee/optee_os/out/arm/export-ta_arm32/lib/libutee.a(tee_api_arith_mpi.o)
 .debug_info    0x000000000000aaa9      0x492 /optee/optee_os/out/arm/export-ta_arm32/lib/libutee.a(tcb.o)
 .debug_info    0x000000000000af3b     0x21a4 /optee/optee_os/out/arm/export-ta_arm32/lib/libmbedtls.a(bignum.o)
 .debug_info    0x000000000000d0df       0xf1 /optee/optee_os/out/arm/export-ta_arm32/lib/libmbedtls.a(platform_util.o)
 .debug_info    0x000000000000d1d0      0x143 /optee/optee_os/out/arm/export-ta_arm32/lib/libutils.a(snprintf.o)
 .debug_info    0x000000000000d313      0x101 /optee/optee_os/out/arm/export-ta_arm32/lib/libutils.a(memmove.o)
 .debug_info    0x000000000000d414      0x373 /optee/optee_os/out/arm/export-ta_arm32/lib/libutils.a(mempool.o)
 .debug_info    0x000000000000d787       0xf2 /optee/optee_os/out/arm/export-ta_arm32/lib/libutils.a(consttime_memcmp.o)

.debug_abbrev   0x0000000000000000     0x2c17
 .debug_abbrev  0x0000000000000000      0x2a9 ./ta1.o
 .debug_abbrev  0x00000000000002a9      0x246 ./spongent.o
 .debug_abbrev  0x00000000000004ef      0x174 ./user_ta_header.o
 .debug_abbrev  0x0000000000000663       0x14 ./ta_entry_a32.o
 .debug_abbrev  0x0000000000000677      0x2cc /optee/optee_os/out/arm/export-ta_arm32/lib/libutils.a(bget_malloc.o)
 .debug_abbrev  0x0000000000000943       0x8a /optee/optee_os/out/arm/export-ta_arm32/lib/libutils.a(memcmp.o)
 .debug_abbrev  0x00000000000009cd       0xa9 /optee/optee_os/out/arm/export-ta_arm32/lib/libutils.a(memcpy.o)
 .debug_abbrev  0x0000000000000a76       0x9d /optee/optee_os/out/arm/export-ta_arm32/lib/libutils.a(memset.o)
 .debug_abbrev  0x0000000000000b13      0x1af /optee/optee_os/out/arm/export-ta_arm32/lib/libutils.a(trace.o)
 .debug_abbrev  0x0000000000000cc2       0x31 /optee/optee_os/out/arm/export-ta_arm32/lib/libutils.a(aeabi_unwind.o)
 .debug_abbrev  0x0000000000000cf3      0x1b6 /optee/optee_os/out/arm/export-ta_arm32/lib/libutils.a(snprintk.o)
 .debug_abbrev  0x0000000000000ea9       0xba /optee/optee_os/out/arm/export-ta_arm32/lib/libutils.a(memchr.o)
 .debug_abbrev  0x0000000000000f63       0x8c /optee/optee_os/out/arm/export-ta_arm32/lib/libutils.a(strlen.o)
 .debug_abbrev  0x0000000000000fef       0x12 /optee/optee_os/out/arm/export-ta_arm32/lib/libutils.a(arm32_aeabi_ldivmod_a32.o)
 .debug_abbrev  0x0000000000001001       0xf0 /optee/optee_os/out/arm/export-ta_arm32/lib/libutils.a(arm32_aeabi_ldivmod.o)
 .debug_abbrev  0x00000000000010f1       0x87 /optee/optee_os/out/arm/export-ta_arm32/lib/libutee.a(assert.o)
 .debug_abbrev  0x0000000000001178      0x10d /optee/optee_os/out/arm/export-ta_arm32/lib/libutee.a(trace_ext.o)
 .debug_abbrev  0x0000000000001285      0x296 /optee/optee_os/out/arm/export-ta_arm32/lib/libutee.a(tee_api.o)
 .debug_abbrev  0x000000000000151b      0x255 /optee/optee_os/out/arm/export-ta_arm32/lib/libutee.a(tee_api_objects.o)
 .debug_abbrev  0x0000000000001770      0x2d7 /optee/optee_os/out/arm/export-ta_arm32/lib/libutee.a(tee_api_operations.o)
 .debug_abbrev  0x0000000000001a47      0x13f /optee/optee_os/out/arm/export-ta_arm32/lib/libutee.a(tee_api_panic.o)
 .debug_abbrev  0x0000000000001b86      0x185 /optee/optee_os/out/arm/export-ta_arm32/lib/libutee.a(tee_system_pta.o)
 .debug_abbrev  0x0000000000001d0b       0x12 /optee/optee_os/out/arm/export-ta_arm32/lib/libutee.a(utee_syscalls_a32.o)
 .debug_abbrev  0x0000000000001d1d      0x2ef /optee/optee_os/out/arm/export-ta_arm32/lib/libutee.a(user_ta_entry.o)
 .debug_abbrev  0x000000000000200c       0x4a /optee/optee_os/out/arm/export-ta_arm32/lib/libutee.a(abort.o)
 .debug_abbrev  0x0000000000002056      0x305 /optee/optee_os/out/arm/export-ta_arm32/lib/libutee.a(tee_api_arith_mpi.o)
 .debug_abbrev  0x000000000000235b      0x1a9 /optee/optee_os/out/arm/export-ta_arm32/lib/libutee.a(tcb.o)
 .debug_abbrev  0x0000000000002504      0x2d5 /optee/optee_os/out/arm/export-ta_arm32/lib/libmbedtls.a(bignum.o)
 .debug_abbrev  0x00000000000027d9       0xa8 /optee/optee_os/out/arm/export-ta_arm32/lib/libmbedtls.a(platform_util.o)
 .debug_abbrev  0x0000000000002881       0xf2 /optee/optee_os/out/arm/export-ta_arm32/lib/libutils.a(snprintf.o)
 .debug_abbrev  0x0000000000002973       0xa9 /optee/optee_os/out/arm/export-ta_arm32/lib/libutils.a(memmove.o)
 .debug_abbrev  0x0000000000002a1c      0x163 /optee/optee_os/out/arm/export-ta_arm32/lib/libutils.a(mempool.o)
 .debug_abbrev  0x0000000000002b7f       0x98 /optee/optee_os/out/arm/export-ta_arm32/lib/libutils.a(consttime_memcmp.o)

.debug_aranges  0x0000000000000000      0x5e8
 .debug_aranges
                0x0000000000000000       0x20 ./ta1.o
 .debug_aranges
                0x0000000000000020       0x20 ./spongent.o
 .debug_aranges
                0x0000000000000040       0x20 ./user_ta_header.o
 .debug_aranges
                0x0000000000000060       0x20 ./ta_entry_a32.o
 .debug_aranges
                0x0000000000000080       0x20 /optee/optee_os/out/arm/export-ta_arm32/lib/libutils.a(bget_malloc.o)
 .debug_aranges
                0x00000000000000a0       0x20 /optee/optee_os/out/arm/export-ta_arm32/lib/libutils.a(memcmp.o)
 .debug_aranges
                0x00000000000000c0       0x20 /optee/optee_os/out/arm/export-ta_arm32/lib/libutils.a(memcpy.o)
 .debug_aranges
                0x00000000000000e0       0x20 /optee/optee_os/out/arm/export-ta_arm32/lib/libutils.a(memset.o)
 .debug_aranges
                0x0000000000000100       0x20 /optee/optee_os/out/arm/export-ta_arm32/lib/libutils.a(trace.o)
 .debug_aranges
                0x0000000000000120       0x20 /optee/optee_os/out/arm/export-ta_arm32/lib/libutils.a(aeabi_unwind.o)
 .debug_aranges
                0x0000000000000140       0x20 /optee/optee_os/out/arm/export-ta_arm32/lib/libutils.a(snprintk.o)
 .debug_aranges
                0x0000000000000160       0x20 /optee/optee_os/out/arm/export-ta_arm32/lib/libutils.a(memchr.o)
 .debug_aranges
                0x0000000000000180       0x20 /optee/optee_os/out/arm/export-ta_arm32/lib/libutils.a(strlen.o)
 .debug_aranges
                0x00000000000001a0       0x28 /optee/optee_os/out/arm/export-ta_arm32/lib/libutils.a(arm32_aeabi_ldivmod_a32.o)
 .debug_aranges
                0x00000000000001c8       0x20 /optee/optee_os/out/arm/export-ta_arm32/lib/libutils.a(arm32_aeabi_ldivmod.o)
 .debug_aranges
                0x00000000000001e8       0x20 /optee/optee_os/out/arm/export-ta_arm32/lib/libutee.a(assert.o)
 .debug_aranges
                0x0000000000000208       0x20 /optee/optee_os/out/arm/export-ta_arm32/lib/libutee.a(trace_ext.o)
 .debug_aranges
                0x0000000000000228       0x20 /optee/optee_os/out/arm/export-ta_arm32/lib/libutee.a(tee_api.o)
 .debug_aranges
                0x0000000000000248       0x20 /optee/optee_os/out/arm/export-ta_arm32/lib/libutee.a(tee_api_objects.o)
 .debug_aranges
                0x0000000000000268       0x20 /optee/optee_os/out/arm/export-ta_arm32/lib/libutee.a(tee_api_operations.o)
 .debug_aranges
                0x0000000000000288       0x20 /optee/optee_os/out/arm/export-ta_arm32/lib/libutee.a(tee_api_panic.o)
 .debug_aranges
                0x00000000000002a8       0x20 /optee/optee_os/out/arm/export-ta_arm32/lib/libutee.a(tee_system_pta.o)
 .debug_aranges
                0x00000000000002c8      0x1e0 /optee/optee_os/out/arm/export-ta_arm32/lib/libutee.a(utee_syscalls_a32.o)
 .debug_aranges
                0x00000000000004a8       0x20 /optee/optee_os/out/arm/export-ta_arm32/lib/libutee.a(user_ta_entry.o)
 .debug_aranges
                0x00000000000004c8       0x20 /optee/optee_os/out/arm/export-ta_arm32/lib/libutee.a(abort.o)
 .debug_aranges
                0x00000000000004e8       0x20 /optee/optee_os/out/arm/export-ta_arm32/lib/libutee.a(tee_api_arith_mpi.o)
 .debug_aranges
                0x0000000000000508       0x20 /optee/optee_os/out/arm/export-ta_arm32/lib/libutee.a(tcb.o)
 .debug_aranges
                0x0000000000000528       0x20 /optee/optee_os/out/arm/export-ta_arm32/lib/libmbedtls.a(bignum.o)
 .debug_aranges
                0x0000000000000548       0x20 /optee/optee_os/out/arm/export-ta_arm32/lib/libmbedtls.a(platform_util.o)
 .debug_aranges
                0x0000000000000568       0x20 /optee/optee_os/out/arm/export-ta_arm32/lib/libutils.a(snprintf.o)
 .debug_aranges
                0x0000000000000588       0x20 /optee/optee_os/out/arm/export-ta_arm32/lib/libutils.a(memmove.o)
 .debug_aranges